18:12:58 **** Incremental Build of configuration Debug for project STM32F407x_GPIO_Driver ****
make all 
Building file: ../src/main.c
Invoking: GNU ARM Cross C Compiler
arm-none-eabi-gcc -mcpu=cortex-m4 -mthumb -Og -fmessage-length=0 -fsigned-char -ffunction-sections -fdata-sections -ffreestanding -fno-move-loop-invariants -Wall -Wextra  -g3 -DDEBUG -DSTM32F446xx -DTRACE -I"../include" -I"../system/include" -I"../system/include/cmsis" -I"../system/include/stm32f4xx" -std=gnu11 -MMD -MP -MF"src/main.d" -MT"src/main.o" -c -o "src/main.o" "../src/main.c"
Finished building: ../src/main.c
 
Building target: STM32F407x_GPIO_Driver.elf
Invoking: GNU ARM Cross C++ Linker
arm-none-eabi-g++ -mcpu=cortex-m4 -mthumb -Og -fmessage-length=0 -fsigned-char -ffunction-sections -fdata-sections -ffreestanding -fno-move-loop-invariants -Wall -Wextra  -g3 -T mem.ld -T libs.ld -T sections.ld -nostartfiles -Xlinker --gc-sections -L"../ldscripts" -Wl,-Map,"STM32F407x_GPIO_Driver.map" --specs=nano.specs -o "STM32F407x_GPIO_Driver.elf"  ./system/src/stm32f4xx/gpio_driver.o  ./system/src/newlib/_cxx.o ./system/src/newlib/_exit.o ./system/src/newlib/_sbrk.o ./system/src/newlib/_startup.o ./system/src/newlib/_syscalls.o ./system/src/newlib/assert.o  ./system/src/diag/Trace.o ./system/src/diag/trace_impl.o  ./system/src/cortexm/_initialize_hardware.o ./system/src/cortexm/_reset_hardware.o ./system/src/cortexm/exception_handlers.o  ./system/src/cmsis/startup_stm32f446xx.o ./system/src/cmsis/system_stm32f4xx.o  ./src/main.o   
Finished building target: STM32F407x_GPIO_Driver.elf
 
Invoking: GNU ARM Cross Create Flash Image
arm-none-eabi-objcopy -O ihex "STM32F407x_GPIO_Driver.elf"  "STM32F407x_GPIO_Driver.hex"
Finished building: STM32F407x_GPIO_Driver.hex
 
Invoking: GNU ARM Cross Print Size
arm-none-eabi-size --format=berkeley "STM32F407x_GPIO_Driver.elf"
   text	   data	    bss	    dec	    hex	filename
   4155	    160	    412	   4727	   1277	STM32F407x_GPIO_Driver.elf
Finished building: STM32F407x_GPIO_Driver.siz
 
16:57:08 **** Clean-only build of configuration Debug for project FreeRTOS-HelloWorld ****
make clean 
rm -rf  ./system/src/newlib/_cxx.o ./system/src/newlib/_exit.o ./system/src/newlib/_sbrk.o ./system/src/newlib/_startup.o ./system/src/newlib/_syscalls.o ./system/src/newlib/assert.o  ./system/src/diag/Trace.o ./system/src/diag/trace_impl.o  ./system/src/cortexm/_initialize_hardware.o ./system/src/cortexm/_reset_hardware.o ./system/src/cortexm/exception_handlers.o  ./system/src/cmsis/startup_stm32f446xx.o ./system/src/cmsis/system_stm32f4xx.o  ./src/_write.o ./src/main.o  ./TraceRecorderLib/trcKernelPort.o ./TraceRecorderLib/trcSnapshotRecorder.o ./TraceRecorderLib/trcStreamingRecorder.o  ./FreeRTOSv9.0/Source/portable/MemMang/heap_4.o  ./FreeRTOSv9.0/Source/portable/GCC/ARM_CM4F/port.o  ./FreeRTOSv9.0/Source/croutine.o ./FreeRTOSv9.0/Source/event_groups.o ./FreeRTOSv9.0/Source/list.o ./FreeRTOSv9.0/Source/queue.o ./FreeRTOSv9.0/Source/tasks.o ./FreeRTOSv9.0/Source/timers.o  FreeRTOS-HelloWorld.hex  FreeRTOS-HelloWorld.siz  ./system/src/cmsis/startup_stm32f446xx.d  ./system/src/newlib/_exit.d ./system/src/newlib/_sbrk.d ./system/src/newlib/_startup.d ./system/src/newlib/_syscalls.d ./system/src/newlib/assert.d  ./system/src/diag/Trace.d ./system/src/diag/trace_impl.d  ./system/src/cortexm/_initialize_hardware.d ./system/src/cortexm/_reset_hardware.d ./system/src/cortexm/exception_handlers.d  ./system/src/cmsis/system_stm32f4xx.d  ./src/_write.d ./src/main.d  ./TraceRecorderLib/trcKernelPort.d ./TraceRecorderLib/trcSnapshotRecorder.d ./TraceRecorderLib/trcStreamingRecorder.d  ./FreeRTOSv9.0/Source/portable/MemMang/heap_4.d  ./FreeRTOSv9.0/Source/portable/GCC/ARM_CM4F/port.d  ./FreeRTOSv9.0/Source/croutine.d ./FreeRTOSv9.0/Source/event_groups.d ./FreeRTOSv9.0/Source/list.d ./FreeRTOSv9.0/Source/queue.d ./FreeRTOSv9.0/Source/tasks.d ./FreeRTOSv9.0/Source/timers.d  ./system/src/newlib/_cxx.d  FreeRTOS-HelloWorld.elf
 
16:57:10 **** Clean-only build of configuration Debug for project Ram_exe ****
make clean 
rm -rf  ./system/src/stm32f4-hal/stm32f4xx_hal.o ./system/src/stm32f4-hal/stm32f4xx_hal_cortex.o ./system/src/stm32f4-hal/stm32f4xx_hal_dfsdm.o ./system/src/stm32f4-hal/stm32f4xx_hal_flash.o ./system/src/stm32f4-hal/stm32f4xx_hal_gpio.o ./system/src/stm32f4-hal/stm32f4xx_hal_iwdg.o ./system/src/stm32f4-hal/stm32f4xx_hal_pwr.o ./system/src/stm32f4-hal/stm32f4xx_hal_rcc.o  ./system/src/newlib/_cxx.o ./system/src/newlib/_exit.o ./system/src/newlib/_sbrk.o ./system/src/newlib/_startup.o ./system/src/newlib/_syscalls.o ./system/src/newlib/assert.o  ./system/src/diag/Trace.o ./system/src/diag/trace_impl.o  ./system/src/cortexm/_initialize_hardware.o ./system/src/cortexm/_reset_hardware.o ./system/src/cortexm/exception_handlers.o  ./system/src/cmsis/system_stm32f4xx.o ./system/src/cmsis/vectors_stm32f407xx.o  ./src/BlinkLed.o ./src/Timer.o ./src/_initialize_hardware.o ./src/_write.o ./src/main.o ./src/stm32f4xx_hal_msp.o  Ram_exe.hex  Ram_exe.siz  ./system/src/stm32f4-hal/stm32f4xx_hal.d ./system/src/stm32f4-hal/stm32f4xx_hal_cortex.d ./system/src/stm32f4-hal/stm32f4xx_hal_dfsdm.d ./system/src/stm32f4-hal/stm32f4xx_hal_flash.d ./system/src/stm32f4-hal/stm32f4xx_hal_gpio.d ./system/src/stm32f4-hal/stm32f4xx_hal_iwdg.d ./system/src/stm32f4-hal/stm32f4xx_hal_pwr.d ./system/src/stm32f4-hal/stm32f4xx_hal_rcc.d  ./system/src/newlib/_exit.d ./system/src/newlib/_sbrk.d ./system/src/newlib/_startup.d ./system/src/newlib/_syscalls.d ./system/src/newlib/assert.d  ./system/src/diag/Trace.d ./system/src/diag/trace_impl.d  ./system/src/cortexm/_initialize_hardware.d ./system/src/cortexm/_reset_hardware.d ./system/src/cortexm/exception_handlers.d  ./system/src/cmsis/system_stm32f4xx.d ./system/src/cmsis/vectors_stm32f407xx.d  ./src/BlinkLed.d ./src/Timer.d ./src/_initialize_hardware.d ./src/_write.d ./src/main.d ./src/stm32f4xx_hal_msp.d  ./system/src/newlib/_cxx.d  Ram_exe.elf
 
16:57:11 **** Clean-only build of configuration Debug for project STM32F407x_GPIO_Driver ****
make clean 
rm -rf  ./system/src/stm32f4xx/gpio_driver.o  ./system/src/newlib/_cxx.o ./system/src/newlib/_exit.o ./system/src/newlib/_sbrk.o ./system/src/newlib/_startup.o ./system/src/newlib/_syscalls.o ./system/src/newlib/assert.o  ./system/src/diag/Trace.o ./system/src/diag/trace_impl.o  ./system/src/cortexm/_initialize_hardware.o ./system/src/cortexm/_reset_hardware.o ./system/src/cortexm/exception_handlers.o  ./system/src/cmsis/startup_stm32f446xx.o ./system/src/cmsis/system_stm32f4xx.o  ./src/main.o  STM32F407x_GPIO_Driver.hex  STM32F407x_GPIO_Driver.siz  ./system/src/cmsis/startup_stm32f446xx.d  ./system/src/stm32f4xx/gpio_driver.d  ./system/src/newlib/_exit.d ./system/src/newlib/_sbrk.d ./system/src/newlib/_startup.d ./system/src/newlib/_syscalls.d ./system/src/newlib/assert.d  ./system/src/diag/Trace.d ./system/src/diag/trace_impl.d  ./system/src/cortexm/_initialize_hardware.d ./system/src/cortexm/_reset_hardware.d ./system/src/cortexm/exception_handlers.d  ./system/src/cmsis/system_stm32f4xx.d  ./src/main.d  ./system/src/newlib/_cxx.d  STM32F407x_GPIO_Driver.elf
 
16:57:12 **** Clean-only build of configuration Debug for project blinky-STM32F4_NUCLEO ****
make clean 
rm -rf  ./system/src/stm32f4xx/stm32f4xx_hal.o ./system/src/stm32f4xx/stm32f4xx_hal_cortex.o ./system/src/stm32f4xx/stm32f4xx_hal_dma.o ./system/src/stm32f4xx/stm32f4xx_hal_dma_ex.o ./system/src/stm32f4xx/stm32f4xx_hal_flash.o ./system/src/stm32f4xx/stm32f4xx_hal_flash_ex.o ./system/src/stm32f4xx/stm32f4xx_hal_flash_ramfunc.o ./system/src/stm32f4xx/stm32f4xx_hal_gpio.o ./system/src/stm32f4xx/stm32f4xx_hal_pwr.o ./system/src/stm32f4xx/stm32f4xx_hal_pwr_ex.o ./system/src/stm32f4xx/stm32f4xx_hal_rcc.o ./system/src/stm32f4xx/stm32f4xx_hal_rcc_ex.o ./system/src/stm32f4xx/stm32f4xx_hal_tim.o ./system/src/stm32f4xx/stm32f4xx_hal_tim_ex.o  ./system/src/newlib/_cxx.o ./system/src/newlib/_exit.o ./system/src/newlib/_sbrk.o ./system/src/newlib/_startup.o ./system/src/newlib/_syscalls.o ./system/src/newlib/assert.o  ./system/src/diag/Trace.o ./system/src/diag/trace_impl.o  ./system/src/cortexm/_initialize_hardware.o ./system/src/cortexm/_reset_hardware.o ./system/src/cortexm/exception_handlers.o  ./system/src/cmsis/system_stm32f4xx.o ./system/src/cmsis/vectors_stm32f4xx.o  ./src/Timer.o ./src/_write.o ./src/main.o  blinky-STM32F4_NUCLEO.hex  blinky-STM32F4_NUCLEO.siz  ./system/src/stm32f4xx/stm32f4xx_hal.d ./system/src/stm32f4xx/stm32f4xx_hal_cortex.d ./system/src/stm32f4xx/stm32f4xx_hal_dma.d ./system/src/stm32f4xx/stm32f4xx_hal_dma_ex.d ./system/src/stm32f4xx/stm32f4xx_hal_flash.d ./system/src/stm32f4xx/stm32f4xx_hal_flash_ex.d ./system/src/stm32f4xx/stm32f4xx_hal_flash_ramfunc.d ./system/src/stm32f4xx/stm32f4xx_hal_gpio.d ./system/src/stm32f4xx/stm32f4xx_hal_pwr.d ./system/src/stm32f4xx/stm32f4xx_hal_pwr_ex.d ./system/src/stm32f4xx/stm32f4xx_hal_rcc.d ./system/src/stm32f4xx/stm32f4xx_hal_rcc_ex.d ./system/src/stm32f4xx/stm32f4xx_hal_tim.d ./system/src/stm32f4xx/stm32f4xx_hal_tim_ex.d  ./system/src/newlib/_exit.d ./system/src/newlib/_sbrk.d ./system/src/newlib/_startup.d ./system/src/newlib/_syscalls.d ./system/src/newlib/assert.d  ./system/src/diag/Trace.d ./system/src/diag/trace_impl.d  ./system/src/cortexm/_initialize_hardware.d ./system/src/cortexm/_reset_hardware.d ./system/src/cortexm/exception_handlers.d  ./system/src/cmsis/system_stm32f4xx.d ./system/src/cmsis/vectors_stm32f4xx.d  ./src/Timer.d ./src/_write.d ./src/main.d  ./system/src/newlib/_cxx.d  blinky-STM32F4_NUCLEO.elf
 
16:57:14 **** Build of configuration Debug for project FreeRTOS-HelloWorld ****
make all 
Building file: ../system/src/newlib/_cxx.cpp
Invoking: GNU ARM Cross C++ Compiler
arm-none-eabi-g++ -mcpu=cortex-m4 -mthumb -mfloat-abi=hard -mfpu=fpv4-sp-d16 -Og -fmessage-length=0 -fsigned-char -ffunction-sections -fdata-sections -ffreestanding -fno-move-loop-invariants -Wall -Wextra  -g3 -DDEBUG -DTRACE -DOS_USE_TRACE_SEMIHOSTING_DEBUG -I"../include" -I"../system/include" -I"../system/include/cmsis" -I"../system/include/stm32f4xx" -std=gnu++11 -fabi-version=0 -MMD -MP -MF"system/src/newlib/_cxx.d" -MT"system/src/newlib/_cxx.o" -c -o "system/src/newlib/_cxx.o" "../system/src/newlib/_cxx.cpp"
Command canceled
