Archive member included to satisfy reference by file (symbol)

e:/workspace/software&toolchain/gcc-arm-none-eabi-5_4-2016q3-20160926-win32/bin/../lib/gcc/arm-none-eabi/5.4.1/armv7e-m/fpu\libgcc.a(_arm_fixunsdfsi.o)
                              ./TraceRecorderLib/trcSnapshotRecorder.o (__aeabi_d2uiz)
e:/workspace/software&toolchain/gcc-arm-none-eabi-5_4-2016q3-20160926-win32/bin/../lib/gcc/arm-none-eabi/5.4.1/armv7e-m/fpu\libgcc.a(unwind-arm.o)
                              ./system/src/newlib/_cxx.o (__aeabi_unwind_cpp_pr1)
e:/workspace/software&toolchain/gcc-arm-none-eabi-5_4-2016q3-20160926-win32/bin/../lib/gcc/arm-none-eabi/5.4.1/armv7e-m/fpu\libgcc.a(libunwind.o)
                              e:/workspace/software&toolchain/gcc-arm-none-eabi-5_4-2016q3-20160926-win32/bin/../lib/gcc/arm-none-eabi/5.4.1/armv7e-m/fpu\libgcc.a(unwind-arm.o) (restore_core_regs)
e:/workspace/software&toolchain/gcc-arm-none-eabi-5_4-2016q3-20160926-win32/bin/../lib/gcc/arm-none-eabi/5.4.1/armv7e-m/fpu\libgcc.a(pr-support.o)
                              e:/workspace/software&toolchain/gcc-arm-none-eabi-5_4-2016q3-20160926-win32/bin/../lib/gcc/arm-none-eabi/5.4.1/armv7e-m/fpu\libgcc.a(unwind-arm.o) (__gnu_unwind_execute)
e:/workspace/software&toolchain/gcc-arm-none-eabi-5_4-2016q3-20160926-win32/bin/../lib/gcc/arm-none-eabi/5.4.1/../../../../arm-none-eabi/lib/armv7e-m/fpu\libg_nano.a(lib_a-errno.o)
                              ./system/src/newlib/_sbrk.o (__errno)
e:/workspace/software&toolchain/gcc-arm-none-eabi-5_4-2016q3-20160926-win32/bin/../lib/gcc/arm-none-eabi/5.4.1/../../../../arm-none-eabi/lib/armv7e-m/fpu\libg_nano.a(lib_a-impure.o)
                              e:/workspace/software&toolchain/gcc-arm-none-eabi-5_4-2016q3-20160926-win32/bin/../lib/gcc/arm-none-eabi/5.4.1/../../../../arm-none-eabi/lib/armv7e-m/fpu\libg_nano.a(lib_a-errno.o) (_impure_ptr)
e:/workspace/software&toolchain/gcc-arm-none-eabi-5_4-2016q3-20160926-win32/bin/../lib/gcc/arm-none-eabi/5.4.1/../../../../arm-none-eabi/lib/armv7e-m/fpu\libg_nano.a(lib_a-init.o)
                              ./system/src/cmsis/startup_stm32f446xx.o (__libc_init_array)
e:/workspace/software&toolchain/gcc-arm-none-eabi-5_4-2016q3-20160926-win32/bin/../lib/gcc/arm-none-eabi/5.4.1/../../../../arm-none-eabi/lib/armv7e-m/fpu\libg_nano.a(lib_a-memcpy-stub.o)
                              ./TraceRecorderLib/trcSnapshotRecorder.o (memcpy)
e:/workspace/software&toolchain/gcc-arm-none-eabi-5_4-2016q3-20160926-win32/bin/../lib/gcc/arm-none-eabi/5.4.1/../../../../arm-none-eabi/lib/armv7e-m/fpu\libg_nano.a(lib_a-memset.o)
                              ./TraceRecorderLib/trcSnapshotRecorder.o (memset)
e:/workspace/software&toolchain/gcc-arm-none-eabi-5_4-2016q3-20160926-win32/bin/../lib/gcc/arm-none-eabi/5.4.1/../../../../arm-none-eabi/lib/armv7e-m/fpu\libg_nano.a(lib_a-strlen.o)
                              ./system/src/diag/Trace.o (strlen)
e:/workspace/software&toolchain/gcc-arm-none-eabi-5_4-2016q3-20160926-win32/bin/../lib/gcc/arm-none-eabi/5.4.1/../../../../arm-none-eabi/lib/armv7e-m/fpu\libg_nano.a(lib_a-strncmp.o)
                              ./TraceRecorderLib/trcSnapshotRecorder.o (strncmp)
e:/workspace/software&toolchain/gcc-arm-none-eabi-5_4-2016q3-20160926-win32/bin/../lib/gcc/arm-none-eabi/5.4.1/../../../../arm-none-eabi/lib/armv7e-m/fpu\libg_nano.a(lib_a-vsnprintf.o)
                              ./system/src/diag/Trace.o (vsnprintf)
e:/workspace/software&toolchain/gcc-arm-none-eabi-5_4-2016q3-20160926-win32/bin/../lib/gcc/arm-none-eabi/5.4.1/../../../../arm-none-eabi/lib/armv7e-m/fpu\libg_nano.a(lib_a-nano-svfprintf.o)
                              e:/workspace/software&toolchain/gcc-arm-none-eabi-5_4-2016q3-20160926-win32/bin/../lib/gcc/arm-none-eabi/5.4.1/../../../../arm-none-eabi/lib/armv7e-m/fpu\libg_nano.a(lib_a-vsnprintf.o) (_svfprintf_r)
e:/workspace/software&toolchain/gcc-arm-none-eabi-5_4-2016q3-20160926-win32/bin/../lib/gcc/arm-none-eabi/5.4.1/../../../../arm-none-eabi/lib/armv7e-m/fpu\libg_nano.a(lib_a-nano-vfprintf_i.o)
                              e:/workspace/software&toolchain/gcc-arm-none-eabi-5_4-2016q3-20160926-win32/bin/../lib/gcc/arm-none-eabi/5.4.1/../../../../arm-none-eabi/lib/armv7e-m/fpu\libg_nano.a(lib_a-nano-svfprintf.o) (_printf_i)
e:/workspace/software&toolchain/gcc-arm-none-eabi-5_4-2016q3-20160926-win32/bin/../lib/gcc/arm-none-eabi/5.4.1/../../../../arm-none-eabi/lib/armv7e-m/fpu\libg_nano.a(lib_a-memchr.o)
                              e:/workspace/software&toolchain/gcc-arm-none-eabi-5_4-2016q3-20160926-win32/bin/../lib/gcc/arm-none-eabi/5.4.1/../../../../arm-none-eabi/lib/armv7e-m/fpu\libg_nano.a(lib_a-nano-svfprintf.o) (memchr)
e:/workspace/software&toolchain/gcc-arm-none-eabi-5_4-2016q3-20160926-win32/bin/../lib/gcc/arm-none-eabi/5.4.1/../../../../arm-none-eabi/lib/armv7e-m/fpu\libg_nano.a(lib_a-memmove.o)
[...]
Memory Configuration

Name             Origin             Length             Attributes
FLASH            0x08000000         0x00080000         xr
RAM              0x20000000         0x00020000         xrw
CCMRAM           0x10000000         0x00000000         xrw
FLASHB1          0x00000000         0x00000000         xr
EXTMEMB0         0x00000000         0x00000000         xr
EXTMEMB1         0x00000000         0x00000000         xr
EXTMEMB2         0x00000000         0x00000000         xr
EXTMEMB3         0x00000000         0x00000000         xr
*default*        0x00000000         0xffffffff

Linker script and memory map

LOAD ./system/src/newlib/_cxx.o
LOAD ./system/src/newlib/_exit.o
LOAD ./system/src/newlib/_sbrk.o
LOAD ./system/src/newlib/_startup.o
LOAD ./system/src/newlib/_syscalls.o
LOAD ./system/src/newlib/assert.o
LOAD ./system/src/diag/Trace.o
LOAD ./system/src/diag/trace_impl.o
LOAD ./system/src/cortexm/_initialize_hardware.o
LOAD ./system/src/cortexm/_reset_hardware.o
LOAD ./system/src/cortexm/exception_handlers.o
LOAD ./system/src/cmsis/startup_stm32f446xx.o
LOAD ./system/src/cmsis/system_stm32f4xx.o
LOAD ./src/_write.o
LOAD ./src/main.o
LOAD ./TraceRecorderLib/trcKernelPort.o
LOAD ./TraceRecorderLib/trcSnapshotRecorder.o
LOAD ./TraceRecorderLib/trcStreamingRecorder.o
LOAD ./FreeRTOSv9.0/Source/portable/MemMang/heap_4.o
LOAD ./FreeRTOSv9.0/Source/portable/GCC/ARM_CM4F/port.o
LOAD ./FreeRTOSv9.0/Source/croutine.o
LOAD ./FreeRTOSv9.0/Source/event_groups.o
LOAD ./FreeRTOSv9.0/Source/list.o
LOAD ./FreeRTOSv9.0/Source/queue.o
LOAD ./FreeRTOSv9.0/Source/tasks.o
LOAD ./FreeRTOSv9.0/Source/timers.o
LOAD e:/workspace/software&toolchain/gcc-arm-none-eabi-5_4-2016q3-20160926-win32/bin/../lib/gcc/arm-none-eabi/5.4.1/../../../../arm-none-eabi/lib/armv7e-m/fpu\libstdc++_nano.a
LOAD e:/workspace/software&toolchain/gcc-arm-none-eabi-5_4-2016q3-20160926-win32/bin/../lib/gcc/arm-none-eabi/5.4.1/../../../../arm-none-eabi/lib/armv7e-m/fpu\libm.a
START GROUP
LOAD e:/workspace/software&toolchain/gcc-arm-none-eabi-5_4-2016q3-20160926-win32/bin/../lib/gcc/arm-none-eabi/5.4.1/armv7e-m/fpu\libgcc.a
LOAD e:/workspace/software&toolchain/gcc-arm-none-eabi-5_4-2016q3-20160926-win32/bin/../lib/gcc/arm-none-eabi/5.4.1/../../../../arm-none-eabi/lib/armv7e-m/fpu\libg_nano.a
LOAD e:/workspace/software&toolchain/gcc-arm-none-eabi-5_4-2016q3-20160926-win32/bin/../lib/gcc/arm-none-eabi/5.4.1/../../../../arm-none-eabi/lib/armv7e-m/fpu\libc_nano.a
END GROUP
START GROUP
LOAD e:/workspace/software&toolchain/gcc-arm-none-eabi-5_4-2016q3-20160926-win32/bin/../lib/gcc/arm-none-eabi/5.4.1/armv7e-m/fpu\libgcc.a
LOAD e:/workspace/software&toolchain/gcc-arm-none-eabi-5_4-2016q3-20160926-win32/bin/../lib/gcc/arm-none-eabi/5.4.1/../../../../arm-none-eabi/lib/armv7e-m/fpu\libc_nano.a
END GROUP
                0x20020000                __stack = (ORIGIN (RAM) + LENGTH (RAM))
                0x20020000                _estack = __stack
                0x00000400                __Main_Stack_Size = 0x400
                [!provide]                PROVIDE (_Main_Stack_Size, __Main_Stack_Size)
                0x2001fc00                __Main_Stack_Limit = (__stack - __Main_Stack_Size)
                [!provide]                PROVIDE (_Main_Stack_Limit, __Main_Stack_Limit)
                0x00000100                _Minimum_Stack_Size = 0x100
                0x2000bb64                PROVIDE (_Heap_Begin, _end_noinit)
                0x2001fc00                PROVIDE (_Heap_Limit, (__stack - __Main_Stack_Size))

.isr_vector     0x08000000      0x408
 FILL mask 0xff
                0x08000000                __vectors_start = ABSOLUTE (.)
                0x08000000                __vectors_start__ = ABSOLUTE (.)
 *(.isr_vector)
 .isr_vector    0x08000000      0x1c4 ./system/src/cmsis/startup_stm32f446xx.o
                0x08000000                g_pfnVectors
 *(.cfmconfig)
 *(.after_vectors .after_vectors.*)
 .after_vectors
                0x080001c4      0x114 ./system/src/newlib/_startup.o
                0x080001c4                _start
 .after_vectors
                0x080002d8      0x130 ./system/src/cortexm/exception_handlers.o
                0x080002d8                Reset_Handler
                0x080002e0                NMI_Handler
                0x080002e4                HardFault_Handler
                0x080002f8                HardFault_Handler_C
                0x08000358                MemManage_Handler
                0x0800035c                BusFault_Handler
                0x08000370                BusFault_Handler_C
                0x080003a4                UsageFault_Handler
                0x080003b8                UsageFault_Handler_C
                0x080003f0                DebugMon_Handler

.inits          0x08000408       0x28
                0x08000408                __data_regions_array_start = .
                0x08000408        0x4 LONG 0x80057f0 LOADADDR (.data)
                0x0800040c        0x4 LONG 0x20000000 ADDR (.data)
                0x08000410        0x4 LONG 0x2000008c (ADDR (.data) + SIZEOF (.data))
                0x08000414        0x4 LONG 0x80057f0 LOADADDR (.data_CCMRAM)
                0x08000418        0x4 LONG 0x10000000 ADDR (.data_CCMRAM)
                0x0800041c        0x4 LONG 0x10000000 (ADDR (.data_CCMRAM) + SIZEOF (.data_CCMRAM))
                0x08000420                __data_regions_array_end = .
                0x08000420                __bss_regions_array_start = .
                0x08000420        0x4 LONG 0x2000008c ADDR (.bss)
                0x08000424        0x4 LONG 0x2000bb64 (ADDR (.bss) + SIZEOF (.bss))
                0x08000428        0x4 LONG 0x10000000 ADDR (.bss_CCMRAM)
                0x0800042c        0x4 LONG 0x10000000 (ADDR (.bss_CCMRAM) + SIZEOF (.bss_CCMRAM))
                0x08000430                __bss_regions_array_end = .
 *(.init)
 *(.fini)
                0x08000430                . = ALIGN (0x4)
                0x08000430                PROVIDE (__preinit_array_start, .)
 *(.preinit_array_sysinit .preinit_array_sysinit.*)
 *(.preinit_array_platform .preinit_array_platform.*)
 *(.preinit_array .preinit_array.*)
                0x08000430                PROVIDE (__preinit_array_end, .)
                0x08000430                . = ALIGN (0x4)
                0x08000430                PROVIDE (__init_array_start, .)
 *(SORT(.init_array.*))
 *(.init_array)
                0x08000430                PROVIDE (__init_array_end, .)
                0x08000430                . = ALIGN (0x4)
                0x08000430                PROVIDE (__fini_array_start, .)
 *(SORT(.fini_array.*))
 *(.fini_array)
                0x08000430                PROVIDE (__fini_array_end, .)

.flashtext
 *(.flashtext .flashtext.*)

.text           0x08000430     0x53bf
 *(.text .text.*)
 .text._exit    0x08000430        0x4 ./system/src/newlib/_exit.o
                0x08000430                _exit
 .text._sbrk    0x08000434       0x44 ./system/src/newlib/_sbrk.o
                0x08000434                _sbrk
 .text.__initialize_args
                0x08000478       0x10 ./system/src/newlib/_syscalls.o
                0x08000478                __initialize_args
 .text.trace_printf
                0x08000488       0x30 ./system/src/diag/Trace.o
                0x08000488                trace_printf
 .text._trace_write_semihosting_debug
                0x080004b8       0x64 ./system/src/diag/trace_impl.o
 .text.trace_write
                0x0800051c        0x8 ./system/src/diag/trace_impl.o
                0x0800051c                trace_write
 .text.__initialize_hardware_early
                0x08000524       0x24 ./system/src/cortexm/_initialize_hardware.o
                0x08000524                __initialize_hardware_early
 .text.__initialize_hardware
                0x08000548        0x8 ./system/src/cortexm/_initialize_hardware.o
                0x08000548                __initialize_hardware
 .text.dumpExceptionStack
                0x08000550       0xf0 ./system/src/cortexm/exception_handlers.o
                0x08000550                dumpExceptionStack
 .text.isSemihosting
                0x08000640       0x20 ./system/src/cortexm/exception_handlers.o
                0x08000640                isSemihosting
 .text.Default_Handler
                0x08000660        0x2 ./system/src/cmsis/startup_stm32f446xx.o
                0x08000660                RTC_Alarm_IRQHandler
                0x08000660                EXTI2_IRQHandler
                0x08000660                TIM8_CC_IRQHandler
                0x08000660                SPI4_IRQHandler
                0x08000660                TIM1_CC_IRQHandler
                0x08000660                DMA2_Stream5_IRQHandler
                0x08000660                DMA1_Stream5_IRQHandler
                0x08000660                PVD_IRQHandler
                0x08000660                SDIO_IRQHandler
                0x08000660                TAMP_STAMP_IRQHandler
                0x08000660                CAN2_RX1_IRQHandler
                0x08000660                EXTI3_IRQHandler
                0x08000660                TIM8_TRG_COM_TIM14_IRQHandler
                0x08000660                TIM1_UP_TIM10_IRQHandler
                0x08000660                TIM8_UP_TIM13_IRQHandler
                0x08000660                I2C3_ER_IRQHandler
                0x08000660                FMPI2C1_Event_IRQHandler
                0x08000660                EXTI0_IRQHandler
                0x08000660                I2C2_EV_IRQHandler
                0x08000660                DMA1_Stream2_IRQHandler
                0x08000660                CAN1_RX0_IRQHandler
                0x08000660                FPU_IRQHandler
                0x08000660                OTG_HS_WKUP_IRQHandler
                0x08000660                CAN2_SCE_IRQHandler
                0x08000660                DMA2_Stream2_IRQHandler
                0x08000660                SPI1_IRQHandler
                0x08000660                TIM6_DAC_IRQHandler
                0x08000660                TIM1_BRK_TIM9_IRQHandler
                0x08000660                DCMI_IRQHandler
                0x08000660                CAN2_RX0_IRQHandler
                0x08000660                DMA2_Stream3_IRQHandler
                0x08000660                SAI2_IRQHandler
                0x08000660                USART6_IRQHandler
                0x08000660                USART3_IRQHandler
                0x08000660                CAN1_RX1_IRQHandler
                0x08000660                UART5_IRQHandler
                0x08000660                DMA2_Stream0_IRQHandler
                0x08000660                TIM4_IRQHandler
                0x08000660                QUADSPI_IRQHandler
                0x08000660                I2C1_EV_IRQHandler
                0x08000660                DMA1_Stream6_IRQHandler
                0x08000660                DMA1_Stream1_IRQHandler
                0x08000660                UART4_IRQHandler
                0x08000660                TIM3_IRQHandler
                0x08000660                RCC_IRQHandler
                0x08000660                TIM8_BRK_TIM12_IRQHandler
                0x08000660                Default_Handler
                0x08000660                CEC_IRQHandler
                0x08000660                EXTI15_10_IRQHandler
                0x08000660                ADC_IRQHandler
                0x08000660                DMA1_Stream7_IRQHandler
                0x08000660                TIM7_IRQHandler
                0x08000660                CAN2_TX_IRQHandler
                0x08000660                TIM5_IRQHandler
                0x08000660                DMA2_Stream7_IRQHandler
                0x08000660                I2C3_EV_IRQHandler
                0x08000660                EXTI9_5_IRQHandler
                0x08000660                RTC_WKUP_IRQHandler
                0x08000660                SPDIF_RX_IRQHandler
                0x08000660                SPI2_IRQHandler
                0x08000660                OTG_HS_EP1_IN_IRQHandler
                0x08000660                DMA1_Stream0_IRQHandler
                0x08000660                CAN1_TX_IRQHandler
                0x08000660                EXTI4_IRQHandler
                0x08000660                OTG_HS_EP1_OUT_IRQHandler
                0x08000660                WWDG_IRQHandler
                0x08000660                TIM2_IRQHandler
                0x08000660                OTG_FS_WKUP_IRQHandler
                0x08000660                TIM1_TRG_COM_TIM11_IRQHandler
                0x08000660                OTG_HS_IRQHandler
                0x08000660                EXTI1_IRQHandler
                0x08000660                USART2_IRQHandler
                0x08000660                I2C2_ER_IRQHandler
                0x08000660                DMA2_Stream1_IRQHandler
                0x08000660                CAN1_SCE_IRQHandler
                0x08000660                FLASH_IRQHandler
                0x08000660                DMA2_Stream4_IRQHandler
                0x08000660                USART1_IRQHandler
                0x08000660                OTG_FS_IRQHandler
                0x08000660                SPI3_IRQHandler
                0x08000660                DMA1_Stream4_IRQHandler
                0x08000660                I2C1_ER_IRQHandler
                0x08000660                FMC_IRQHandler
                0x08000660                DMA2_Stream6_IRQHandler
                0x08000660                SAI1_IRQHandler
                0x08000660                DMA1_Stream3_IRQHandler
                0x08000660                FMPI2C1_Error_IRQHandler
 *fill*         0x08000662        0x2 
 .text.SystemCoreClockUpdate
                0x08000664       0x10 ./system/src/cmsis/system_stm32f4xx.o
                0x08000664                SystemCoreClockUpdate
 .text.SystemInit
                0x08000674       0x10 ./system/src/cmsis/system_stm32f4xx.o
                0x08000674                SystemInit
 .text.vTask1   0x08000684       0x50 ./src/main.o
                0x08000684                vTask1
 .text.vTask2   0x080006d4       0x50 ./src/main.o
                0x080006d4                vTask2
 .text.main     0x08000724       0x6c ./src/main.o
                0x08000724                main
 .text.vApplicationMallocFailedHook
                0x08000790        0x4 ./src/main.o
                0x08000790                vApplicationMallocFailedHook
 .text.prvTraceGetQueueNumber
                0x08000794        0x8 ./TraceRecorderLib/trcKernelPort.o
                0x08000794                prvTraceGetQueueNumber
 .text.prvTraceGetObjectType
                0x0800079c        0x8 ./TraceRecorderLib/trcKernelPort.o
                0x0800079c                prvTraceGetObjectType
 .text.prvTraceGetTaskNumberLow16
                0x080007a4        0xc ./TraceRecorderLib/trcKernelPort.o
                0x080007a4                prvTraceGetTaskNumberLow16
 .text.prvTraceGetTaskNumberHigh16
                0x080007b0        0xc ./TraceRecorderLib/trcKernelPort.o
                0x080007b0                prvTraceGetTaskNumberHigh16
 .text.prvTraceSetTaskNumberHigh16
                0x080007bc       0x18 ./TraceRecorderLib/trcKernelPort.o
                0x080007bc                prvTraceSetTaskNumberHigh16
 .text.prvTraceGetObjectNumberLow16
                0x080007d4        0xc ./TraceRecorderLib/trcKernelPort.o
                0x080007d4                prvTraceGetObjectNumberLow16
 .text.prvTraceGetObjectNumberHigh16
                0x080007e0        0xc ./TraceRecorderLib/trcKernelPort.o
                0x080007e0                prvTraceGetObjectNumberHigh16
 .text.prvTraceSetObjectNumberHigh16
                0x080007ec       0x18 ./TraceRecorderLib/trcKernelPort.o
                0x080007ec                prvTraceSetObjectNumberHigh16
 .text.prvTraceGetCurrentTaskHandle
                0x08000804        0x8 ./TraceRecorderLib/trcKernelPort.o
                0x08000804                prvTraceGetCurrentTaskHandle
 .text.vTraceInitObjectPropertyTable
                0x0800080c       0xa8 ./TraceRecorderLib/trcKernelPort.o
                0x0800080c                vTraceInitObjectPropertyTable
 .text.vTraceInitObjectHandleStack
                0x080008b4       0x50 ./TraceRecorderLib/trcKernelPort.o
                0x080008b4                vTraceInitObjectHandleStack
 .text.pszTraceGetErrorNotEnoughHandles
                0x08000904       0x50 ./TraceRecorderLib/trcKernelPort.o
                0x08000904                pszTraceGetErrorNotEnoughHandles
 .text.prvStrncpy
                0x08000954       0x1c ./TraceRecorderLib/trcSnapshotRecorder.o
 .text.vTraceStop
                0x08000970       0x20 ./TraceRecorderLib/trcSnapshotRecorder.o
                0x08000970                vTraceStop
 .text.prvTraceError
                0x08000990       0x40 ./TraceRecorderLib/trcSnapshotRecorder.o
                0x08000990                prvTraceError
 .text.prvTraceNextFreeEventBufferSlot
                0x080009d0       0x34 ./TraceRecorderLib/trcSnapshotRecorder.o
 .text.prvCheckDataToBeOverwrittenForMultiEntryEvents
                0x08000a04       0x9c ./TraceRecorderLib/trcSnapshotRecorder.o
 .text.prvTraceUpdateCounters
                0x08000aa0       0x30 ./TraceRecorderLib/trcSnapshotRecorder.o
 .text.prvTraceGetParam
                0x08000ad0       0x4c ./TraceRecorderLib/trcSnapshotRecorder.o
 .text.uiIndexOfObject
                0x08000b1c       0x68 ./TraceRecorderLib/trcSnapshotRecorder.o
                0x08000b1c                uiIndexOfObject
 .text.prvMarkObjectAsUsed
                0x08000b84       0x20 ./TraceRecorderLib/trcSnapshotRecorder.o
                0x08000b84                prvMarkObjectAsUsed
 .text.prvTraceGetObjectState
                0x08000ba4       0x54 ./TraceRecorderLib/trcSnapshotRecorder.o
 .text.prvTraceSetPriorityProperty
                0x08000bf8       0x54 ./TraceRecorderLib/trcSnapshotRecorder.o
                0x08000bf8                prvTraceSetPriorityProperty
 .text.prvTraceGetPriorityProperty
                0x08000c4c       0x54 ./TraceRecorderLib/trcSnapshotRecorder.o
                0x08000c4c                prvTraceGetPriorityProperty
 .text.prvTraceSetObjectState
                0x08000ca0       0x50 ./TraceRecorderLib/trcSnapshotRecorder.o
                0x08000ca0                prvTraceSetObjectState
 .text.prvTraceSetTaskInstanceFinished
                0x08000cf0       0x38 ./TraceRecorderLib/trcSnapshotRecorder.o
                0x08000cf0                prvTraceSetTaskInstanceFinished
 .text.prvTraceGetObjectHandle
                0x08000d28       0x94 ./TraceRecorderLib/trcSnapshotRecorder.o
                0x08000d28                prvTraceGetObjectHandle
 .text.prvTraceSetObjectName
                0x08000dbc       0x7c ./TraceRecorderLib/trcSnapshotRecorder.o
                0x08000dbc                prvTraceSetObjectName
 .text.prvTraceInitCortexM
                0x08000e38       0x60 ./TraceRecorderLib/trcSnapshotRecorder.o
                0x08000e38                prvTraceInitCortexM
 .text.prvTraceInitTraceData
                0x08000e98      0x15c ./TraceRecorderLib/trcSnapshotRecorder.o
 .text.prvTracePortGetTimeStamp
                0x08000ff4       0x58 ./TraceRecorderLib/trcSnapshotRecorder.o
                0x08000ff4                prvTracePortGetTimeStamp
 .text.prvTraceGetDTS
                0x0800104c      0x100 ./TraceRecorderLib/trcSnapshotRecorder.o
 .text.prvTraceStoreTaskReady
                0x0800114c       0x84 ./TraceRecorderLib/trcSnapshotRecorder.o
                0x0800114c                prvTraceStoreTaskReady
 .text.vTraceStoreMemMangEvent
                0x080011d0       0xb4 ./TraceRecorderLib/trcSnapshotRecorder.o
                0x080011d0                vTraceStoreMemMangEvent
 .text.prvTraceStoreKernelCall
                0x08001284       0xa8 ./TraceRecorderLib/trcSnapshotRecorder.o
                0x08001284                prvTraceStoreKernelCall
 .text.prvTraceStoreKernelCallWithParam
                0x0800132c       0xc4 ./TraceRecorderLib/trcSnapshotRecorder.o
                0x0800132c                prvTraceStoreKernelCallWithParam
 .text.prvTraceStoreKernelCallWithNumericParamOnly
                0x080013f0       0x88 ./TraceRecorderLib/trcSnapshotRecorder.o
                0x080013f0                prvTraceStoreKernelCallWithNumericParamOnly
 .text.prvTraceStoreTaskswitch
                0x08001478       0x9c ./TraceRecorderLib/trcSnapshotRecorder.o
                0x08001478                prvTraceStoreTaskswitch
 .text.uiTraceStart
                0x08001514       0x8c ./TraceRecorderLib/trcSnapshotRecorder.o
                0x08001514                uiTraceStart
 .text.vTraceStart
                0x080015a0        0x8 ./TraceRecorderLib/trcSnapshotRecorder.o
                0x080015a0                vTraceStart
 .text.vTraceEnable
                0x080015a8       0x30 ./TraceRecorderLib/trcSnapshotRecorder.o
                0x080015a8                vTraceEnable
 .text.prvHeapInit
                0x080015d8       0x64 ./FreeRTOSv9.0/Source/portable/MemMang/heap_4.o
 .text.prvInsertBlockIntoFreeList
                0x0800163c       0x58 ./FreeRTOSv9.0/Source/portable/MemMang/heap_4.o
 .text.pvPortMalloc
                0x08001694      0x11c ./FreeRTOSv9.0/Source/portable/MemMang/heap_4.o
                0x08001694                pvPortMalloc
 .text.vPortFree
                0x080017b0       0x88 ./FreeRTOSv9.0/Source/portable/MemMang/heap_4.o
                0x080017b0                vPortFree
 .text.prvTaskExitError
                0x08001838       0x34 ./FreeRTOSv9.0/Source/portable/GCC/ARM_CM4F/port.o
 .text.prvPortStartFirstTask
                0x0800186c       0x20 ./FreeRTOSv9.0/Source/portable/GCC/ARM_CM4F/port.o
 .text.vPortEnableVFP
                0x0800188c       0x14 ./FreeRTOSv9.0/Source/portable/GCC/ARM_CM4F/port.o
 .text.pxPortInitialiseStack
                0x080018a0       0x2c ./FreeRTOSv9.0/Source/portable/GCC/ARM_CM4F/port.o
                0x080018a0                pxPortInitialiseStack
 *fill*         0x080018cc        0x4 
 .text.SVC_Handler
                0x080018d0       0x24 ./FreeRTOSv9.0/Source/portable/GCC/ARM_CM4F/port.o
                0x080018d0                SVC_Handler
 .text.vPortEnterCritical
                0x080018f4       0x44 ./FreeRTOSv9.0/Source/portable/GCC/ARM_CM4F/port.o
                0x080018f4                vPortEnterCritical
 .text.vPortExitCritical
                0x08001938       0x2c ./FreeRTOSv9.0/Source/portable/GCC/ARM_CM4F/port.o
                0x08001938                vPortExitCritical
 *fill*         0x08001964        0xc 
 .text.PendSV_Handler
                0x08001970       0x64 ./FreeRTOSv9.0/Source/portable/GCC/ARM_CM4F/port.o
                0x08001970                PendSV_Handler
 .text.SysTick_Handler
                0x080019d4       0x2c ./FreeRTOSv9.0/Source/portable/GCC/ARM_CM4F/port.o
                0x080019d4                SysTick_Handler
 .text.vPortSetupTimerInterrupt
                0x08001a00       0x2c ./FreeRTOSv9.0/Source/portable/GCC/ARM_CM4F/port.o
                0x08001a00                vPortSetupTimerInterrupt
 .text.xPortStartScheduler
                0x08001a2c       0xf0 ./FreeRTOSv9.0/Source/portable/GCC/ARM_CM4F/port.o
                0x08001a2c                xPortStartScheduler
 .text.vPortValidateInterruptPriority
                0x08001b1c       0x60 ./FreeRTOSv9.0/Source/portable/GCC/ARM_CM4F/port.o
                0x08001b1c                vPortValidateInterruptPriority
 .text.vListInitialise
                0x08001b7c       0x18 ./FreeRTOSv9.0/Source/list.o
                0x08001b7c                vListInitialise
 .text.vListInitialiseItem
                0x08001b94        0x8 ./FreeRTOSv9.0/Source/list.o
                0x08001b94                vListInitialiseItem
 .text.vListInsertEnd
                0x08001b9c       0x18 ./FreeRTOSv9.0/Source/list.o
                0x08001b9c                vListInsertEnd
 .text.vListInsert
                0x08001bb4       0x34 ./FreeRTOSv9.0/Source/list.o
                0x08001bb4                vListInsert
 .text.uxListRemove
                0x08001be8       0x24 ./FreeRTOSv9.0/Source/list.o
                0x08001be8                uxListRemove
 .text.prvIsQueueFull
                0x08001c0c       0x20 ./FreeRTOSv9.0/Source/queue.o
 .text.prvIsQueueEmpty
                0x08001c2c       0x1c ./FreeRTOSv9.0/Source/queue.o
 .text.prvCopyDataToQueue
                0x08001c48       0x78 ./FreeRTOSv9.0/Source/queue.o
 .text.prvCopyDataFromQueue
                0x08001cc0       0x24 ./FreeRTOSv9.0/Source/queue.o
 .text.prvUnlockQueue
                0x08001ce4       0x68 ./FreeRTOSv9.0/Source/queue.o
 .text.xQueueGenericReset
                0x08001d4c       0x84 ./FreeRTOSv9.0/Source/queue.o
                0x08001d4c                xQueueGenericReset
 .text.prvInitialiseNewQueue
                0x08001dd0       0x98 ./FreeRTOSv9.0/Source/queue.o
 .text.xQueueGenericCreate
                0x08001e68       0x4c ./FreeRTOSv9.0/Source/queue.o
                0x08001e68                xQueueGenericCreate
 .text.xQueueGenericSend
                0x08001eb4      0x330 ./FreeRTOSv9.0/Source/queue.o
                0x08001eb4                xQueueGenericSend
 .text.xQueueGenericSendFromISR
                0x080021e4      0x1b8 ./FreeRTOSv9.0/Source/queue.o
                0x080021e4                xQueueGenericSendFromISR
 .text.xQueueGenericReceive
                0x0800239c      0x528 ./FreeRTOSv9.0/Source/queue.o
                0x0800239c                xQueueGenericReceive
 .text.uxQueueGetQueueNumber
                0x080028c4        0x4 ./FreeRTOSv9.0/Source/queue.o
                0x080028c4                uxQueueGetQueueNumber
 .text.vQueueSetQueueNumber
                0x080028c8        0x4 ./FreeRTOSv9.0/Source/queue.o
                0x080028c8                vQueueSetQueueNumber
 .text.ucQueueGetQueueType
                0x080028cc        0x8 ./FreeRTOSv9.0/Source/queue.o
                0x080028cc                ucQueueGetQueueType
 .text.vQueueAddToRegistry
                0x080028d4       0x48 ./FreeRTOSv9.0/Source/queue.o
                0x080028d4                vQueueAddToRegistry
 .text.vQueueWaitForMessageRestricted
                0x0800291c       0x4c ./FreeRTOSv9.0/Source/queue.o
                0x0800291c                vQueueWaitForMessageRestricted
 .text.prvResetNextTaskUnblockTime
                0x08002968       0x34 ./FreeRTOSv9.0/Source/tasks.o
 .text.prvDeleteTCB
                0x0800299c       0x14 ./FreeRTOSv9.0/Source/tasks.o
 .text.prvInitialiseNewTask
                0x080029b0       0x90 ./FreeRTOSv9.0/Source/tasks.o
 .text.prvInitialiseTaskLists
                0x08002a40       0x68 ./FreeRTOSv9.0/Source/tasks.o
 .text.prvAddNewTaskToReadyList
                0x08002aa8      0x118 ./FreeRTOSv9.0/Source/tasks.o
 .text.prvAddCurrentTaskToDelayedList
                0x08002bc0       0x98 ./FreeRTOSv9.0/Source/tasks.o
 .text.xTaskCreate
                0x08002c58       0x64 ./FreeRTOSv9.0/Source/tasks.o
                0x08002c58                xTaskCreate
 .text.vTaskStartScheduler
                0x08002cbc       0x84 ./FreeRTOSv9.0/Source/tasks.o
                0x08002cbc                vTaskStartScheduler
 .text.vTaskSuspendAll
                0x08002d40       0x10 ./FreeRTOSv9.0/Source/tasks.o
                0x08002d40                vTaskSuspendAll
 .text.xTaskGetTickCount
                0x08002d50        0xc ./FreeRTOSv9.0/Source/tasks.o
                0x08002d50                xTaskGetTickCount
 .text.xTaskIncrementTick
                0x08002d5c      0x178 ./FreeRTOSv9.0/Source/tasks.o
                0x08002d5c                xTaskIncrementTick
 .text.xTaskResumeAll
                0x08002ed4      0x11c ./FreeRTOSv9.0/Source/tasks.o
                0x08002ed4                xTaskResumeAll
 .text.prvCheckTasksWaitingTermination
                0x08002ff0       0x54 ./FreeRTOSv9.0/Source/tasks.o
 .text.prvIdleTask
                0x08003044       0x28 ./FreeRTOSv9.0/Source/tasks.o
 .text.vTaskSwitchContext
                0x0800306c       0xb8 ./FreeRTOSv9.0/Source/tasks.o
                0x0800306c                vTaskSwitchContext
 .text.vTaskPlaceOnEventList
                0x08003124       0x34 ./FreeRTOSv9.0/Source/tasks.o
                0x08003124                vTaskPlaceOnEventList
 .text.vTaskPlaceOnEventListRestricted
                0x08003158       0x90 ./FreeRTOSv9.0/Source/tasks.o
                0x08003158                vTaskPlaceOnEventListRestricted
 .text.xTaskRemoveFromEventList
                0x080031e8       0xb0 ./FreeRTOSv9.0/Source/tasks.o
                0x080031e8                xTaskRemoveFromEventList
 .text.vTaskSetTimeOutState
                0x08003298       0x2c ./FreeRTOSv9.0/Source/tasks.o
                0x08003298                vTaskSetTimeOutState
 .text.xTaskCheckForTimeOut
                0x080032c4       0x84 ./FreeRTOSv9.0/Source/tasks.o
                0x080032c4                xTaskCheckForTimeOut
 .text.vTaskMissedYield
                0x08003348        0xc ./FreeRTOSv9.0/Source/tasks.o
                0x08003348                vTaskMissedYield
 .text.uxTaskGetTaskNumber
                0x08003354        0xc ./FreeRTOSv9.0/Source/tasks.o
                0x08003354                uxTaskGetTaskNumber
 .text.vTaskSetTaskNumber
                0x08003360        0x8 ./FreeRTOSv9.0/Source/tasks.o
                0x08003360                vTaskSetTaskNumber
 .text.xTaskGetCurrentTaskHandle
                0x08003368        0xc ./FreeRTOSv9.0/Source/tasks.o
                0x08003368                xTaskGetCurrentTaskHandle
 .text.xTaskGetSchedulerState
                0x08003374       0x20 ./FreeRTOSv9.0/Source/tasks.o
                0x08003374                xTaskGetSchedulerState
 .text.vTaskPriorityInherit
                0x08003394      0x114 ./FreeRTOSv9.0/Source/tasks.o
                0x08003394                vTaskPriorityInherit
 .text.xTaskPriorityDisinherit
                0x080034a8      0x120 ./FreeRTOSv9.0/Source/tasks.o
                0x080034a8                xTaskPriorityDisinherit
 .text.pvTaskIncrementMutexHeldCount
                0x080035c8       0x1c ./FreeRTOSv9.0/Source/tasks.o
                0x080035c8                pvTaskIncrementMutexHeldCount
 .text.prvGetNextExpireTime
                0x080035e4       0x20 ./FreeRTOSv9.0/Source/timers.o
 .text.prvInsertTimerInActiveList
                0x08003604       0x48 ./FreeRTOSv9.0/Source/timers.o
 .text.prvCheckForValidListAndQueue
                0x0800364c       0x58 ./FreeRTOSv9.0/Source/timers.o
 .text.xTimerCreateTimerTask
                0x080036a4       0x54 ./FreeRTOSv9.0/Source/timers.o
                0x080036a4                xTimerCreateTimerTask
 .text.xTimerGenericCommand
                0x080036f8       0x6c ./FreeRTOSv9.0/Source/timers.o
                0x080036f8                xTimerGenericCommand
 .text.prvSwitchTimerLists
                0x08003764       0x7c ./FreeRTOSv9.0/Source/timers.o
 .text.prvSampleTimeNow
                0x080037e0       0x2c ./FreeRTOSv9.0/Source/timers.o
 .text.prvProcessExpiredTimer
                0x0800380c       0x60 ./FreeRTOSv9.0/Source/timers.o
 .text.prvProcessTimerOrBlockTask
                0x0800386c       0x74 ./FreeRTOSv9.0/Source/timers.o
 .text.prvProcessReceivedCommands
                0x080038e0       0xc0 ./FreeRTOSv9.0/Source/timers.o
 .text.prvTimerTask
                0x080039a0       0x18 ./FreeRTOSv9.0/Source/timers.o
 .text.__errno  0x080039b8        0xc e:/workspace/software&toolchain/gcc-arm-none-eabi-5_4-2016q3-20160926-win32/bin/../lib/gcc/arm-none-eabi/5.4.1/../../../../arm-none-eabi/lib/armv7e-m/fpu\libg_nano.a(lib_a-errno.o)
                0x080039b8                __errno
 .text.memcpy   0x080039c4       0x16 e:/workspace/software&toolchain/gcc-arm-none-eabi-5_4-2016q3-20160926-win32/bin/../lib/gcc/arm-none-eabi/5.4.1/../../../../arm-none-eabi/lib/armv7e-m/fpu\libg_nano.a(lib_a-memcpy-stub.o)
                0x080039c4                memcpy
 .text.memset   0x080039da       0x10 e:/workspace/software&toolchain/gcc-arm-none-eabi-5_4-2016q3-20160926-win32/bin/../lib/gcc/arm-none-eabi/5.4.1/../../../../arm-none-eabi/lib/armv7e-m/fpu\libg_nano.a(lib_a-memset.o)
                0x080039da                memset
 .text._vsnprintf_r
                0x080039ea       0x56 e:/workspace/software&toolchain/gcc-arm-none-eabi-5_4-2016q3-20160926-win32/bin/../lib/gcc/arm-none-eabi/5.4.1/../../../../arm-none-eabi/lib/armv7e-m/fpu\libg_nano.a(lib_a-vsnprintf.o)
                0x080039ea                _vsniprintf_r
                0x080039ea                _vsnprintf_r
 .text.vsnprintf
                0x08003a40       0x1c e:/workspace/software&toolchain/gcc-arm-none-eabi-5_4-2016q3-20160926-win32/bin/../lib/gcc/arm-none-eabi/5.4.1/../../../../arm-none-eabi/lib/armv7e-m/fpu\libg_nano.a(lib_a-vsnprintf.o)
                0x08003a40                vsniprintf
                0x08003a40                vsnprintf
 .text.__ssputs_r
                0x08003a5c       0xb2 e:/workspace/software&toolchain/gcc-arm-none-eabi-5_4-2016q3-20160926-win32/bin/../lib/gcc/arm-none-eabi/5.4.1/../../../../arm-none-eabi/lib/armv7e-m/fpu\libg_nano.a(lib_a-nano-svfprintf.o)
                0x08003a5c                __ssputs_r
 *fill*         0x08003b0e        0x2 
 .text._svfprintf_r
                0x08003b10      0x1e8 e:/workspace/software&toolchain/gcc-arm-none-eabi-5_4-2016q3-20160926-win32/bin/../lib/gcc/arm-none-eabi/5.4.1/../../../../arm-none-eabi/lib/armv7e-m/fpu\libg_nano.a(lib_a-nano-svfprintf.o)
                0x08003b10                _svfiprintf_r
                0x08003b10                _svfprintf_r
 .text._printf_common
                0x08003cf8       0xec e:/workspace/software&toolchain/gcc-arm-none-eabi-5_4-2016q3-20160926-win32/bin/../lib/gcc/arm-none-eabi/5.4.1/../../../../arm-none-eabi/lib/armv7e-m/fpu\libg_nano.a(lib_a-nano-vfprintf_i.o)
                0x08003cf8                _printf_common
 .text._printf_i
                0x08003de4      0x24c e:/workspace/software&toolchain/gcc-arm-none-eabi-5_4-2016q3-20160926-win32/bin/../lib/gcc/arm-none-eabi/5.4.1/../../../../arm-none-eabi/lib/armv7e-m/fpu\libg_nano.a(lib_a-nano-vfprintf_i.o)
                0x08003de4                _printf_i
 .text          0x08004030       0xa0 e:/workspace/software&toolchain/gcc-arm-none-eabi-5_4-2016q3-20160926-win32/bin/../lib/gcc/arm-none-eabi/5.4.1/../../../../arm-none-eabi/lib/armv7e-m/fpu\libg_nano.a(lib_a-memchr.o)
                0x08004030                memchr
 .text.memmove  0x080040d0       0x36 e:/workspace/software&toolchain/gcc-arm-none-eabi-5_4-2016q3-20160926-win32/bin/../lib/gcc/arm-none-eabi/5.4.1/../../../../arm-none-eabi/lib/armv7e-m/fpu\libg_nano.a(lib_a-memmove.o)
                0x080040d0                memmove
 *fill*         0x08004106        0x2 
 .text._free_r  0x08004108       0x9c e:/workspace/software&toolchain/gcc-arm-none-eabi-5_4-2016q3-20160926-win32/bin/../lib/gcc/arm-none-eabi/5.4.1/../../../../arm-none-eabi/lib/armv7e-m/fpu\libg_nano.a(lib_a-nano-freer.o)
                0x08004108                _free_r
 .text._malloc_r
                0x080041a4       0xbc e:/workspace/software&toolchain/gcc-arm-none-eabi-5_4-2016q3-20160926-win32/bin/../lib/gcc/arm-none-eabi/5.4.1/../../../../arm-none-eabi/lib/armv7e-m/fpu\libg_nano.a(lib_a-nano-mallocr.o)
                0x080041a4                _malloc_r
 .text._realloc_r
                0x08004260       0x4c e:/workspace/software&toolchain/gcc-arm-none-eabi-5_4-2016q3-20160926-win32/bin/../lib/gcc/arm-none-eabi/5.4.1/../../../../arm-none-eabi/lib/armv7e-m/fpu\libg_nano.a(lib_a-nano-reallocr.o)
                0x08004260                _realloc_r
 .text._sbrk_r  0x080042ac       0x20 e:/workspace/software&toolchain/gcc-arm-none-eabi-5_4-2016q3-20160926-win32/bin/../lib/gcc/arm-none-eabi/5.4.1/../../../../arm-none-eabi/lib/armv7e-m/fpu\libg_nano.a(lib_a-sbrkr.o)
                0x080042ac                _sbrk_r
 .text.__malloc_lock
                0x080042cc        0x2 e:/workspace/software&toolchain/gcc-arm-none-eabi-5_4-2016q3-20160926-win32/bin/../lib/gcc/arm-none-eabi/5.4.1/../../../../arm-none-eabi/lib/armv7e-m/fpu\libg_nano.a(lib_a-mlock.o)
                0x080042cc                __malloc_lock
 .text.__malloc_unlock
                0x080042ce        0x2 e:/workspace/software&toolchain/gcc-arm-none-eabi-5_4-2016q3-20160926-win32/bin/../lib/gcc/arm-none-eabi/5.4.1/../../../../arm-none-eabi/lib/armv7e-m/fpu\libg_nano.a(lib_a-mlock.o)
                0x080042ce                __malloc_unlock
 .text._malloc_usable_size_r
                0x080042d0       0x14 e:/workspace/software&toolchain/gcc-arm-none-eabi-5_4-2016q3-20160926-win32/bin/../lib/gcc/arm-none-eabi/5.4.1/../../../../arm-none-eabi/lib/armv7e-m/fpu\libg_nano.a(lib_a-nano-msizer.o)
                0x080042d0                _malloc_usable_size_r
 *(.rodata .rodata.* .constdata .constdata.*)
 .rodata.str1.4
                0x080042e4      0x146 ./system/src/cortexm/exception_handlers.o
 *fill*         0x0800442a        0x2 
 .rodata.str1.4
                0x0800442c       0x5b ./src/main.o
 *fill*         0x08004487        0x1 
 .rodata.str1.4
                0x08004488      0x24a ./TraceRecorderLib/trcKernelPort.o
 *fill*         0x080046d2        0x2 
 .rodata.str1.4
                0x080046d4     0x10d0 ./TraceRecorderLib/trcSnapshotRecorder.o
 .rodata.str1.4
                0x080057a4        0x5 ./FreeRTOSv9.0/Source/tasks.o
 *fill*         0x080057a9        0x3 
 .rodata.str1.4
                0x080057ac       0x10 ./FreeRTOSv9.0/Source/timers.o
 .rodata.str1.1
                0x080057bc       0x11 e:/workspace/software&toolchain/gcc-arm-none-eabi-5_4-2016q3-20160926-win32/bin/../lib/gcc/arm-none-eabi/5.4.1/../../../../arm-none-eabi/lib/armv7e-m/fpu\libg_nano.a(lib_a-nano-svfprintf.o)
 .rodata.str1.1
                0x080057cd       0x22 e:/workspace/software&toolchain/gcc-arm-none-eabi-5_4-2016q3-20160926-win32/bin/../lib/gcc/arm-none-eabi/5.4.1/../../../../arm-none-eabi/lib/armv7e-m/fpu\libg_nano.a(lib_a-nano-vfprintf_i.o)
 *(vtable)
 *(.eh_frame*)
 *(.glue_7)
 .glue_7        0x080057ef        0x0 linker stubs
 *(.glue_7t)
 .glue_7t       0x080057ef        0x0 linker stubs

.vfp11_veneer   0x080057f0        0x0
 .vfp11_veneer  0x080057f0        0x0 linker stubs

.v4_bx          0x080057f0        0x0
 .v4_bx         0x080057f0        0x0 linker stubs

.iplt           0x080057f0        0x0
 .iplt          0x080057f0        0x0 ./system/src/newlib/_cxx.o

.rel.dyn        0x080057f0        0x0
 .rel.iplt      0x080057f0        0x0 ./system/src/newlib/_cxx.o

.ARM.extab
 *(.ARM.extab* .gnu.linkonce.armextab.*)
                0x080057f0                . = ALIGN (0x4)
                0x080057f0                __exidx_start = .

.ARM.exidx
 *(.ARM.exidx* .gnu.linkonce.armexidx.*)
                0x080057f0                __exidx_end = .
                0x080057f0                . = ALIGN (0x4)
                0x080057f0                _etext = .
                0x080057f0                __etext = .

.data_CCMRAM    0x10000000        0x0 load address 0x080057f0
 FILL mask 0xff
 *(.data.CCMRAM .data.CCMRAM.*)
                0x10000000                . = ALIGN (0x4)
                0x080057f0                _sidata = LOADADDR (.data)

.data           0x20000000       0x8c load address 0x080057f0
 FILL mask 0xff
                0x20000000                _sdata = .
                0x20000000                __data_start__ = .
 *(.data_begin .data_begin.*)
 .data_begin    0x20000000        0x4 ./system/src/newlib/_startup.o
 *(.data .data.*)
 .data.argv.4292
                0x20000004        0x8 ./system/src/newlib/_syscalls.o
 .data.SystemCoreClock
                0x2000000c        0x4 ./system/src/cmsis/system_stm32f4xx.o
                0x2000000c                SystemCoreClock
 .data.TraceObjectClassTable
                0x20000010        0x5 ./TraceRecorderLib/trcKernelPort.o
                0x20000010                TraceObjectClassTable
 *fill*         0x20000015        0x1 ff
 .data.CurrentFilterGroup
                0x20000016        0x2 ./TraceRecorderLib/trcSnapshotRecorder.o
                0x20000016                CurrentFilterGroup
 .data.CurrentFilterMask
                0x20000018        0x2 ./TraceRecorderLib/trcSnapshotRecorder.o
                0x20000018                CurrentFilterMask
 *fill*         0x2000001a        0x2 ff
 .data.readyEventsEnabled
                0x2000001c        0x4 ./TraceRecorderLib/trcSnapshotRecorder.o
 .data.uxCriticalNesting
                0x20000020        0x4 ./FreeRTOSv9.0/Source/portable/GCC/ARM_CM4F/port.o
 .data.impure_data
                0x20000024       0x60 e:/workspace/software&toolchain/gcc-arm-none-eabi-5_4-2016q3-20160926-win32/bin/../lib/gcc/arm-none-eabi/5.4.1/../../../../arm-none-eabi/lib/armv7e-m/fpu\libg_nano.a(lib_a-impure.o)
 .data._impure_ptr
                0x20000084        0x4 e:/workspace/software&toolchain/gcc-arm-none-eabi-5_4-2016q3-20160926-win32/bin/../lib/gcc/arm-none-eabi/5.4.1/../../../../arm-none-eabi/lib/armv7e-m/fpu\libg_nano.a(lib_a-impure.o)
                0x20000084                _impure_ptr
 *(.data_end .data_end.*)
 .data_end      0x20000088        0x4 ./system/src/newlib/_startup.o
                0x2000008c                . = ALIGN (0x4)
                0x2000008c                _edata = .
                0x2000008c                __data_end__ = .

.igot.plt       0x2000008c        0x0 load address 0x0800587c
 .igot.plt      0x2000008c        0x0 ./system/src/newlib/_cxx.o

.bss_CCMRAM     0x10000000        0x0
 *(.bss.CCMRAM .bss.CCMRAM.*)

.bss            0x2000008c     0xbad8
                0x2000008c                __bss_start__ = .
                0x2000008c                _sbss = .
 *(.bss_begin .bss_begin.*)
 .bss_begin     0x2000008c        0x4 ./system/src/newlib/_startup.o
 *(.bss .bss.*)
 .bss.current_heap_end.3976
                0x20000090        0x4 ./system/src/newlib/_sbrk.o
 .bss.name.4291
                0x20000094        0x1 ./system/src/newlib/_syscalls.o
 *fill*         0x20000095        0x3 
 .bss.buf.5181  0x20000098       0x80 ./system/src/diag/Trace.o
 .bss.xSemaphore
                0x20000118        0x4 ./src/main.o
                0x20000118                xSemaphore
 .bss.last_timestamp
                0x2000011c        0x4 ./TraceRecorderLib/trcSnapshotRecorder.o
 .bss.traceErrorMessage
                0x20000120        0x4 ./TraceRecorderLib/trcSnapshotRecorder.o
                0x20000120                traceErrorMessage
 .bss.recorder_busy
                0x20000124        0x4 ./TraceRecorderLib/trcSnapshotRecorder.o
                0x20000124                recorder_busy
 .bss.last_hwtc_rest.6335
                0x20000128        0x4 ./TraceRecorderLib/trcSnapshotRecorder.o
 .bss.uiTraceTickCount
                0x2000012c        0x4 ./TraceRecorderLib/trcSnapshotRecorder.o
                0x2000012c                uiTraceTickCount
 .bss.RecorderDataPtr
                0x20000130        0x4 ./TraceRecorderLib/trcSnapshotRecorder.o
                0x20000130                RecorderDataPtr
 .bss.last_hwtc_count.6333
                0x20000134        0x4 ./TraceRecorderLib/trcSnapshotRecorder.o
 .bss.heapMemUsage
                0x20000138        0x4 ./TraceRecorderLib/trcSnapshotRecorder.o
 .bss.isPendingContextSwitch
                0x2000013c        0x4 ./TraceRecorderLib/trcSnapshotRecorder.o
                0x2000013c                isPendingContextSwitch
 .bss.vTraceStopHookPtr
                0x20000140        0x4 ./TraceRecorderLib/trcSnapshotRecorder.o
                0x20000140                vTraceStopHookPtr
 .bss.objectHandleStacks
                0x20000144       0x70 ./TraceRecorderLib/trcSnapshotRecorder.o
                0x20000144                objectHandleStacks
 .bss.handle_of_last_logged_task
                0x200001b4        0x1 ./TraceRecorderLib/trcSnapshotRecorder.o
                0x200001b4                handle_of_last_logged_task
 *fill*         0x200001b5        0x3 
 .bss.old_timestamp.6295
                0x200001b8        0x4 ./TraceRecorderLib/trcSnapshotRecorder.o
 .bss.trace_disable_timestamp
                0x200001bc        0x4 ./TraceRecorderLib/trcSnapshotRecorder.o
                0x200001bc                trace_disable_timestamp
 .bss.timestampFrequency
                0x200001c0        0x4 ./TraceRecorderLib/trcSnapshotRecorder.o
                0x200001c0                timestampFrequency
 .bss.xFreeBytesRemaining
                0x200001c4        0x4 ./FreeRTOSv9.0/Source/portable/MemMang/heap_4.o
 .bss.pxEnd     0x200001c8        0x4 ./FreeRTOSv9.0/Source/portable/MemMang/heap_4.o
 .bss.xStart    0x200001cc        0x8 ./FreeRTOSv9.0/Source/portable/MemMang/heap_4.o
 .bss.ucHeap    0x200001d4     0xa000 ./FreeRTOSv9.0/Source/portable/MemMang/heap_4.o
 .bss.xBlockAllocatedBit
                0x2000a1d4        0x4 ./FreeRTOSv9.0/Source/portable/MemMang/heap_4.o
 .bss.xMinimumEverFreeBytesRemaining
                0x2000a1d8        0x4 ./FreeRTOSv9.0/Source/portable/MemMang/heap_4.o
 .bss.ucMaxSysCallPriority
                0x2000a1dc        0x1 ./FreeRTOSv9.0/Source/portable/GCC/ARM_CM4F/port.o
 *fill*         0x2000a1dd        0x3 
 .bss.ulMaxPRIGROUPValue
                0x2000a1e0        0x4 ./FreeRTOSv9.0/Source/portable/GCC/ARM_CM4F/port.o
 .bss.xNumOfOverflows
                0x2000a1e4        0x4 ./FreeRTOSv9.0/Source/tasks.o
 .bss.pxDelayedTaskList
                0x2000a1e8        0x4 ./FreeRTOSv9.0/Source/tasks.o
 .bss.xSchedulerRunning
                0x2000a1ec        0x4 ./FreeRTOSv9.0/Source/tasks.o
 .bss.xTasksWaitingTermination
                0x2000a1f0       0x14 ./FreeRTOSv9.0/Source/tasks.o
 .bss.pxOverflowDelayedTaskList
                0x2000a204        0x4 ./FreeRTOSv9.0/Source/tasks.o
 .bss.uxPendedTicks
                0x2000a208        0x4 ./FreeRTOSv9.0/Source/tasks.o
 .bss.pxReadyTasksLists
                0x2000a20c       0x64 ./FreeRTOSv9.0/Source/tasks.o
 .bss.uxSchedulerSuspended
                0x2000a270        0x4 ./FreeRTOSv9.0/Source/tasks.o
 .bss.uxDeletedTasksWaitingCleanUp
                0x2000a274        0x4 ./FreeRTOSv9.0/Source/tasks.o
 .bss.uxCurrentNumberOfTasks
                0x2000a278        0x4 ./FreeRTOSv9.0/Source/tasks.o
 .bss.pxCurrentTCB
                0x2000a27c        0x4 ./FreeRTOSv9.0/Source/tasks.o
                0x2000a27c                pxCurrentTCB
 .bss.xPendingReadyList
                0x2000a280       0x14 ./FreeRTOSv9.0/Source/tasks.o
 .bss.xIdleTaskHandle
                0x2000a294        0x4 ./FreeRTOSv9.0/Source/tasks.o
 .bss.xTickCount
                0x2000a298        0x4 ./FreeRTOSv9.0/Source/tasks.o
 .bss.xNextTaskUnblockTime
                0x2000a29c        0x4 ./FreeRTOSv9.0/Source/tasks.o
 .bss.uxTaskNumber
                0x2000a2a0        0x4 ./FreeRTOSv9.0/Source/tasks.o
 .bss.xDelayedTaskList1
                0x2000a2a4       0x14 ./FreeRTOSv9.0/Source/tasks.o
 .bss.xDelayedTaskList2
                0x2000a2b8       0x14 ./FreeRTOSv9.0/Source/tasks.o
 .bss.xSuspendedTaskList
                0x2000a2cc       0x14 ./FreeRTOSv9.0/Source/tasks.o
 .bss.uxTopReadyPriority
                0x2000a2e0        0x4 ./FreeRTOSv9.0/Source/tasks.o
 .bss.xYieldPending
                0x2000a2e4        0x4 ./FreeRTOSv9.0/Source/tasks.o
 .bss.pxCurrentTimerList
                0x2000a2e8        0x4 ./FreeRTOSv9.0/Source/timers.o
 .bss.xActiveTimerList1
                0x2000a2ec       0x14 ./FreeRTOSv9.0/Source/timers.o
 .bss.xActiveTimerList2
                0x2000a300       0x14 ./FreeRTOSv9.0/Source/timers.o
 .bss.xTimerQueue
                0x2000a314        0x4 ./FreeRTOSv9.0/Source/timers.o
 .bss.xLastTime.6647
                0x2000a318        0x4 ./FreeRTOSv9.0/Source/timers.o
 .bss.pxOverflowTimerList
                0x2000a31c        0x4 ./FreeRTOSv9.0/Source/timers.o
 .bss.xTimerTaskHandle
                0x2000a320        0x4 ./FreeRTOSv9.0/Source/timers.o
 .bss.__malloc_sbrk_start
                0x2000a324        0x4 e:/workspace/software&toolchain/gcc-arm-none-eabi-5_4-2016q3-20160926-win32/bin/../lib/gcc/arm-none-eabi/5.4.1/../../../../arm-none-eabi/lib/armv7e-m/fpu\libg_nano.a(lib_a-nano-mallocr.o)
                0x2000a324                __malloc_sbrk_start
 .bss.__malloc_free_list
                0x2000a328        0x4 e:/workspace/software&toolchain/gcc-arm-none-eabi-5_4-2016q3-20160926-win32/bin/../lib/gcc/arm-none-eabi/5.4.1/../../../../arm-none-eabi/lib/armv7e-m/fpu\libg_nano.a(lib_a-nano-mallocr.o)
                0x2000a328                __malloc_free_list
 *(COMMON)
 COMMON         0x2000a32c        0x4 ./system/src/newlib/_syscalls.o
                0x2000a32c                errno
 COMMON         0x2000a330     0x17f0 ./TraceRecorderLib/trcSnapshotRecorder.o
                0x2000a330                RecorderData
                0x2000bb1c                init_hwtc_count
 COMMON         0x2000bb20       0x40 ./FreeRTOSv9.0/Source/queue.o
                0x2000bb20                xQueueRegistry
 *(.bss_end .bss_end.*)
 .bss_end       0x2000bb60        0x4 ./system/src/newlib/_startup.o
                0x2000bb64                . = ALIGN (0x4)
                0x2000bb64                __bss_end__ = .
                0x2000bb64                _ebss = .

.noinit_CCMRAM
 *(.noinit.CCMRAM .noinit.CCMRAM.*)

.noinit         0x2000bb64        0x0
                0x2000bb64                _noinit = .
 *(.noinit .noinit.*)
                0x2000bb64                . = ALIGN (0x4)
                0x2000bb64                _end_noinit = .
                [!provide]                PROVIDE (end, _end_noinit)
                [!provide]                PROVIDE (_end, _end_noinit)
                [!provide]                PROVIDE (__end, _end_noinit)
                [!provide]                PROVIDE (__end__, _end_noinit)

._check_stack   0x2000bb64      0x100
                0x2000bc64                . = (. + _Minimum_Stack_Size)
 *fill*         0x2000bb64      0x100 

.b1text
 *(.b1text)
 *(.b1rodata)
 *(.b1rodata.*)

.eb0text
 *(.eb0text)
 *(.eb0rodata)
 *(.eb0rodata.*)

.eb1text
 *(.eb1text)
 *(.eb1rodata)
 *(.eb1rodata.*)

.eb2text
 *(.eb2text)
 *(.eb2rodata)
 *(.eb2rodata.*)

.eb3text
 *(.eb3text)
 *(.eb3rodata)
 *(.eb3rodata.*)

.stab
 *(.stab)

.stabstr
 *(.stabstr)

.stab.excl
 *(.stab.excl)

.stab.exclstr
 *(.stab.exclstr)

.stab.index
 *(.stab.index)

.stab.indexstr
 *(.stab.indexstr)

.comment        0x00000000       0x6e
 *(.comment)
 .comment       0x00000000       0x6e ./system/src/newlib/_exit.o
                                 0x6f (size before relaxing)
 .comment       0x0000006e       0x6f ./system/src/newlib/_sbrk.o
 .comment       0x0000006e       0x6f ./system/src/newlib/_startup.o
 .comment       0x0000006e       0x6f ./system/src/newlib/_syscalls.o
 .comment       0x0000006e       0x6f ./system/src/diag/Trace.o
 .comment       0x0000006e       0x6f ./system/src/diag/trace_impl.o
 .comment       0x0000006e       0x6f ./system/src/cortexm/_initialize_hardware.o
 .comment       0x0000006e       0x6f ./system/src/cortexm/exception_handlers.o
 .comment       0x0000006e       0x6f ./system/src/cmsis/system_stm32f4xx.o
 .comment       0x0000006e       0x6f ./src/main.o
 .comment       0x0000006e       0x6f ./TraceRecorderLib/trcKernelPort.o
 .comment       0x0000006e       0x6f ./TraceRecorderLib/trcSnapshotRecorder.o
 .comment       0x0000006e       0x6f ./FreeRTOSv9.0/Source/portable/MemMang/heap_4.o
 .comment       0x0000006e       0x6f ./FreeRTOSv9.0/Source/portable/GCC/ARM_CM4F/port.o
 .comment       0x0000006e       0x6f ./FreeRTOSv9.0/Source/list.o
 .comment       0x0000006e       0x6f ./FreeRTOSv9.0/Source/queue.o
 .comment       0x0000006e       0x6f ./FreeRTOSv9.0/Source/tasks.o
 .comment       0x0000006e       0x6f ./FreeRTOSv9.0/Source/timers.o

.ARM.attributes
                0x00000000       0x37
 .ARM.attributes
                0x00000000       0x39 ./system/src/newlib/_exit.o
 .ARM.attributes
                0x00000039       0x39 ./system/src/newlib/_sbrk.o
 .ARM.attributes
                0x00000072       0x39 ./system/src/newlib/_startup.o
 .ARM.attributes
                0x000000ab       0x39 ./system/src/newlib/_syscalls.o
 .ARM.attributes
                0x000000e4       0x39 ./system/src/diag/Trace.o
 .ARM.attributes
                0x0000011d       0x39 ./system/src/diag/trace_impl.o
 .ARM.attributes
                0x00000156       0x39 ./system/src/cortexm/_initialize_hardware.o
 .ARM.attributes
                0x0000018f       0x39 ./system/src/cortexm/exception_handlers.o
 .ARM.attributes
                0x000001c8       0x21 ./system/src/cmsis/startup_stm32f446xx.o
 .ARM.attributes
                0x000001e9       0x39 ./system/src/cmsis/system_stm32f4xx.o
 .ARM.attributes
                0x00000222       0x39 ./src/main.o
 .ARM.attributes
                0x0000025b       0x39 ./TraceRecorderLib/trcKernelPort.o
 .ARM.attributes
                0x00000294       0x39 ./TraceRecorderLib/trcSnapshotRecorder.o
 .ARM.attributes
                0x000002cd       0x39 ./FreeRTOSv9.0/Source/portable/MemMang/heap_4.o
 .ARM.attributes
                0x00000306       0x39 ./FreeRTOSv9.0/Source/portable/GCC/ARM_CM4F/port.o
 .ARM.attributes
                0x0000033f       0x39 ./FreeRTOSv9.0/Source/list.o
 .ARM.attributes
                0x00000378       0x39 ./FreeRTOSv9.0/Source/queue.o
 .ARM.attributes
                0x000003b1       0x39 ./FreeRTOSv9.0/Source/tasks.o
 .ARM.attributes
                0x000003ea       0x39 ./FreeRTOSv9.0/Source/timers.o
 .ARM.attributes
                0x00000423       0x34 e:/workspace/software&toolchain/gcc-arm-none-eabi-5_4-2016q3-20160926-win32/bin/../lib/gcc/arm-none-eabi/5.4.1/../../../../arm-none-eabi/lib/armv7e-m/fpu\libg_nano.a(lib_a-errno.o)
 .ARM.attributes
                0x00000457       0x34 e:/workspace/software&toolchain/gcc-arm-none-eabi-5_4-2016q3-20160926-win32/bin/../lib/gcc/arm-none-eabi/5.4.1/../../../../arm-none-eabi/lib/armv7e-m/fpu\libg_nano.a(lib_a-impure.o)
 .ARM.attributes
                0x0000048b       0x34 e:/workspace/software&toolchain/gcc-arm-none-eabi-5_4-2016q3-20160926-win32/bin/../lib/gcc/arm-none-eabi/5.4.1/../../../../arm-none-eabi/lib/armv7e-m/fpu\libg_nano.a(lib_a-memcpy-stub.o)
 .ARM.attributes
                0x000004bf       0x34 e:/workspace/software&toolchain/gcc-arm-none-eabi-5_4-2016q3-20160926-win32/bin/../lib/gcc/arm-none-eabi/5.4.1/../../../../arm-none-eabi/lib/armv7e-m/fpu\libg_nano.a(lib_a-memset.o)
 .ARM.attributes
                0x000004f3       0x34 e:/workspace/software&toolchain/gcc-arm-none-eabi-5_4-2016q3-20160926-win32/bin/../lib/gcc/arm-none-eabi/5.4.1/../../../../arm-none-eabi/lib/armv7e-m/fpu\libg_nano.a(lib_a-vsnprintf.o)
 .ARM.attributes
                0x00000527       0x34 e:/workspace/software&toolchain/gcc-arm-none-eabi-5_4-2016q3-20160926-win32/bin/../lib/gcc/arm-none-eabi/5.4.1/../../../../arm-none-eabi/lib/armv7e-m/fpu\libg_nano.a(lib_a-nano-svfprintf.o)
 .ARM.attributes
                0x0000055b       0x34 e:/workspace/software&toolchain/gcc-arm-none-eabi-5_4-2016q3-20160926-win32/bin/../lib/gcc/arm-none-eabi/5.4.1/../../../../arm-none-eabi/lib/armv7e-m/fpu\libg_nano.a(lib_a-nano-vfprintf_i.o)
 .ARM.attributes
                0x0000058f       0x20 e:/workspace/software&toolchain/gcc-arm-none-eabi-5_4-2016q3-20160926-win32/bin/../lib/gcc/arm-none-eabi/5.4.1/../../../../arm-none-eabi/lib/armv7e-m/fpu\libg_nano.a(lib_a-memchr.o)
 .ARM.attributes
                0x000005af       0x34 e:/workspace/software&toolchain/gcc-arm-none-eabi-5_4-2016q3-20160926-win32/bin/../lib/gcc/arm-none-eabi/5.4.1/../../../../arm-none-eabi/lib/armv7e-m/fpu\libg_nano.a(lib_a-memmove.o)
 .ARM.attributes
                0x000005e3       0x34 e:/workspace/software&toolchain/gcc-arm-none-eabi-5_4-2016q3-20160926-win32/bin/../lib/gcc/arm-none-eabi/5.4.1/../../../../arm-none-eabi/lib/armv7e-m/fpu\libg_nano.a(lib_a-nano-freer.o)
 .ARM.attributes
                0x00000617       0x34 e:/workspace/software&toolchain/gcc-arm-none-eabi-5_4-2016q3-20160926-win32/bin/../lib/gcc/arm-none-eabi/5.4.1/../../../../arm-none-eabi/lib/armv7e-m/fpu\libg_nano.a(lib_a-nano-mallocr.o)
 .ARM.attributes
                0x0000064b       0x34 e:/workspace/software&toolchain/gcc-arm-none-eabi-5_4-2016q3-20160926-win32/bin/../lib/gcc/arm-none-eabi/5.4.1/../../../../arm-none-eabi/lib/armv7e-m/fpu\libg_nano.a(lib_a-nano-reallocr.o)
 .ARM.attributes
                0x0000067f       0x34 e:/workspace/software&toolchain/gcc-arm-none-eabi-5_4-2016q3-20160926-win32/bin/../lib/gcc/arm-none-eabi/5.4.1/../../../../arm-none-eabi/lib/armv7e-m/fpu\libg_nano.a(lib_a-sbrkr.o)
 .ARM.attributes
                0x000006b3       0x34 e:/workspace/software&toolchain/gcc-arm-none-eabi-5_4-2016q3-20160926-win32/bin/../lib/gcc/arm-none-eabi/5.4.1/../../../../arm-none-eabi/lib/armv7e-m/fpu\libg_nano.a(lib_a-mlock.o)
 .ARM.attributes
                0x000006e7       0x34 e:/workspace/software&toolchain/gcc-arm-none-eabi-5_4-2016q3-20160926-win32/bin/../lib/gcc/arm-none-eabi/5.4.1/../../../../arm-none-eabi/lib/armv7e-m/fpu\libg_nano.a(lib_a-nano-msizer.o)

.debug
 *(.debug)

.line
 *(.line)

.debug_srcinfo
 *(.debug_srcinfo)

.debug_sfnames
 *(.debug_sfnames)

.debug_aranges  0x00000000      0x9e8
 *(.debug_aranges)
 .debug_aranges
                0x00000000       0x28 ./system/src/newlib/_exit.o
 .debug_aranges
                0x00000028       0x20 ./system/src/newlib/_sbrk.o
 .debug_aranges
                0x00000048       0x40 ./system/src/newlib/_startup.o
 .debug_aranges
                0x00000088       0x30 ./system/src/newlib/_syscalls.o
 .debug_aranges
                0x000000b8       0x38 ./system/src/diag/Trace.o
 .debug_aranges
                0x000000f0       0x30 ./system/src/diag/trace_impl.o
 .debug_aranges
                0x00000120       0x28 ./system/src/cortexm/_initialize_hardware.o
 .debug_aranges
                0x00000148       0x90 ./system/src/cortexm/exception_handlers.o
 .debug_aranges
                0x000001d8       0x28 ./system/src/cmsis/startup_stm32f446xx.o
 .debug_aranges
                0x00000200       0x28 ./system/src/cmsis/system_stm32f4xx.o
 .debug_aranges
                0x00000228       0x50 ./src/main.o
 .debug_aranges
                0x00000278       0xb0 ./TraceRecorderLib/trcKernelPort.o
 .debug_aranges
                0x00000328      0x208 ./TraceRecorderLib/trcSnapshotRecorder.o
 .debug_aranges
                0x00000530       0x50 ./FreeRTOSv9.0/Source/portable/MemMang/heap_4.o
 .debug_aranges
                0x00000580       0x80 ./FreeRTOSv9.0/Source/portable/GCC/ARM_CM4F/port.o
 .debug_aranges
                0x00000600       0x40 ./FreeRTOSv9.0/Source/list.o
 .debug_aranges
                0x00000640      0x118 ./FreeRTOSv9.0/Source/queue.o
 .debug_aranges
                0x00000758      0x1d8 ./FreeRTOSv9.0/Source/tasks.o
 .debug_aranges
                0x00000930       0xb8 ./FreeRTOSv9.0/Source/timers.o

.debug_pubnames
 *(.debug_pubnames)

.debug_info     0x00000000     0xd666
 *(.debug_info .gnu.linkonce.wi.*)
 .debug_info    0x00000000       0xef ./system/src/newlib/_exit.o
 .debug_info    0x000000ef      0x11f ./system/src/newlib/_sbrk.o
 .debug_info    0x0000020e      0x455 ./system/src/newlib/_startup.o
 .debug_info    0x00000663      0x1c7 ./system/src/newlib/_syscalls.o
 .debug_info    0x0000082a      0x2e7 ./system/src/diag/Trace.o
 .debug_info    0x00000b11      0x30b ./system/src/diag/trace_impl.o
 .debug_info    0x00000e1c      0x2b1 ./system/src/cortexm/_initialize_hardware.o
 .debug_info    0x000010cd      0x8f4 ./system/src/cortexm/exception_handlers.o
 .debug_info    0x000019c1       0x8b ./system/src/cmsis/startup_stm32f446xx.o
 .debug_info    0x00001a4c       0xd1 ./system/src/cmsis/system_stm32f4xx.o
 .debug_info    0x00001b1d      0x425 ./src/main.o
 .debug_info    0x00001f42      0xb1e ./TraceRecorderLib/trcKernelPort.o
 .debug_info    0x00002a60     0x30ac ./TraceRecorderLib/trcSnapshotRecorder.o
 .debug_info    0x00005b0c      0x4c0 ./FreeRTOSv9.0/Source/portable/MemMang/heap_4.o
 .debug_info    0x00005fcc      0x53f ./FreeRTOSv9.0/Source/portable/GCC/ARM_CM4F/port.o
 .debug_info    0x0000650b      0x2ba ./FreeRTOSv9.0/Source/list.o
 .debug_info    0x000067c5     0x29ed ./FreeRTOSv9.0/Source/queue.o
 .debug_info    0x000091b2     0x3447 ./FreeRTOSv9.0/Source/tasks.o
 .debug_info    0x0000c5f9     0x106d ./FreeRTOSv9.0/Source/timers.o

.debug_abbrev   0x00000000     0x1f05
 *(.debug_abbrev)
 .debug_abbrev  0x00000000       0x8e ./system/src/newlib/_exit.o
 .debug_abbrev  0x0000008e       0xb9 ./system/src/newlib/_sbrk.o
 .debug_abbrev  0x00000147      0x1ac ./system/src/newlib/_startup.o
 .debug_abbrev  0x000002f3       0xec ./system/src/newlib/_syscalls.o
 .debug_abbrev  0x000003df      0x156 ./system/src/diag/Trace.o
 .debug_abbrev  0x00000535      0x1c8 ./system/src/diag/trace_impl.o
 .debug_abbrev  0x000006fd       0xea ./system/src/cortexm/_initialize_hardware.o
 .debug_abbrev  0x000007e7      0x247 ./system/src/cortexm/exception_handlers.o
 .debug_abbrev  0x00000a2e       0x12 ./system/src/cmsis/startup_stm32f446xx.o
 .debug_abbrev  0x00000a40       0x7b ./system/src/cmsis/system_stm32f4xx.o
 .debug_abbrev  0x00000abb      0x174 ./src/main.o
 .debug_abbrev  0x00000c2f      0x1bc ./TraceRecorderLib/trcKernelPort.o
 .debug_abbrev  0x00000deb      0x394 ./TraceRecorderLib/trcSnapshotRecorder.o
 .debug_abbrev  0x0000117f      0x232 ./FreeRTOSv9.0/Source/portable/MemMang/heap_4.o
 .debug_abbrev  0x000013b1      0x22d ./FreeRTOSv9.0/Source/portable/GCC/ARM_CM4F/port.o
 .debug_abbrev  0x000015de       0xf9 ./FreeRTOSv9.0/Source/list.o
 .debug_abbrev  0x000016d7      0x2b9 ./FreeRTOSv9.0/Source/queue.o
 .debug_abbrev  0x00001990      0x334 ./FreeRTOSv9.0/Source/tasks.o
 .debug_abbrev  0x00001cc4      0x241 ./FreeRTOSv9.0/Source/timers.o

.debug_line     0x00000000     0x7a03
 *(.debug_line)
 .debug_line    0x00000000      0x389 ./system/src/newlib/_exit.o
 .debug_line    0x00000389      0x33a ./system/src/newlib/_sbrk.o
 .debug_line    0x000006c3      0x3f0 ./system/src/newlib/_startup.o
 .debug_line    0x00000ab3      0x468 ./system/src/newlib/_syscalls.o
 .debug_line    0x00000f1b      0x3f7 ./system/src/diag/Trace.o
 .debug_line    0x00001312      0x495 ./system/src/diag/trace_impl.o
 .debug_line    0x000017a7      0x1af ./system/src/cortexm/_initialize_hardware.o
 .debug_line    0x00001956      0x53e ./system/src/cortexm/exception_handlers.o
 .debug_line    0x00001e94       0x88 ./system/src/cmsis/startup_stm32f446xx.o
 .debug_line    0x00001f1c      0x194 ./system/src/cmsis/system_stm32f4xx.o
 .debug_line    0x000020b0      0x728 ./src/main.o
 .debug_line    0x000027d8      0x558 ./TraceRecorderLib/trcKernelPort.o
 .debug_line    0x00002d30      0xf9c ./TraceRecorderLib/trcSnapshotRecorder.o
 .debug_line    0x00003ccc      0x70a ./FreeRTOSv9.0/Source/portable/MemMang/heap_4.o
 .debug_line    0x000043d6      0x599 ./FreeRTOSv9.0/Source/portable/GCC/ARM_CM4F/port.o
 .debug_line    0x0000496f      0x62c ./FreeRTOSv9.0/Source/list.o
 .debug_line    0x00004f9b      0xece ./FreeRTOSv9.0/Source/queue.o
 .debug_line    0x00005e69     0x12bc ./FreeRTOSv9.0/Source/tasks.o
 .debug_line    0x00007125      0x8de ./FreeRTOSv9.0/Source/timers.o

.debug_frame    0x00000000     0x1d0c
 *(.debug_frame)
 .debug_frame   0x00000000       0x38 ./system/src/newlib/_exit.o
 .debug_frame   0x00000038       0x28 ./system/src/newlib/_sbrk.o
 .debug_frame   0x00000060       0x7c ./system/src/newlib/_startup.o
 .debug_frame   0x000000dc       0x50 ./system/src/newlib/_syscalls.o
 .debug_frame   0x0000012c       0x94 ./system/src/diag/Trace.o
 .debug_frame   0x000001c0       0x60 ./system/src/diag/trace_impl.o
 .debug_frame   0x00000220       0x40 ./system/src/cortexm/_initialize_hardware.o
 .debug_frame   0x00000260      0x158 ./system/src/cortexm/exception_handlers.o
 .debug_frame   0x000003b8       0x30 ./system/src/cmsis/system_stm32f4xx.o
 .debug_frame   0x000003e8       0xa0 ./src/main.o
 .debug_frame   0x00000488      0x1dc ./TraceRecorderLib/trcKernelPort.o
 .debug_frame   0x00000664      0x680 ./TraceRecorderLib/trcSnapshotRecorder.o
 .debug_frame   0x00000ce4       0xac ./FreeRTOSv9.0/Source/portable/MemMang/heap_4.o
 .debug_frame   0x00000d90       0xf0 ./FreeRTOSv9.0/Source/portable/GCC/ARM_CM4F/port.o
 .debug_frame   0x00000e80       0x6c ./FreeRTOSv9.0/Source/list.o
 .debug_frame   0x00000eec      0x36c ./FreeRTOSv9.0/Source/queue.o
 .debug_frame   0x00001258      0x5ac ./FreeRTOSv9.0/Source/tasks.o
 .debug_frame   0x00001804      0x224 ./FreeRTOSv9.0/Source/timers.o
 .debug_frame   0x00001a28       0x20 e:/workspace/software&toolchain/gcc-arm-none-eabi-5_4-2016q3-20160926-win32/bin/../lib/gcc/arm-none-eabi/5.4.1/../../../../arm-none-eabi/lib/armv7e-m/fpu\libg_nano.a(lib_a-errno.o)
 .debug_frame   0x00001a48       0x28 e:/workspace/software&toolchain/gcc-arm-none-eabi-5_4-2016q3-20160926-win32/bin/../lib/gcc/arm-none-eabi/5.4.1/../../../../arm-none-eabi/lib/armv7e-m/fpu\libg_nano.a(lib_a-memcpy-stub.o)
 .debug_frame   0x00001a70       0x20 e:/workspace/software&toolchain/gcc-arm-none-eabi-5_4-2016q3-20160926-win32/bin/../lib/gcc/arm-none-eabi/5.4.1/../../../../arm-none-eabi/lib/armv7e-m/fpu\libg_nano.a(lib_a-memset.o)
 .debug_frame   0x00001a90       0x48 e:/workspace/software&toolchain/gcc-arm-none-eabi-5_4-2016q3-20160926-win32/bin/../lib/gcc/arm-none-eabi/5.4.1/../../../../arm-none-eabi/lib/armv7e-m/fpu\libg_nano.a(lib_a-vsnprintf.o)
 .debug_frame   0x00001ad8       0x90 e:/workspace/software&toolchain/gcc-arm-none-eabi-5_4-2016q3-20160926-win32/bin/../lib/gcc/arm-none-eabi/5.4.1/../../../../arm-none-eabi/lib/armv7e-m/fpu\libg_nano.a(lib_a-nano-svfprintf.o)
 .debug_frame   0x00001b68       0x60 e:/workspace/software&toolchain/gcc-arm-none-eabi-5_4-2016q3-20160926-win32/bin/../lib/gcc/arm-none-eabi/5.4.1/../../../../arm-none-eabi/lib/armv7e-m/fpu\libg_nano.a(lib_a-nano-vfprintf_i.o)
 .debug_frame   0x00001bc8       0x28 e:/workspace/software&toolchain/gcc-arm-none-eabi-5_4-2016q3-20160926-win32/bin/../lib/gcc/arm-none-eabi/5.4.1/../../../../arm-none-eabi/lib/armv7e-m/fpu\libg_nano.a(lib_a-memmove.o)
 .debug_frame   0x00001bf0       0x38 e:/workspace/software&toolchain/gcc-arm-none-eabi-5_4-2016q3-20160926-win32/bin/../lib/gcc/arm-none-eabi/5.4.1/../../../../arm-none-eabi/lib/armv7e-m/fpu\libg_nano.a(lib_a-nano-freer.o)
 .debug_frame   0x00001c28       0x2c e:/workspace/software&toolchain/gcc-arm-none-eabi-5_4-2016q3-20160926-win32/bin/../lib/gcc/arm-none-eabi/5.4.1/../../../../arm-none-eabi/lib/armv7e-m/fpu\libg_nano.a(lib_a-nano-mallocr.o)
 .debug_frame   0x00001c54       0x3c e:/workspace/software&toolchain/gcc-arm-none-eabi-5_4-2016q3-20160926-win32/bin/../lib/gcc/arm-none-eabi/5.4.1/../../../../arm-none-eabi/lib/armv7e-m/fpu\libg_nano.a(lib_a-nano-reallocr.o)
 .debug_frame   0x00001c90       0x2c e:/workspace/software&toolchain/gcc-arm-none-eabi-5_4-2016q3-20160926-win32/bin/../lib/gcc/arm-none-eabi/5.4.1/../../../../arm-none-eabi/lib/armv7e-m/fpu\libg_nano.a(lib_a-sbrkr.o)
 .debug_frame   0x00001cbc       0x30 e:/workspace/software&toolchain/gcc-arm-none-eabi-5_4-2016q3-20160926-win32/bin/../lib/gcc/arm-none-eabi/5.4.1/../../../../arm-none-eabi/lib/armv7e-m/fpu\libg_nano.a(lib_a-mlock.o)
 .debug_frame   0x00001cec       0x20 e:/workspace/software&toolchain/gcc-arm-none-eabi-5_4-2016q3-20160926-win32/bin/../lib/gcc/arm-none-eabi/5.4.1/../../../../arm-none-eabi/lib/armv7e-m/fpu\libg_nano.a(lib_a-nano-msizer.o)

.debug_str      0x00000000    0x9c9c6
 *(.debug_str)
 .debug_str     0x00000000     0x6d6f ./system/src/newlib/_exit.o
                               0x6ee6 (size before relaxing)
 .debug_str     0x00006d6f      0x35e ./system/src/newlib/_sbrk.o
                               0x62d1 (size before relaxing)
 .debug_str     0x000070cd      0xbb4 ./system/src/newlib/_startup.o
                               0x5e86 (size before relaxing)
 .debug_str     0x00007c81      0xe18 ./system/src/newlib/_syscalls.o
                               0x7131 (size before relaxing)
 .debug_str     0x00008a99      0x890 ./system/src/diag/Trace.o
                               0x76d6 (size before relaxing)
 .debug_str     0x00009329    0x838c5 ./system/src/diag/trace_impl.o
                              0x8a4c2 (size before relaxing)
 .debug_str     0x0008cbee       0xbc ./system/src/cortexm/_initialize_hardware.o
                              0x8667c (size before relaxing)
 .debug_str     0x0008ccaa      0x17b ./system/src/cortexm/exception_handlers.o
                              0x8b284 (size before relaxing)
 .debug_str     0x0008ce25       0x91 ./system/src/cmsis/system_stm32f4xx.o
                              0x8662d (size before relaxing)
 .debug_str     0x0008ceb6     0xb1f8 ./src/main.o
                              0x968ca (size before relaxing)
 .debug_str     0x000980ae      0x747 ./TraceRecorderLib/trcKernelPort.o
                              0x91b44 (size before relaxing)
 .debug_str     0x000987f5     0x1053 ./TraceRecorderLib/trcSnapshotRecorder.o
                              0x93e76 (size before relaxing)
 .debug_str     0x00099848      0x2d8 ./FreeRTOSv9.0/Source/portable/MemMang/heap_4.o
                              0x93943 (size before relaxing)
 .debug_str     0x00099b20      0x895 ./FreeRTOSv9.0/Source/portable/GCC/ARM_CM4F/port.o
                              0x914c3 (size before relaxing)
 .debug_str     0x0009a3b5      0x129 ./FreeRTOSv9.0/Source/list.o
                              0x931d8 (size before relaxing)
 .debug_str     0x0009a4de      0x7d9 ./FreeRTOSv9.0/Source/queue.o
                              0x94b84 (size before relaxing)
 .debug_str     0x0009acb7     0x194d ./FreeRTOSv9.0/Source/tasks.o
                              0x95795 (size before relaxing)
 .debug_str     0x0009c604      0x3c2 ./FreeRTOSv9.0/Source/timers.o
                              0x94d33 (size before relaxing)

.debug_loc      0x00000000     0x68f1
 *(.debug_loc)
 .debug_loc     0x00000000       0x82 ./system/src/newlib/_sbrk.o
 .debug_loc     0x00000082      0x265 ./system/src/newlib/_startup.o
 .debug_loc     0x000002e7       0x63 ./system/src/newlib/_syscalls.o
 .debug_loc     0x0000034a      0x102 ./system/src/diag/Trace.o
 .debug_loc     0x0000044c      0x17c ./system/src/diag/trace_impl.o
 .debug_loc     0x000005c8      0x2a8 ./system/src/cortexm/exception_handlers.o
 .debug_loc     0x00000870       0x42 ./src/main.o
 .debug_loc     0x000008b2      0x3bb ./TraceRecorderLib/trcKernelPort.o
 .debug_loc     0x00000c6d     0x236e ./TraceRecorderLib/trcSnapshotRecorder.o
 .debug_loc     0x00002fdb      0x29f ./FreeRTOSv9.0/Source/portable/MemMang/heap_4.o
 .debug_loc     0x0000327a       0xdc ./FreeRTOSv9.0/Source/portable/GCC/ARM_CM4F/port.o
 .debug_loc     0x00003356       0x65 ./FreeRTOSv9.0/Source/list.o
 .debug_loc     0x000033bb     0x1327 ./FreeRTOSv9.0/Source/queue.o
 .debug_loc     0x000046e2     0x1862 ./FreeRTOSv9.0/Source/tasks.o
 .debug_loc     0x00005f44      0x9ad ./FreeRTOSv9.0/Source/timers.o

.debug_macinfo
 *(.debug_macinfo)

.debug_weaknames
 *(.debug_weaknames)

.debug_funcnames
 *(.debug_funcnames)

.debug_typenames
 *(.debug_typenames)

.debug_varnames
 *(.debug_varnames)
OUTPUT(FreeRTOS-HelloWorld.elf elf32-littlearm)

.debug_ranges   0x00000000      0x9a8
 .debug_ranges  0x00000000       0x18 ./system/src/newlib/_exit.o
 .debug_ranges  0x00000018       0x10 ./system/src/newlib/_sbrk.o
 .debug_ranges  0x00000028       0x48 ./system/src/newlib/_startup.o
 .debug_ranges  0x00000070       0x20 ./system/src/newlib/_syscalls.o
 .debug_ranges  0x00000090       0x28 ./system/src/diag/Trace.o
 .debug_ranges  0x000000b8       0x38 ./system/src/diag/trace_impl.o
 .debug_ranges  0x000000f0       0x18 ./system/src/cortexm/_initialize_hardware.o
 .debug_ranges  0x00000108       0x98 ./system/src/cortexm/exception_handlers.o
 .debug_ranges  0x000001a0       0x20 ./system/src/cmsis/startup_stm32f446xx.o
 .debug_ranges  0x000001c0       0x18 ./system/src/cmsis/system_stm32f4xx.o
 .debug_ranges  0x000001d8       0x40 ./src/main.o
 .debug_ranges  0x00000218       0xa0 ./TraceRecorderLib/trcKernelPort.o
 .debug_ranges  0x000002b8      0x1f8 ./TraceRecorderLib/trcSnapshotRecorder.o
 .debug_ranges  0x000004b0       0x40 ./FreeRTOSv9.0/Source/portable/MemMang/heap_4.o
 .debug_ranges  0x000004f0       0x70 ./FreeRTOSv9.0/Source/portable/GCC/ARM_CM4F/port.o
 .debug_ranges  0x00000560       0x30 ./FreeRTOSv9.0/Source/list.o
 .debug_ranges  0x00000590      0x168 ./FreeRTOSv9.0/Source/queue.o
 .debug_ranges  0x000006f8      0x208 ./FreeRTOSv9.0/Source/tasks.o
 .debug_ranges  0x00000900       0xa8 ./FreeRTOSv9.0/Source/timers.o

.debug_macro    0x00000000    0x1d2cb
 .debug_macro   0x00000000      0x19c ./system/src/newlib/_exit.o
 .debug_macro   0x0000019c      0x892 ./system/src/newlib/_exit.o
 .debug_macro   0x00000a2e       0x9c ./system/src/newlib/_exit.o
 .debug_macro   0x00000aca      0x10e ./system/src/newlib/_exit.o
 .debug_macro   0x00000bd8       0x8d ./system/src/newlib/_exit.o
 .debug_macro   0x00000c65       0x43 ./system/src/newlib/_exit.o
 .debug_macro   0x00000ca8      0x30d ./system/src/newlib/_exit.o
 .debug_macro   0x00000fb5       0x35 ./system/src/newlib/_exit.o
 .debug_macro   0x00000fea      0x151 ./system/src/newlib/_sbrk.o
 .debug_macro   0x0000113b      0x174 ./system/src/newlib/_sbrk.o
 .debug_macro   0x000012af       0x10 ./system/src/newlib/_sbrk.o
 .debug_macro   0x000012bf      0x23b ./system/src/newlib/_sbrk.o
 .debug_macro   0x000014fa      0x15b ./system/src/newlib/_startup.o
 .debug_macro   0x00001655      0x34e ./system/src/newlib/_startup.o
 .debug_macro   0x000019a3      0x1ff ./system/src/newlib/_syscalls.o
 .debug_macro   0x00001ba2       0x1c ./system/src/newlib/_syscalls.o
 .debug_macro   0x00001bbe       0x10 ./system/src/newlib/_syscalls.o
 .debug_macro   0x00001bce       0x10 ./system/src/newlib/_syscalls.o
 .debug_macro   0x00001bde       0x10 ./system/src/newlib/_syscalls.o
 .debug_macro   0x00001bee       0x35 ./system/src/newlib/_syscalls.o
 .debug_macro   0x00001c23      0x122 ./system/src/newlib/_syscalls.o
 .debug_macro   0x00001d45       0x88 ./system/src/newlib/_syscalls.o
 .debug_macro   0x00001dcd       0x2b ./system/src/newlib/_syscalls.o
 .debug_macro   0x00001df8      0x118 ./system/src/newlib/_syscalls.o
 .debug_macro   0x00001f10      0x159 ./system/src/newlib/_syscalls.o
 .debug_macro   0x00002069       0x16 ./system/src/newlib/_syscalls.o
 .debug_macro   0x0000207f      0x1d9 ./system/src/diag/Trace.o
 .debug_macro   0x00002258       0x16 ./system/src/diag/Trace.o
 .debug_macro   0x0000226e       0x97 ./system/src/diag/Trace.o
 .debug_macro   0x00002305       0xfd ./system/src/diag/Trace.o
 .debug_macro   0x00002402       0x10 ./system/src/diag/Trace.o
 .debug_macro   0x00002412       0x16 ./system/src/diag/Trace.o
 .debug_macro   0x00002428      0x18b ./system/src/diag/Trace.o
 .debug_macro   0x000025b3       0x4c ./system/src/diag/Trace.o
 .debug_macro   0x000025ff       0x16 ./system/src/diag/Trace.o
 .debug_macro   0x00002615      0x1ec ./system/src/diag/trace_impl.o
 .debug_macro   0x00002801       0x33 ./system/src/diag/trace_impl.o
 .debug_macro   0x00002834       0x28 ./system/src/diag/trace_impl.o
 .debug_macro   0x0000285c       0x35 ./system/src/diag/trace_impl.o
 .debug_macro   0x00002891       0x50 ./system/src/diag/trace_impl.o
 .debug_macro   0x000028e1      0xe66 ./system/src/diag/trace_impl.o
 .debug_macro   0x00003747    0x16703 ./system/src/diag/trace_impl.o
 .debug_macro   0x00019e4a       0x43 ./system/src/diag/trace_impl.o
 .debug_macro   0x00019e8d       0x10 ./system/src/diag/trace_impl.o
 .debug_macro   0x00019e9d       0xcf ./system/src/diag/trace_impl.o
 .debug_macro   0x00019f6c       0xbe ./system/src/diag/trace_impl.o
 .debug_macro   0x0001a02a       0x22 ./system/src/diag/trace_impl.o
 .debug_macro   0x0001a04c       0x95 ./system/src/cortexm/_initialize_hardware.o
 .debug_macro   0x0001a0e1      0x22c ./system/src/cortexm/exception_handlers.o
 .debug_macro   0x0001a30d       0x3b ./system/src/cortexm/exception_handlers.o
 .debug_macro   0x0001a348       0x10 ./system/src/cortexm/exception_handlers.o
 .debug_macro   0x0001a358       0x9d ./system/src/cmsis/system_stm32f4xx.o
 .debug_macro   0x0001a3f5      0x333 ./src/main.o
 .debug_macro   0x0001a728      0x101 ./src/main.o
 .debug_macro   0x0001a829      0x13f ./src/main.o
 .debug_macro   0x0001a968       0x6a ./src/main.o
 .debug_macro   0x0001a9d2       0xca ./src/main.o
 .debug_macro   0x0001aa9c       0x88 ./src/main.o
 .debug_macro   0x0001ab24      0x729 ./src/main.o
 .debug_macro   0x0001b24d      0x185 ./src/main.o
 .debug_macro   0x0001b3d2      0x168 ./src/main.o
 .debug_macro   0x0001b53a       0xeb ./src/main.o
 .debug_macro   0x0001b625       0x10 ./src/main.o
 .debug_macro   0x0001b635       0x1f ./src/main.o
 .debug_macro   0x0001b654      0x2c6 ./src/main.o
 .debug_macro   0x0001b91a       0xc0 ./src/main.o
 .debug_macro   0x0001b9da       0x8c ./src/main.o
 .debug_macro   0x0001ba66       0x94 ./src/main.o
 .debug_macro   0x0001bafa       0x78 ./src/main.o
 .debug_macro   0x0001bb72      0x157 ./TraceRecorderLib/trcKernelPort.o
 .debug_macro   0x0001bcc9       0x58 ./TraceRecorderLib/trcKernelPort.o
 .debug_macro   0x0001bd21      0x21e ./TraceRecorderLib/trcSnapshotRecorder.o
 .debug_macro   0x0001bf3f      0x100 ./TraceRecorderLib/trcSnapshotRecorder.o
 .debug_macro   0x0001c03f      0x3ec ./TraceRecorderLib/trcSnapshotRecorder.o
 .debug_macro   0x0001c42b      0x247 ./FreeRTOSv9.0/Source/portable/MemMang/heap_4.o
 .debug_macro   0x0001c672      0x230 ./FreeRTOSv9.0/Source/portable/GCC/ARM_CM4F/port.o
 .debug_macro   0x0001c8a2      0x220 ./FreeRTOSv9.0/Source/list.o
 .debug_macro   0x0001cac2      0x29c ./FreeRTOSv9.0/Source/queue.o
 .debug_macro   0x0001cd5e      0x2ff ./FreeRTOSv9.0/Source/tasks.o
 .debug_macro   0x0001d05d       0x11 ./FreeRTOSv9.0/Source/tasks.o
 .debug_macro   0x0001d06e      0x25d ./FreeRTOSv9.0/Source/timers.o
