Archive member included to satisfy reference by file (symbol)

c:/program files (x86)/atmel/studio/7.0/toolchain/arm/arm-gnu-toolchain/bin/../lib/gcc/arm-none-eabi/5.3.1/armv7-m\libgcc.a(_arm_fixunsdfsi.o)
                              src/ASF/thirdparty/trace_lib_src/trcUser.o (__aeabi_d2uiz)
c:/program files (x86)/atmel/studio/7.0/toolchain/arm/arm-gnu-toolchain/bin/../lib/gcc/arm-none-eabi/5.3.1/../../../../arm-none-eabi/lib/armv7-m\libc.a(lib_a-exit.o)
                              c:/program files (x86)/atmel/studio/7.0/toolchain/arm/arm-gnu-toolchain/bin/../lib/gcc/arm-none-eabi/5.3.1/../../../../arm-none-eabi/lib/armv7-m/crt0.o (exit)
c:/program files (x86)/atmel/studio/7.0/toolchain/arm/arm-gnu-toolchain/bin/../lib/gcc/arm-none-eabi/5.3.1/../../../../arm-none-eabi/lib/armv7-m\libc.a(lib_a-impure.o)
                              c:/program files (x86)/atmel/studio/7.0/toolchain/arm/arm-gnu-toolchain/bin/../lib/gcc/arm-none-eabi/5.3.1/../../../../arm-none-eabi/lib/armv7-m\libc.a(lib_a-exit.o) (_global_impure_ptr)
c:/program files (x86)/atmel/studio/7.0/toolchain/arm/arm-gnu-toolchain/bin/../lib/gcc/arm-none-eabi/5.3.1/../../../../arm-none-eabi/lib/armv7-m\libc.a(lib_a-init.o)
                              c:/program files (x86)/atmel/studio/7.0/toolchain/arm/arm-gnu-toolchain/bin/../lib/gcc/arm-none-eabi/5.3.1/../../../../arm-none-eabi/lib/armv7-m/crt0.o (__libc_init_array)
c:/program files (x86)/atmel/studio/7.0/toolchain/arm/arm-gnu-toolchain/bin/../lib/gcc/arm-none-eabi/5.3.1/../../../../arm-none-eabi/lib/armv7-m\libc.a(lib_a-memcpy.o)
                              src/ASF/thirdparty/freertos/freertos-7.3.0/source/queue.o (memcpy)
c:/program files (x86)/atmel/studio/7.0/toolchain/arm/arm-gnu-toolchain/bin/../lib/gcc/arm-none-eabi/5.3.1/../../../../arm-none-eabi/lib/armv7-m\libc.a(lib_a-memset.o)
                              c:/program files (x86)/atmel/studio/7.0/toolchain/arm/arm-gnu-toolchain/bin/../lib/gcc/arm-none-eabi/5.3.1/../../../../arm-none-eabi/lib/armv7-m/crt0.o (memset)
c:/program files (x86)/atmel/studio/7.0/toolchain/arm/arm-gnu-toolchain/bin/../lib/gcc/arm-none-eabi/5.3.1/../../../../arm-none-eabi/lib/armv7-m\libc.a(lib_a-puts.o)
                              src/main.o (puts)
c:/program files (x86)/atmel/studio/7.0/toolchain/arm/arm-gnu-toolchain/bin/../lib/gcc/arm-none-eabi/5.3.1/../../../../arm-none-eabi/lib/armv7-m\libc.a(lib_a-setbuf.o)
                              src/main.o (setbuf)
c:/program files (x86)/atmel/studio/7.0/toolchain/arm/arm-gnu-toolchain/bin/../lib/gcc/arm-none-eabi/5.3.1/../../../../arm-none-eabi/lib/armv7-m\libc.a(lib_a-setvbuf.o)
                              c:/program files (x86)/atmel/studio/7.0/toolchain/arm/arm-gnu-toolchain/bin/../lib/gcc/arm-none-eabi/5.3.1/../../../../arm-none-eabi/lib/armv7-m\libc.a(lib_a-setbuf.o) (setvbuf)
c:/program files (x86)/atmel/studio/7.0/toolchain/arm/arm-gnu-toolchain/bin/../lib/gcc/arm-none-eabi/5.3.1/../../../../arm-none-eabi/lib/armv7-m\libc.a(lib_a-sprintf.o)
                              src/ASF/thirdparty/freertos/freertos-7.3.0/source/tasks.o (sprintf)
c:/program files (x86)/atmel/studio/7.0/toolchain/arm/arm-gnu-toolchain/bin/../lib/gcc/arm-none-eabi/5.3.1/../../../../arm-none-eabi/lib/armv7-m\libc.a(lib_a-strcat.o)
                              src/ASF/thirdparty/freertos/freertos-7.3.0/source/tasks.o (strcat)
c:/program files (x86)/atmel/studio/7.0/toolchain/arm/arm-gnu-toolchain/bin/../lib/gcc/arm-none-eabi/5.3.1/../../../../arm-none-eabi/lib/armv7-m\libc.a(lib_a-strcpy.o)
                              c:/program files (x86)/atmel/studio/7.0/toolchain/arm/arm-gnu-toolchain/bin/../lib/gcc/arm-none-eabi/5.3.1/../../../../arm-none-eabi/lib/armv7-m\libc.a(lib_a-strcat.o) (strcpy)
c:/program files (x86)/atmel/studio/7.0/toolchain/arm/arm-gnu-toolchain/bin/../lib/gcc/arm-none-eabi/5.3.1/../../../../arm-none-eabi/lib/armv7-m\libc.a(lib_a-strlen-stub.o)
                              src/ASF/thirdparty/freertos/freertos-7.3.0/source/FreeRTOS_CLI.o (strlen)
c:/program files (x86)/atmel/studio/7.0/toolchain/arm/arm-gnu-toolchain/bin/../lib/gcc/arm-none-eabi/5.3.1/../../../../arm-none-eabi/lib/armv7-m\libc.a(lib_a-strncmp.o)
                              src/ASF/thirdparty/freertos/freertos-7.3.0/source/FreeRTOS_CLI.o (strncmp)
c:/program files (x86)/atmel/studio/7.0/toolchain/arm/arm-gnu-toolchain/bin/../lib/gcc/arm-none-eabi/5.3.1/../../../../arm-none-eabi/lib/armv7-m\libc.a(lib_a-strncpy.o)
                              src/ASF/thirdparty/freertos/freertos-7.3.0/source/FreeRTOS_CLI.o (strncpy)
c:/program files (x86)/atmel/studio/7.0/toolchain/arm/arm-gnu-toolchain/bin/../lib/gcc/arm-none-eabi/5.3.1/../../../../arm-none-eabi/lib/armv7-m\libc.a(lib_a-svfprintf.o)
                              c:/program files (x86)/atmel/studio/7.0/toolchain/arm/arm-gnu-toolchain/bin/../lib/gcc/arm-none-eabi/5.3.1/../../../../arm-none-eabi/lib/armv7-m\libc.a(lib_a-sprintf.o) (_svfprintf_r)
[...]
Memory Configuration

Name             Origin             Length             Attributes
rom              0x00080000         0x00080000         xr
sram0            0x20000000         0x00010000         xrw
sram1            0x20080000         0x00008000         xrw
ram              0x20070000         0x00018000         xrw
*default*        0x00000000         0xffffffff

Linker script and memory map

LOAD c:/program files (x86)/atmel/studio/7.0/toolchain/arm/arm-gnu-toolchain/bin/../lib/gcc/arm-none-eabi/5.3.1/armv7-m/crti.o
LOAD c:/program files (x86)/atmel/studio/7.0/toolchain/arm/arm-gnu-toolchain/bin/../lib/gcc/arm-none-eabi/5.3.1/armv7-m/crtbegin.o
LOAD c:/program files (x86)/atmel/studio/7.0/toolchain/arm/arm-gnu-toolchain/bin/../lib/gcc/arm-none-eabi/5.3.1/../../../../arm-none-eabi/lib/armv7-m/crt0.o
LOAD src/ASF/common/utils/stdio/read.o
LOAD src/ASF/sam/drivers/usart/usart.o
LOAD src/ASF/common/utils/stdio/write.o
LOAD src/ASF/common/services/serial/usart_serial.o
LOAD src/ASF/sam/drivers/uart/uart.o
LOAD src/ASF/thirdparty/freertos/freertos-7.3.0/source/FreeRTOS_CLI.o
LOAD src/ASF/thirdparty/freertos/freertos-7.3.0/source/list.o
LOAD src/ASF/thirdparty/freertos/freertos-7.3.0/source/portable/gcc/sam/port.o
LOAD src/ASF/thirdparty/freertos/freertos-7.3.0/source/portable/memmang/heap_4.o
LOAD src/ASF/thirdparty/freertos/freertos-7.3.0/source/queue.o
LOAD src/ASF/thirdparty/freertos/freertos-7.3.0/source/tasks.o
LOAD src/ASF/thirdparty/freertos/freertos-7.3.0/source/timers.o
LOAD src/ASF/common/services/clock/sam3x/sysclk.o
LOAD src/ASF/common/utils/interrupt/interrupt_sam_nvic.o
LOAD src/ASF/sam/boards/arduino_due_x/init.o
LOAD src/ASF/sam/drivers/pio/pio.o
LOAD src/ASF/sam/drivers/pio/pio_handler.o
LOAD src/ASF/sam/drivers/pmc/pmc.o
LOAD src/ASF/sam/drivers/pmc/sleep.o
LOAD src/ASF/sam/utils/cmsis/sam3x/source/templates/exceptions.o
LOAD src/ASF/sam/utils/cmsis/sam3x/source/templates/gcc/startup_sam3x.o
LOAD src/ASF/sam/utils/cmsis/sam3x/source/templates/system_sam3x.o
LOAD src/ASF/sam/utils/syscalls/gcc/syscalls.o
LOAD src/ASF/thirdparty/trace_lib_src/trcBase.o
LOAD src/ASF/thirdparty/trace_lib_src/trcHardwarePort.o
LOAD src/ASF/thirdparty/trace_lib_src/trcKernel.o
LOAD src/ASF/thirdparty/trace_lib_src/trcKernelPortFreeRTOS.o
LOAD src/ASF/thirdparty/trace_lib_src/trcUser.o
LOAD src/main.o
START GROUP
LOAD ../src/ASF/thirdparty/CMSIS/Lib/GCC\libarm_cortexM3l_math.a
LOAD c:/program files (x86)/atmel/studio/7.0/toolchain/arm/arm-gnu-toolchain/bin/../lib/gcc/arm-none-eabi/5.3.1/../../../../arm-none-eabi/lib/armv7-m\libm.a
END GROUP
START GROUP
LOAD c:/program files (x86)/atmel/studio/7.0/toolchain/arm/arm-gnu-toolchain/bin/../lib/gcc/arm-none-eabi/5.3.1/armv7-m\libgcc.a
LOAD c:/program files (x86)/atmel/studio/7.0/toolchain/arm/arm-gnu-toolchain/bin/../lib/gcc/arm-none-eabi/5.3.1/../../../../arm-none-eabi/lib/armv7-m\libc.a
END GROUP
LOAD c:/program files (x86)/atmel/studio/7.0/toolchain/arm/arm-gnu-toolchain/bin/../lib/gcc/arm-none-eabi/5.3.1/armv7-m/crtend.o
LOAD c:/program files (x86)/atmel/studio/7.0/toolchain/arm/arm-gnu-toolchain/bin/../lib/gcc/arm-none-eabi/5.3.1/armv7-m/crtn.o
                0x00002000                __stack_size__ = DEFINED (__stack_size__)?__stack_size__:0x2000
                0x20087ffc                __ram_end__ = ((ORIGIN (ram) + LENGTH (ram)) - 0x4)

.text           0x00080000     0x65f8
                0x00080000                . = ALIGN (0x4)
                0x00080000                _sfixed = .
 *(.vectors .vectors.*)
 .vectors       0x00080000       0xf4 src/ASF/sam/utils/cmsis/sam3x/source/templates/gcc/startup_sam3x.o
                0x00080000                exception_table
 *(.text .text.* .gnu.linkonce.t.*)
 .text          0x000800f4       0x5c c:/program files (x86)/atmel/studio/7.0/toolchain/arm/arm-gnu-toolchain/bin/../lib/gcc/arm-none-eabi/5.3.1/armv7-m/crtbegin.o
 .text._read    0x00080150       0x3c src/ASF/common/utils/stdio/read.o
                0x00080150                _read
 .text.usart_write
                0x0008018c       0x14 src/ASF/sam/drivers/usart/usart.o
                0x0008018c                usart_write
 .text.usart_read
                0x000801a0       0x18 src/ASF/sam/drivers/usart/usart.o
                0x000801a0                usart_read
 .text._write   0x000801b8       0x50 src/ASF/common/utils/stdio/write.o
                0x000801b8                _write
 .text.uart_init
                0x00080208       0x38 src/ASF/sam/drivers/uart/uart.o
                0x00080208                uart_init
 .text.uart_write
                0x00080240       0x10 src/ASF/sam/drivers/uart/uart.o
                0x00080240                uart_write
 .text.uart_read
                0x00080250       0x14 src/ASF/sam/drivers/uart/uart.o
                0x00080250                uart_read
 .text.vListInitialise
                0x00080264       0x18 src/ASF/thirdparty/freertos/freertos-7.3.0/source/list.o
                0x00080264                vListInitialise
 .text.vListInitialiseItem
                0x0008027c        0x8 src/ASF/thirdparty/freertos/freertos-7.3.0/source/list.o
                0x0008027c                vListInitialiseItem
 .text.vListInsertEnd
                0x00080284       0x1c src/ASF/thirdparty/freertos/freertos-7.3.0/source/list.o
                0x00080284                vListInsertEnd
 .text.vListInsert
                0x000802a0       0x3c src/ASF/thirdparty/freertos/freertos-7.3.0/source/list.o
                0x000802a0                vListInsert
 .text.uxListRemove
                0x000802dc       0x28 src/ASF/thirdparty/freertos/freertos-7.3.0/source/list.o
                0x000802dc                uxListRemove
 .text.prvPortStartFirstTask
                0x00080304       0x14 src/ASF/thirdparty/freertos/freertos-7.3.0/source/portable/gcc/sam/port.o
 .text.pxPortInitialiseStack
                0x00080318       0x1c src/ASF/thirdparty/freertos/freertos-7.3.0/source/portable/gcc/sam/port.o
                0x00080318                pxPortInitialiseStack
 .text.SVC_Handler
                0x00080334       0x20 src/ASF/thirdparty/freertos/freertos-7.3.0/source/portable/gcc/sam/port.o
                0x00080334                SVC_Handler
 .text.vPortYieldFromISR
                0x00080354       0x10 src/ASF/thirdparty/freertos/freertos-7.3.0/source/portable/gcc/sam/port.o
                0x00080354                vPortYieldFromISR
 .text.ulPortSetInterruptMask
                0x00080364       0x10 src/ASF/thirdparty/freertos/freertos-7.3.0/source/portable/gcc/sam/port.o
                0x00080364                ulPortSetInterruptMask
 .text.vPortEnterCritical
                0x00080374       0x18 src/ASF/thirdparty/freertos/freertos-7.3.0/source/portable/gcc/sam/port.o
                0x00080374                vPortEnterCritical
 .text.vPortClearInterruptMask
                0x0008038c        0x8 src/ASF/thirdparty/freertos/freertos-7.3.0/source/portable/gcc/sam/port.o
                0x0008038c                vPortClearInterruptMask
 .text.vPortExitCritical
                0x00080394       0x1c src/ASF/thirdparty/freertos/freertos-7.3.0/source/portable/gcc/sam/port.o
                0x00080394                vPortExitCritical
 .text.PendSV_Handler
                0x000803b0       0x3c src/ASF/thirdparty/freertos/freertos-7.3.0/source/portable/gcc/sam/port.o
                0x000803b0                PendSV_Handler
 .text.SysTick_Handler
                0x000803ec       0x2c src/ASF/thirdparty/freertos/freertos-7.3.0/source/portable/gcc/sam/port.o
                0x000803ec                SysTick_Handler
 .text.vPortSetupTimerInterrupt
                0x00080418       0x18 src/ASF/thirdparty/freertos/freertos-7.3.0/source/portable/gcc/sam/port.o
                0x00080418                vPortSetupTimerInterrupt
 .text.xPortStartScheduler
                0x00080430       0x38 src/ASF/thirdparty/freertos/freertos-7.3.0/source/portable/gcc/sam/port.o
                0x00080430                xPortStartScheduler
 .text.prvInsertBlockIntoFreeList
                0x00080468       0x54 src/ASF/thirdparty/freertos/freertos-7.3.0/source/portable/memmang/heap_4.o
 .text.pvPortMalloc
                0x000804bc       0xd4 src/ASF/thirdparty/freertos/freertos-7.3.0/source/portable/memmang/heap_4.o
                0x000804bc                pvPortMalloc
 .text.vPortFree
                0x00080590       0x38 src/ASF/thirdparty/freertos/freertos-7.3.0/source/portable/memmang/heap_4.o
                0x00080590                vPortFree
 .text.prvCopyDataToQueue
                0x000805c8       0x64 src/ASF/thirdparty/freertos/freertos-7.3.0/source/queue.o
 .text.prvCopyDataFromQueue
                0x0008062c       0x28 src/ASF/thirdparty/freertos/freertos-7.3.0/source/queue.o
 .text.prvUnlockQueue
                0x00080654       0x90 src/ASF/thirdparty/freertos/freertos-7.3.0/source/queue.o
 .text.xQueueGenericReset
                0x000806e4       0x7c src/ASF/thirdparty/freertos/freertos-7.3.0/source/queue.o
                0x000806e4                xQueueGenericReset
 .text.xQueueGenericCreate
                0x00080760       0xd0 src/ASF/thirdparty/freertos/freertos-7.3.0/source/queue.o
                0x00080760                xQueueGenericCreate
 .text.xQueueGenericSend
                0x00080830      0x204 src/ASF/thirdparty/freertos/freertos-7.3.0/source/queue.o
                0x00080830                xQueueGenericSend
 .text.xQueueGenericSendFromISR
                0x00080a34      0x110 src/ASF/thirdparty/freertos/freertos-7.3.0/source/queue.o
                0x00080a34                xQueueGenericSendFromISR
 .text.xQueueGenericReceive
                0x00080b44      0x298 src/ASF/thirdparty/freertos/freertos-7.3.0/source/queue.o
                0x00080b44                xQueueGenericReceive
 .text.ucQueueGetQueueNumber
                0x00080ddc        0x8 src/ASF/thirdparty/freertos/freertos-7.3.0/source/queue.o
                0x00080ddc                ucQueueGetQueueNumber
 .text.ucQueueGetQueueType
                0x00080de4        0x8 src/ASF/thirdparty/freertos/freertos-7.3.0/source/queue.o
                0x00080de4                ucQueueGetQueueType
 .text.vQueueWaitForMessageRestricted
                0x00080dec       0x4c src/ASF/thirdparty/freertos/freertos-7.3.0/source/queue.o
                0x00080dec                vQueueWaitForMessageRestricted
 .text.prvAddCurrentTaskToDelayedList
                0x00080e38       0x58 src/ASF/thirdparty/freertos/freertos-7.3.0/source/tasks.o
 .text.xTaskGenericCreate
                0x00080e90      0x26c src/ASF/thirdparty/freertos/freertos-7.3.0/source/tasks.o
                0x00080e90                xTaskGenericCreate
 .text.vTaskStartScheduler
                0x000810fc       0x68 src/ASF/thirdparty/freertos/freertos-7.3.0/source/tasks.o
                0x000810fc                vTaskStartScheduler
 .text.vTaskSuspendAll
                0x00081164       0x10 src/ASF/thirdparty/freertos/freertos-7.3.0/source/tasks.o
                0x00081164                vTaskSuspendAll
 .text.xTaskGetTickCount
                0x00081174       0x20 src/ASF/thirdparty/freertos/freertos-7.3.0/source/tasks.o
                0x00081174                xTaskGetTickCount
 .text.vTaskIncrementTick
                0x00081194      0x15c src/ASF/thirdparty/freertos/freertos-7.3.0/source/tasks.o
                0x00081194                vTaskIncrementTick
 .text.xTaskResumeAll
                0x000812f0      0x114 src/ASF/thirdparty/freertos/freertos-7.3.0/source/tasks.o
                0x000812f0                xTaskResumeAll
 .text.prvIdleTask
                0x00081404       0x84 src/ASF/thirdparty/freertos/freertos-7.3.0/source/tasks.o
 .text.vTaskSwitchContext
                0x00081488       0xbc src/ASF/thirdparty/freertos/freertos-7.3.0/source/tasks.o
                0x00081488                vTaskSwitchContext
 .text.vTaskPlaceOnEventList
                0x00081544       0x60 src/ASF/thirdparty/freertos/freertos-7.3.0/source/tasks.o
                0x00081544                vTaskPlaceOnEventList
 .text.vTaskPlaceOnEventListRestricted
                0x000815a4       0x70 src/ASF/thirdparty/freertos/freertos-7.3.0/source/tasks.o
                0x000815a4                vTaskPlaceOnEventListRestricted
 .text.xTaskRemoveFromEventList
                0x00081614       0x94 src/ASF/thirdparty/freertos/freertos-7.3.0/source/tasks.o
                0x00081614                xTaskRemoveFromEventList
 .text.vTaskSetTimeOutState
                0x000816a8       0x28 src/ASF/thirdparty/freertos/freertos-7.3.0/source/tasks.o
                0x000816a8                vTaskSetTimeOutState
 .text.xTaskCheckForTimeOut
                0x000816d0       0x84 src/ASF/thirdparty/freertos/freertos-7.3.0/source/tasks.o
                0x000816d0                xTaskCheckForTimeOut
 .text.vTaskMissedYield
                0x00081754        0xc src/ASF/thirdparty/freertos/freertos-7.3.0/source/tasks.o
                0x00081754                vTaskMissedYield
 .text.uxTaskGetTaskNumber
                0x00081760        0xc src/ASF/thirdparty/freertos/freertos-7.3.0/source/tasks.o
                0x00081760                uxTaskGetTaskNumber
 .text.xTaskGetCurrentTaskHandle
                0x0008176c        0xc src/ASF/thirdparty/freertos/freertos-7.3.0/source/tasks.o
                0x0008176c                xTaskGetCurrentTaskHandle
 .text.xTaskGetSchedulerState
                0x00081778       0x20 src/ASF/thirdparty/freertos/freertos-7.3.0/source/tasks.o
                0x00081778                xTaskGetSchedulerState
 .text.vTaskPriorityInherit
                0x00081798       0xd4 src/ASF/thirdparty/freertos/freertos-7.3.0/source/tasks.o
                0x00081798                vTaskPriorityInherit
 .text.vTaskPriorityDisinherit
                0x0008186c       0xa0 src/ASF/thirdparty/freertos/freertos-7.3.0/source/tasks.o
                0x0008186c                vTaskPriorityDisinherit
 .text.prvInsertTimerInActiveList
                0x0008190c       0x4c src/ASF/thirdparty/freertos/freertos-7.3.0/source/timers.o
 .text.prvCheckForValidListAndQueue
                0x00081958       0x5c src/ASF/thirdparty/freertos/freertos-7.3.0/source/timers.o
 .text.xTimerCreateTimerTask
                0x000819b4       0x54 src/ASF/thirdparty/freertos/freertos-7.3.0/source/timers.o
                0x000819b4                xTimerCreateTimerTask
 .text.xTimerGenericCommand
                0x00081a08       0x54 src/ASF/thirdparty/freertos/freertos-7.3.0/source/timers.o
                0x00081a08                xTimerGenericCommand
 .text.prvSampleTimeNow
                0x00081a5c       0xb4 src/ASF/thirdparty/freertos/freertos-7.3.0/source/timers.o
 .text.prvTimerTask
                0x00081b10      0x170 src/ASF/thirdparty/freertos/freertos-7.3.0/source/timers.o
 .text.sysclk_init
                0x00081c80       0x64 src/ASF/common/services/clock/sam3x/sysclk.o
                0x00081c80                sysclk_init
 .text.board_init
                0x00081ce4       0x80 src/ASF/sam/boards/arduino_due_x/init.o
                0x00081ce4                board_init
 .text.pio_set_peripheral
                0x00081d64       0x40 src/ASF/sam/drivers/pio/pio.o
                0x00081d64                pio_set_peripheral
 .text.pio_set_input
                0x00081da4       0x34 src/ASF/sam/drivers/pio/pio.o
                0x00081da4                pio_set_input
 .text.pio_set_output
                0x00081dd8       0x28 src/ASF/sam/drivers/pio/pio.o
                0x00081dd8                pio_set_output
 .text.pio_get_interrupt_status
                0x00081e00        0x4 src/ASF/sam/drivers/pio/pio.o
                0x00081e00                pio_get_interrupt_status
 .text.pio_get_interrupt_mask
                0x00081e04        0x4 src/ASF/sam/drivers/pio/pio.o
                0x00081e04                pio_get_interrupt_mask
 .text.pio_configure_pin
                0x00081e08       0xd4 src/ASF/sam/drivers/pio/pio.o
                0x00081e08                pio_configure_pin
 .text.pio_configure_pin_group
                0x00081edc       0xa0 src/ASF/sam/drivers/pio/pio.o
                0x00081edc                pio_configure_pin_group
 .text.pio_handler_process
                0x00081f7c       0x50 src/ASF/sam/drivers/pio/pio_handler.o
                0x00081f7c                pio_handler_process
 .text.PIOA_Handler
                0x00081fcc       0x14 src/ASF/sam/drivers/pio/pio_handler.o
                0x00081fcc                PIOA_Handler
 .text.PIOB_Handler
                0x00081fe0       0x14 src/ASF/sam/drivers/pio/pio_handler.o
                0x00081fe0                PIOB_Handler
 .text.PIOC_Handler
                0x00081ff4       0x14 src/ASF/sam/drivers/pio/pio_handler.o
                0x00081ff4                PIOC_Handler
 .text.PIOD_Handler
                0x00082008       0x14 src/ASF/sam/drivers/pio/pio_handler.o
                0x00082008                PIOD_Handler
 .text.pmc_switch_mck_to_pllack
                0x0008201c       0x68 src/ASF/sam/drivers/pmc/pmc.o
                0x0008201c                pmc_switch_mck_to_pllack
 .text.pmc_switch_mainck_to_xtal
                0x00082084       0x54 src/ASF/sam/drivers/pmc/pmc.o
                0x00082084                pmc_switch_mainck_to_xtal
 .text.pmc_osc_is_ready_mainck
                0x000820d8       0x10 src/ASF/sam/drivers/pmc/pmc.o
                0x000820d8                pmc_osc_is_ready_mainck
 .text.pmc_disable_pllack
                0x000820e8       0x10 src/ASF/sam/drivers/pmc/pmc.o
                0x000820e8                pmc_disable_pllack
 .text.pmc_is_locked_pllack
                0x000820f8       0x10 src/ASF/sam/drivers/pmc/pmc.o
                0x000820f8                pmc_is_locked_pllack
 .text.pmc_enable_periph_clk
                0x00082108       0x54 src/ASF/sam/drivers/pmc/pmc.o
                0x00082108                pmc_enable_periph_clk
 .text.Dummy_Handler
                0x0008215c        0x4 src/ASF/sam/utils/cmsis/sam3x/source/templates/exceptions.o
                0x0008215c                DACC_Handler
                0x0008215c                DebugMon_Handler
                0x0008215c                DMAC_Handler
                0x0008215c                TRNG_Handler
                0x0008215c                HardFault_Handler
                0x0008215c                TC2_Handler
                0x0008215c                USART3_Handler
                0x0008215c                TWI1_Handler
                0x0008215c                NMI_Handler
                0x0008215c                TC7_Handler
                0x0008215c                ADC_Handler
                0x0008215c                SMC_Handler
                0x0008215c                USART0_Handler
                0x0008215c                RTT_Handler
                0x0008215c                EFC1_Handler
                0x0008215c                RTC_Handler
                0x0008215c                UsageFault_Handler
                0x0008215c                TC6_Handler
                0x0008215c                WDT_Handler
                0x0008215c                CAN0_Handler
                0x0008215c                TC4_Handler
                0x0008215c                TC1_Handler
                0x0008215c                HSMCI_Handler
                0x0008215c                TC3_Handler
                0x0008215c                Dummy_Handler
                0x0008215c                TWI0_Handler
                0x0008215c                USART1_Handler
                0x0008215c                SSC_Handler
                0x0008215c                EFC0_Handler
                0x0008215c                PMC_Handler
                0x0008215c                PWM_Handler
                0x0008215c                CAN1_Handler
                0x0008215c                MemManage_Handler
                0x0008215c                SUPC_Handler
                0x0008215c                TC8_Handler
                0x0008215c                USART2_Handler
                0x0008215c                EMAC_Handler
                0x0008215c                UART_Handler
                0x0008215c                BusFault_Handler
                0x0008215c                RSTC_Handler
                0x0008215c                TC0_Handler
                0x0008215c                TC5_Handler
                0x0008215c                UOTGHS_Handler
                0x0008215c                SPI0_Handler
 .text.Reset_Handler
                0x00082160       0xac src/ASF/sam/utils/cmsis/sam3x/source/templates/gcc/startup_sam3x.o
                0x00082160                Reset_Handler
 .text.SystemCoreClockUpdate
                0x0008220c      0x11c src/ASF/sam/utils/cmsis/sam3x/source/templates/system_sam3x.o
                0x0008220c                SystemCoreClockUpdate
 .text._sbrk    0x00082328       0x34 src/ASF/sam/utils/syscalls/gcc/syscalls.o
                0x00082328                _sbrk
 .text._close   0x0008235c        0x8 src/ASF/sam/utils/syscalls/gcc/syscalls.o
                0x0008235c                _close
 .text._fstat   0x00082364        0xc src/ASF/sam/utils/syscalls/gcc/syscalls.o
                0x00082364                _fstat
 .text._isatty  0x00082370        0x4 src/ASF/sam/utils/syscalls/gcc/syscalls.o
                0x00082370                _isatty
 .text._lseek   0x00082374        0x4 src/ASF/sam/utils/syscalls/gcc/syscalls.o
                0x00082374                _lseek
 .text.vTraceError
                0x00082378       0x50 src/ASF/thirdparty/trace_lib_src/trcBase.o
                0x00082378                vTraceError
 .text.prvTraceInitTraceData
                0x000823c8      0x170 src/ASF/thirdparty/trace_lib_src/trcBase.o
                0x000823c8                prvTraceInitTraceData
 .text.xTraceNextFreeEventBufferSlot
                0x00082538       0x38 src/ASF/thirdparty/trace_lib_src/trcBase.o
                0x00082538                xTraceNextFreeEventBufferSlot
 .text.uiIndexOfObject
                0x00082570       0x54 src/ASF/thirdparty/trace_lib_src/trcBase.o
                0x00082570                uiIndexOfObject
 .text.xTraceGetObjectHandle
                0x000825c4      0x14c src/ASF/thirdparty/trace_lib_src/trcBase.o
                0x000825c4                xTraceGetObjectHandle
 .text.vTraceSetObjectName
                0x00082710       0x88 src/ASF/thirdparty/trace_lib_src/trcBase.o
                0x00082710                vTraceSetObjectName
 .text.prvCheckDataToBeOverwrittenForMultiEntryEvents
                0x00082798       0x9c src/ASF/thirdparty/trace_lib_src/trcBase.o
                0x00082798                prvCheckDataToBeOverwrittenForMultiEntryEvents
 .text.prvTraceUpdateCounters
                0x00082834       0x34 src/ASF/thirdparty/trace_lib_src/trcBase.o
                0x00082834                prvTraceUpdateCounters
 .text.prvTraceGetDTS
                0x00082868      0x104 src/ASF/thirdparty/trace_lib_src/trcBase.o
                0x00082868                prvTraceGetDTS
 .text.prvTraceInitCortexM
                0x0008296c       0x54 src/ASF/thirdparty/trace_lib_src/trcHardwarePort.o
                0x0008296c                prvTraceInitCortexM
 .text.vTracePortGetTimeStamp
                0x000829c0       0x60 src/ASF/thirdparty/trace_lib_src/trcHardwarePort.o
                0x000829c0                vTracePortGetTimeStamp
 .text.prvTraceGetParam
                0x00082a20       0x54 src/ASF/thirdparty/trace_lib_src/trcKernel.o
 .text.vTraceStoreTaskReady
                0x00082a74       0xb0 src/ASF/thirdparty/trace_lib_src/trcKernel.o
                0x00082a74                vTraceStoreTaskReady
 .text.vTraceStoreKernelCall
                0x00082b24       0xf4 src/ASF/thirdparty/trace_lib_src/trcKernel.o
                0x00082b24                vTraceStoreKernelCall
 .text.vTraceStoreKernelCallWithParam
                0x00082c18      0x110 src/ASF/thirdparty/trace_lib_src/trcKernel.o
                0x00082c18                vTraceStoreKernelCallWithParam
 .text.vTraceStoreKernelCallWithNumericParamOnly
                0x00082d28       0xc8 src/ASF/thirdparty/trace_lib_src/trcKernel.o
                0x00082d28                vTraceStoreKernelCallWithNumericParamOnly
 .text.vTraceSetPriorityProperty
                0x00082df0       0x58 src/ASF/thirdparty/trace_lib_src/trcKernel.o
                0x00082df0                vTraceSetPriorityProperty
 .text.uiTraceGetPriorityProperty
                0x00082e48       0x5c src/ASF/thirdparty/trace_lib_src/trcKernel.o
                0x00082e48                uiTraceGetPriorityProperty
 .text.vTraceSetObjectState
                0x00082ea4       0x58 src/ASF/thirdparty/trace_lib_src/trcKernel.o
                0x00082ea4                vTraceSetObjectState
 .text.uiTraceGetObjectState
                0x00082efc       0x5c src/ASF/thirdparty/trace_lib_src/trcKernel.o
                0x00082efc                uiTraceGetObjectState
 .text.vTraceStoreTaskswitch
                0x00082f58       0xdc src/ASF/thirdparty/trace_lib_src/trcKernel.o
                0x00082f58                vTraceStoreTaskswitch
 .text.vTraceSetTaskInstanceFinished
                0x00083034       0x40 src/ASF/thirdparty/trace_lib_src/trcKernel.o
                0x00083034                vTraceSetTaskInstanceFinished
 .text.prvTraceGetObjectNumber
                0x00083074        0xc src/ASF/thirdparty/trace_lib_src/trcKernelPortFreeRTOS.o
                0x00083074                prvTraceGetObjectNumber
 .text.prvTraceGetObjectType
                0x00083080        0xc src/ASF/thirdparty/trace_lib_src/trcKernelPortFreeRTOS.o
                0x00083080                prvTraceGetObjectType
 .text.prvTraceGetTaskNumber
                0x0008308c       0x10 src/ASF/thirdparty/trace_lib_src/trcKernelPortFreeRTOS.o
                0x0008308c                prvTraceGetTaskNumber
 .text.prvTraceGetCurrentTaskHandle
                0x0008309c        0xc src/ASF/thirdparty/trace_lib_src/trcKernelPortFreeRTOS.o
                0x0008309c                prvTraceGetCurrentTaskHandle
 .text.vTraceInitObjectPropertyTable
                0x000830a8       0xac src/ASF/thirdparty/trace_lib_src/trcKernelPortFreeRTOS.o
                0x000830a8                vTraceInitObjectPropertyTable
 .text.vTraceInitObjectHandleStack
                0x00083154       0x50 src/ASF/thirdparty/trace_lib_src/trcKernelPortFreeRTOS.o
                0x00083154                vTraceInitObjectHandleStack
 .text.pszTraceGetErrorNotEnoughHandles
                0x000831a4       0x50 src/ASF/thirdparty/trace_lib_src/trcKernelPortFreeRTOS.o
                0x000831a4                pszTraceGetErrorNotEnoughHandles
 .text.uiTraceIsObjectExcluded
                0x000831f4       0xdc src/ASF/thirdparty/trace_lib_src/trcKernelPortFreeRTOS.o
                0x000831f4                uiTraceIsObjectExcluded
 .text.vTraceInitTraceData
                0x000832d0        0xc src/ASF/thirdparty/trace_lib_src/trcUser.o
                0x000832d0                vTraceInitTraceData
 .text.uiTraceStart
                0x000832dc       0xa4 src/ASF/thirdparty/trace_lib_src/trcUser.o
                0x000832dc                uiTraceStart
 .text.vTask1   0x00083380       0x34 src/main.o
                0x00083380                vTask1
 .text.vTask2   0x000833b4       0x34 src/main.o
                0x000833b4                vTask2
 .text.usart_serial_getchar
                0x000833e8       0xa8 src/main.o
 .text.usart_serial_putchar
                0x00083490       0x9c src/main.o
 .text.main     0x0008352c       0xf0 src/main.o
                0x0008352c                main
 .text.vApplicationMallocFailedHook
                0x0008361c        0x4 src/main.o
                0x0008361c                vApplicationMallocFailedHook
 .text.__libc_init_array
                0x00083620       0x50 c:/program files (x86)/atmel/studio/7.0/toolchain/arm/arm-gnu-toolchain/bin/../lib/gcc/arm-none-eabi/5.3.1/../../../../arm-none-eabi/lib/armv7-m\libc.a(lib_a-init.o)
                0x00083620                __libc_init_array
 .text          0x00083670       0xec c:/program files (x86)/atmel/studio/7.0/toolchain/arm/arm-gnu-toolchain/bin/../lib/gcc/arm-none-eabi/5.3.1/../../../../arm-none-eabi/lib/armv7-m\libc.a(lib_a-memcpy.o)
                0x00083670                memcpy
 .text.memset   0x0008375c       0x9c c:/program files (x86)/atmel/studio/7.0/toolchain/arm/arm-gnu-toolchain/bin/../lib/gcc/arm-none-eabi/5.3.1/../../../../arm-none-eabi/lib/armv7-m\libc.a(lib_a-memset.o)
                0x0008375c                memset
 .text._puts_r  0x000837f8       0x68 c:/program files (x86)/atmel/studio/7.0/toolchain/arm/arm-gnu-toolchain/bin/../lib/gcc/arm-none-eabi/5.3.1/../../../../arm-none-eabi/lib/armv7-m\libc.a(lib_a-puts.o)
                0x000837f8                _puts_r
 .text.puts     0x00083860       0x10 c:/program files (x86)/atmel/studio/7.0/toolchain/arm/arm-gnu-toolchain/bin/../lib/gcc/arm-none-eabi/5.3.1/../../../../arm-none-eabi/lib/armv7-m\libc.a(lib_a-puts.o)
                0x00083860                puts
 .text.setbuf   0x00083870       0x10 c:/program files (x86)/atmel/studio/7.0/toolchain/arm/arm-gnu-toolchain/bin/../lib/gcc/arm-none-eabi/5.3.1/../../../../arm-none-eabi/lib/armv7-m\libc.a(lib_a-setbuf.o)
                0x00083870                setbuf
 .text.setvbuf  0x00083880      0x150 c:/program files (x86)/atmel/studio/7.0/toolchain/arm/arm-gnu-toolchain/bin/../lib/gcc/arm-none-eabi/5.3.1/../../../../arm-none-eabi/lib/armv7-m\libc.a(lib_a-setvbuf.o)
                0x00083880                setvbuf
 .text.strlen   0x000839d0       0x5c c:/program files (x86)/atmel/studio/7.0/toolchain/arm/arm-gnu-toolchain/bin/../lib/gcc/arm-none-eabi/5.3.1/../../../../arm-none-eabi/lib/armv7-m\libc.a(lib_a-strlen-stub.o)
                0x000839d0                strlen
 .text.strncpy  0x00083a2c       0x68 c:/program files (x86)/atmel/studio/7.0/toolchain/arm/arm-gnu-toolchain/bin/../lib/gcc/arm-none-eabi/5.3.1/../../../../arm-none-eabi/lib/armv7-m\libc.a(lib_a-strncpy.o)
                0x00083a2c                strncpy
 .text.startup.register_fini
                0x00083a94       0x14 c:/program files (x86)/atmel/studio/7.0/toolchain/arm/arm-gnu-toolchain/bin/../lib/gcc/arm-none-eabi/5.3.1/../../../../arm-none-eabi/lib/armv7-m\libc.a(lib_a-__call_atexit.o)
 .text.atexit   0x00083aa8        0xc c:/program files (x86)/atmel/studio/7.0/toolchain/arm/arm-gnu-toolchain/bin/../lib/gcc/arm-none-eabi/5.3.1/../../../../arm-none-eabi/lib/armv7-m\libc.a(lib_a-atexit.o)
                0x00083aa8                atexit
 .text.__sflush_r
                0x00083ab4      0x148 c:/program files (x86)/atmel/studio/7.0/toolchain/arm/arm-gnu-toolchain/bin/../lib/gcc/arm-none-eabi/5.3.1/../../../../arm-none-eabi/lib/armv7-m\libc.a(lib_a-fflush.o)
                0x00083ab4                __sflush_r
 .text._fflush_r
                0x00083bfc       0x2c c:/program files (x86)/atmel/studio/7.0/toolchain/arm/arm-gnu-toolchain/bin/../lib/gcc/arm-none-eabi/5.3.1/../../../../arm-none-eabi/lib/armv7-m\libc.a(lib_a-fflush.o)
                0x00083bfc                _fflush_r
 .text._cleanup_r
                0x00083c28        0xc c:/program files (x86)/atmel/studio/7.0/toolchain/arm/arm-gnu-toolchain/bin/../lib/gcc/arm-none-eabi/5.3.1/../../../../arm-none-eabi/lib/armv7-m\libc.a(lib_a-findfp.o)
                0x00083c28                _cleanup_r
 .text.__sinit.part.1
                0x00083c34       0xf0 c:/program files (x86)/atmel/studio/7.0/toolchain/arm/arm-gnu-toolchain/bin/../lib/gcc/arm-none-eabi/5.3.1/../../../../arm-none-eabi/lib/armv7-m\libc.a(lib_a-findfp.o)
 .text.__sinit  0x00083d24        0xc c:/program files (x86)/atmel/studio/7.0/toolchain/arm/arm-gnu-toolchain/bin/../lib/gcc/arm-none-eabi/5.3.1/../../../../arm-none-eabi/lib/armv7-m\libc.a(lib_a-findfp.o)
                0x00083d24                __sinit
 .text.__sfp_lock_acquire
                0x00083d30        0x4 c:/program files (x86)/atmel/studio/7.0/toolchain/arm/arm-gnu-toolchain/bin/../lib/gcc/arm-none-eabi/5.3.1/../../../../arm-none-eabi/lib/armv7-m\libc.a(lib_a-findfp.o)
                0x00083d30                __sfp_lock_acquire
 .text.__sfp_lock_release
                0x00083d34        0x4 c:/program files (x86)/atmel/studio/7.0/toolchain/arm/arm-gnu-toolchain/bin/../lib/gcc/arm-none-eabi/5.3.1/../../../../arm-none-eabi/lib/armv7-m\libc.a(lib_a-findfp.o)
                0x00083d34                __sfp_lock_release
 .text.__libc_fini_array
                0x00083d38       0x28 c:/program files (x86)/atmel/studio/7.0/toolchain/arm/arm-gnu-toolchain/bin/../lib/gcc/arm-none-eabi/5.3.1/../../../../arm-none-eabi/lib/armv7-m\libc.a(lib_a-fini.o)
                0x00083d38                __libc_fini_array
 .text._malloc_trim_r
                0x00083d60       0x9c c:/program files (x86)/atmel/studio/7.0/toolchain/arm/arm-gnu-toolchain/bin/../lib/gcc/arm-none-eabi/5.3.1/../../../../arm-none-eabi/lib/armv7-m\libc.a(lib_a-freer.o)
                0x00083d60                _malloc_trim_r
 .text._free_r  0x00083dfc      0x1d0 c:/program files (x86)/atmel/studio/7.0/toolchain/arm/arm-gnu-toolchain/bin/../lib/gcc/arm-none-eabi/5.3.1/../../../../arm-none-eabi/lib/armv7-m\libc.a(lib_a-freer.o)
                0x00083dfc                _free_r
 .text.__sfvwrite_r
                0x00083fcc      0x308 c:/program files (x86)/atmel/studio/7.0/toolchain/arm/arm-gnu-toolchain/bin/../lib/gcc/arm-none-eabi/5.3.1/../../../../arm-none-eabi/lib/armv7-m\libc.a(lib_a-fvwrite.o)
                0x00083fcc                __sfvwrite_r
 .text._fwalk_reent
                0x000842d4       0x50 c:/program files (x86)/atmel/studio/7.0/toolchain/arm/arm-gnu-toolchain/bin/../lib/gcc/arm-none-eabi/5.3.1/../../../../arm-none-eabi/lib/armv7-m\libc.a(lib_a-fwalk.o)
                0x000842d4                _fwalk_reent
 .text.__swhatbuf_r
                0x00084324       0x60 c:/program files (x86)/atmel/studio/7.0/toolchain/arm/arm-gnu-toolchain/bin/../lib/gcc/arm-none-eabi/5.3.1/../../../../arm-none-eabi/lib/armv7-m\libc.a(lib_a-makebuf.o)
                0x00084324                __swhatbuf_r
 .text.__smakebuf_r
                0x00084384       0x88 c:/program files (x86)/atmel/studio/7.0/toolchain/arm/arm-gnu-toolchain/bin/../lib/gcc/arm-none-eabi/5.3.1/../../../../arm-none-eabi/lib/armv7-m\libc.a(lib_a-makebuf.o)
                0x00084384                __smakebuf_r
 .text.malloc   0x0008440c       0x10 c:/program files (x86)/atmel/studio/7.0/toolchain/arm/arm-gnu-toolchain/bin/../lib/gcc/arm-none-eabi/5.3.1/../../../../arm-none-eabi/lib/armv7-m\libc.a(lib_a-malloc.o)
                0x0008440c                malloc
 .text._malloc_r
                0x0008441c      0x558 c:/program files (x86)/atmel/studio/7.0/toolchain/arm/arm-gnu-toolchain/bin/../lib/gcc/arm-none-eabi/5.3.1/../../../../arm-none-eabi/lib/armv7-m\libc.a(lib_a-mallocr.o)
                0x0008441c                _malloc_r
 .text.memchr   0x00084974       0x8c c:/program files (x86)/atmel/studio/7.0/toolchain/arm/arm-gnu-toolchain/bin/../lib/gcc/arm-none-eabi/5.3.1/../../../../arm-none-eabi/lib/armv7-m\libc.a(lib_a-memchr-stub.o)
                0x00084974                memchr
 .text.memmove  0x00084a00       0xc8 c:/program files (x86)/atmel/studio/7.0/toolchain/arm/arm-gnu-toolchain/bin/../lib/gcc/arm-none-eabi/5.3.1/../../../../arm-none-eabi/lib/armv7-m\libc.a(lib_a-memmove.o)
                0x00084a00                memmove
 .text.__malloc_lock
                0x00084ac8        0x4 c:/program files (x86)/atmel/studio/7.0/toolchain/arm/arm-gnu-toolchain/bin/../lib/gcc/arm-none-eabi/5.3.1/../../../../arm-none-eabi/lib/armv7-m\libc.a(lib_a-mlock.o)
                0x00084ac8                __malloc_lock
 .text.__malloc_unlock
                0x00084acc        0x4 c:/program files (x86)/atmel/studio/7.0/toolchain/arm/arm-gnu-toolchain/bin/../lib/gcc/arm-none-eabi/5.3.1/../../../../arm-none-eabi/lib/armv7-m\libc.a(lib_a-mlock.o)
                0x00084acc                __malloc_unlock
 .text._realloc_r
                0x00084ad0      0x3d4 c:/program files (x86)/atmel/studio/7.0/toolchain/arm/arm-gnu-toolchain/bin/../lib/gcc/arm-none-eabi/5.3.1/../../../../arm-none-eabi/lib/armv7-m\libc.a(lib_a-reallocr.o)
                0x00084ad0                _realloc_r
 .text._sbrk_r  0x00084ea4       0x24 c:/program files (x86)/atmel/studio/7.0/toolchain/arm/arm-gnu-toolchain/bin/../lib/gcc/arm-none-eabi/5.3.1/../../../../arm-none-eabi/lib/armv7-m\libc.a(lib_a-sbrkr.o)
                0x00084ea4                _sbrk_r
 .text.__sread  0x00084ec8       0x24 c:/program files (x86)/atmel/studio/7.0/toolchain/arm/arm-gnu-toolchain/bin/../lib/gcc/arm-none-eabi/5.3.1/../../../../arm-none-eabi/lib/armv7-m\libc.a(lib_a-stdio.o)
                0x00084ec8                __sread
 .text.__swrite
                0x00084eec       0x3c c:/program files (x86)/atmel/studio/7.0/toolchain/arm/arm-gnu-toolchain/bin/../lib/gcc/arm-none-eabi/5.3.1/../../../../arm-none-eabi/lib/armv7-m\libc.a(lib_a-stdio.o)
                0x00084eec                __swrite
 .text.__sseek  0x00084f28       0x20 c:/program files (x86)/atmel/studio/7.0/toolchain/arm/arm-gnu-toolchain/bin/../lib/gcc/arm-none-eabi/5.3.1/../../../../arm-none-eabi/lib/armv7-m\libc.a(lib_a-stdio.o)
                0x00084f28                __sseek
 .text.__sclose
                0x00084f48        0x8 c:/program files (x86)/atmel/studio/7.0/toolchain/arm/arm-gnu-toolchain/bin/../lib/gcc/arm-none-eabi/5.3.1/../../../../arm-none-eabi/lib/armv7-m\libc.a(lib_a-stdio.o)
                0x00084f48                __sclose
 .text._write_r
                0x00084f50       0x2c c:/program files (x86)/atmel/studio/7.0/toolchain/arm/arm-gnu-toolchain/bin/../lib/gcc/arm-none-eabi/5.3.1/../../../../arm-none-eabi/lib/armv7-m\libc.a(lib_a-writer.o)
                0x00084f50                _write_r
 .text.__swsetup_r
                0x00084f7c       0xc8 c:/program files (x86)/atmel/studio/7.0/toolchain/arm/arm-gnu-toolchain/bin/../lib/gcc/arm-none-eabi/5.3.1/../../../../arm-none-eabi/lib/armv7-m\libc.a(lib_a-wsetup.o)
                0x00084f7c                __swsetup_r
 .text.__register_exitproc
                0x00085044       0xa4 c:/program files (x86)/atmel/studio/7.0/toolchain/arm/arm-gnu-toolchain/bin/../lib/gcc/arm-none-eabi/5.3.1/../../../../arm-none-eabi/lib/armv7-m\libc.a(lib_a-__atexit.o)
                0x00085044                __register_exitproc
 .text._close_r
                0x000850e8       0x24 c:/program files (x86)/atmel/studio/7.0/toolchain/arm/arm-gnu-toolchain/bin/../lib/gcc/arm-none-eabi/5.3.1/../../../../arm-none-eabi/lib/armv7-m\libc.a(lib_a-closer.o)
                0x000850e8                _close_r
 .text._fclose_r
                0x0008510c       0x84 c:/program files (x86)/atmel/studio/7.0/toolchain/arm/arm-gnu-toolchain/bin/../lib/gcc/arm-none-eabi/5.3.1/../../../../arm-none-eabi/lib/armv7-m\libc.a(lib_a-fclose.o)
                0x0008510c                _fclose_r
 .text._fstat_r
                0x00085190       0x28 c:/program files (x86)/atmel/studio/7.0/toolchain/arm/arm-gnu-toolchain/bin/../lib/gcc/arm-none-eabi/5.3.1/../../../../arm-none-eabi/lib/armv7-m\libc.a(lib_a-fstatr.o)
                0x00085190                _fstat_r
 .text._isatty_r
                0x000851b8       0x24 c:/program files (x86)/atmel/studio/7.0/toolchain/arm/arm-gnu-toolchain/bin/../lib/gcc/arm-none-eabi/5.3.1/../../../../arm-none-eabi/lib/armv7-m\libc.a(lib_a-isattyr.o)
                0x000851b8                _isatty_r
 .text._lseek_r
                0x000851dc       0x2c c:/program files (x86)/atmel/studio/7.0/toolchain/arm/arm-gnu-toolchain/bin/../lib/gcc/arm-none-eabi/5.3.1/../../../../arm-none-eabi/lib/armv7-m\libc.a(lib_a-lseekr.o)
                0x000851dc                _lseek_r
 .text._read_r  0x00085208       0x2c c:/program files (x86)/atmel/studio/7.0/toolchain/arm/arm-gnu-toolchain/bin/../lib/gcc/arm-none-eabi/5.3.1/../../../../arm-none-eabi/lib/armv7-m\libc.a(lib_a-readr.o)
                0x00085208                _read_r
 *(.glue_7t)
 .glue_7t       0x00085234        0x0 linker stubs
 *(.glue_7)
 .glue_7        0x00085234        0x0 linker stubs
 *(.rodata .rodata* .gnu.linkonce.r.*)
 .rodata.str1.4
                0x00085234       0x1f src/ASF/thirdparty/freertos/freertos-7.3.0/source/tasks.o
 *fill*         0x00085253        0x1 
 .rodata.str1.4
                0x00085254        0x8 src/ASF/thirdparty/freertos/freertos-7.3.0/source/timers.o
 .rodata.str1.4
                0x0008525c      0x56f src/ASF/thirdparty/trace_lib_src/trcBase.o
 *fill*         0x000857cb        0x1 
 .rodata.str1.4
                0x000857cc       0x47 src/ASF/thirdparty/trace_lib_src/trcHardwarePort.o
 *fill*         0x00085813        0x1 
 .rodata.str1.4
                0x00085814      0x756 src/ASF/thirdparty/trace_lib_src/trcKernel.o
 *fill*         0x00085f6a        0x2 
 .rodata.str1.4
                0x00085f6c      0x298 src/ASF/thirdparty/trace_lib_src/trcKernelPortFreeRTOS.o
 .rodata.str1.4
                0x00086204      0x331 src/ASF/thirdparty/trace_lib_src/trcUser.o
 *fill*         0x00086535        0x3 
 .rodata.str1.4
                0x00086538       0x93 src/main.o
 *fill*         0x000865cb        0x1 
 .rodata.str1.4
                0x000865cc        0x2 c:/program files (x86)/atmel/studio/7.0/toolchain/arm/arm-gnu-toolchain/bin/../lib/gcc/arm-none-eabi/5.3.1/../../../../arm-none-eabi/lib/armv7-m\libc.a(lib_a-impure.o)
 *fill*         0x000865ce        0x2 
 .rodata._global_impure_ptr
                0x000865d0        0x4 c:/program files (x86)/atmel/studio/7.0/toolchain/arm/arm-gnu-toolchain/bin/../lib/gcc/arm-none-eabi/5.3.1/../../../../arm-none-eabi/lib/armv7-m\libc.a(lib_a-impure.o)
                0x000865d0                _global_impure_ptr
 .rodata.str1.4
                0x000865d4        0x4 c:/program files (x86)/atmel/studio/7.0/toolchain/arm/arm-gnu-toolchain/bin/../lib/gcc/arm-none-eabi/5.3.1/../../../../arm-none-eabi/lib/armv7-m\libc.a(lib_a-puts.o)
                                  0x2 (size before relaxing)
 *(.ARM.extab* .gnu.linkonce.armextab.*)
                0x000865d8                . = ALIGN (0x4)
 *(.init)
 .init          0x000865d4        0x4 c:/program files (x86)/atmel/studio/7.0/toolchain/arm/arm-gnu-toolchain/bin/../lib/gcc/arm-none-eabi/5.3.1/armv7-m/crti.o
                0x000865d4                _init
 .init          0x000865d8        0x8 c:/program files (x86)/atmel/studio/7.0/toolchain/arm/arm-gnu-toolchain/bin/../lib/gcc/arm-none-eabi/5.3.1/armv7-m/crtn.o
                0x000865e0                . = ALIGN (0x4)
                0x000865e0                __preinit_array_start = .
 *(.preinit_array)
                0x000865e0                __preinit_array_end = .
                0x000865e0                . = ALIGN (0x4)
                0x000865e0                __init_array_start = .
 *(SORT(.init_array.*))
 .init_array.00000
                0x000865e0        0x4 c:/program files (x86)/atmel/studio/7.0/toolchain/arm/arm-gnu-toolchain/bin/../lib/gcc/arm-none-eabi/5.3.1/../../../../arm-none-eabi/lib/armv7-m\libc.a(lib_a-__call_atexit.o)
 *(.init_array)
 .init_array    0x000865e4        0x4 c:/program files (x86)/atmel/studio/7.0/toolchain/arm/arm-gnu-toolchain/bin/../lib/gcc/arm-none-eabi/5.3.1/armv7-m/crtbegin.o
                0x000865e8                __init_array_end = .
                0x000865e8                . = ALIGN (0x4)
 *crtbegin.o(.ctors)
 *(EXCLUDE_FILE(*crtend.o) .ctors)
 *(SORT(.ctors.*))
 *crtend.o(.ctors)
                0x000865e8                . = ALIGN (0x4)
 *(.fini)
 .fini          0x000865e8        0x4 c:/program files (x86)/atmel/studio/7.0/toolchain/arm/arm-gnu-toolchain/bin/../lib/gcc/arm-none-eabi/5.3.1/armv7-m/crti.o
                0x000865e8                _fini
 .fini          0x000865ec        0x8 c:/program files (x86)/atmel/studio/7.0/toolchain/arm/arm-gnu-toolchain/bin/../lib/gcc/arm-none-eabi/5.3.1/armv7-m/crtn.o
                0x000865f4                . = ALIGN (0x4)
                0x000865f4                __fini_array_start = .
 *(.fini_array)
 .fini_array    0x000865f4        0x4 c:/program files (x86)/atmel/studio/7.0/toolchain/arm/arm-gnu-toolchain/bin/../lib/gcc/arm-none-eabi/5.3.1/armv7-m/crtbegin.o
 *(SORT(.fini_array.*))
                0x000865f8                __fini_array_end = .
 *crtbegin.o(.dtors)
 *(EXCLUDE_FILE(*crtend.o) .dtors)
 *(SORT(.dtors.*))
 *crtend.o(.dtors)
                0x000865f8                . = ALIGN (0x4)
                0x000865f8                _efixed = .
                [!provide]                PROVIDE (__exidx_start, .)

.vfp11_veneer   0x000865f8        0x0
 .vfp11_veneer  0x000865f8        0x0 linker stubs

.v4_bx          0x000865f8        0x0
 .v4_bx         0x000865f8        0x0 linker stubs

.iplt           0x000865f8        0x0
 .iplt          0x000865f8        0x0 c:/program files (x86)/atmel/studio/7.0/toolchain/arm/arm-gnu-toolchain/bin/../lib/gcc/arm-none-eabi/5.3.1/armv7-m/crtbegin.o

.eh_frame       0x000865f8        0x0
 .eh_frame      0x000865f8        0x0 c:/program files (x86)/atmel/studio/7.0/toolchain/arm/arm-gnu-toolchain/bin/../lib/gcc/arm-none-eabi/5.3.1/armv7-m/crtbegin.o

.rel.dyn        0x000865f8        0x0
 .rel.iplt      0x000865f8        0x0 c:/program files (x86)/atmel/studio/7.0/toolchain/arm/arm-gnu-toolchain/bin/../lib/gcc/arm-none-eabi/5.3.1/armv7-m/crtbegin.o

.jcr            0x000865f8        0x0
 .jcr           0x000865f8        0x0 c:/program files (x86)/atmel/studio/7.0/toolchain/arm/arm-gnu-toolchain/bin/../lib/gcc/arm-none-eabi/5.3.1/armv7-m/crtbegin.o

.igot.plt       0x000865f8        0x0
 .igot.plt      0x000865f8        0x0 c:/program files (x86)/atmel/studio/7.0/toolchain/arm/arm-gnu-toolchain/bin/../lib/gcc/arm-none-eabi/5.3.1/armv7-m/crtbegin.o

.ARM.exidx
 *(.ARM.exidx* .gnu.linkonce.armexidx.*)
                [!provide]                PROVIDE (__exidx_end, .)
                0x000865f8                . = ALIGN (0x4)
                0x000865f8                _etext = .

.relocate       0x20070000      0x984 load address 0x000865f8
                0x20070000                . = ALIGN (0x4)
                0x20070000                _srelocate = .
 *(.ramfunc .ramfunc.*)
 .ramfunc       0x20070000      0x12c src/ASF/sam/utils/cmsis/sam3x/source/templates/system_sam3x.o
                0x20070000                SystemInit
                0x200700a4                system_init_flash
 *(.data .data.*)
 .data.uxCriticalNesting
                0x2007012c        0x4 src/ASF/thirdparty/freertos/freertos-7.3.0/source/portable/gcc/sam/port.o
 .data.xFreeBytesRemaining
                0x20070130        0x4 src/ASF/thirdparty/freertos/freertos-7.3.0/source/portable/memmang/heap_4.o
 .data.xNextTaskUnblockTime
                0x20070134        0x4 src/ASF/thirdparty/freertos/freertos-7.3.0/source/tasks.o
 .data.SystemCoreClock
                0x20070138        0x4 src/ASF/sam/utils/cmsis/sam3x/source/templates/system_sam3x.o
                0x20070138                SystemCoreClock
 .data.readyEventsEnabled
                0x2007013c        0x4 src/ASF/thirdparty/trace_lib_src/trcKernel.o
 .data.TraceObjectClassTable
                0x20070140        0x5 src/ASF/thirdparty/trace_lib_src/trcKernelPortFreeRTOS.o
                0x20070140                TraceObjectClassTable
 *fill*         0x20070145        0x3 
 .data.impure_data
                0x20070148      0x428 c:/program files (x86)/atmel/studio/7.0/toolchain/arm/arm-gnu-toolchain/bin/../lib/gcc/arm-none-eabi/5.3.1/../../../../arm-none-eabi/lib/armv7-m\libc.a(lib_a-impure.o)
 .data._impure_ptr
                0x20070570        0x4 c:/program files (x86)/atmel/studio/7.0/toolchain/arm/arm-gnu-toolchain/bin/../lib/gcc/arm-none-eabi/5.3.1/../../../../arm-none-eabi/lib/armv7-m\libc.a(lib_a-impure.o)
                0x20070570                _impure_ptr
 .data.__malloc_av_
                0x20070574      0x408 c:/program files (x86)/atmel/studio/7.0/toolchain/arm/arm-gnu-toolchain/bin/../lib/gcc/arm-none-eabi/5.3.1/../../../../arm-none-eabi/lib/armv7-m\libc.a(lib_a-mallocr.o)
                0x20070574                __malloc_av_
 .data.__malloc_trim_threshold
                0x2007097c        0x4 c:/program files (x86)/atmel/studio/7.0/toolchain/arm/arm-gnu-toolchain/bin/../lib/gcc/arm-none-eabi/5.3.1/../../../../arm-none-eabi/lib/armv7-m\libc.a(lib_a-mallocr.o)
                0x2007097c                __malloc_trim_threshold
 .data.__malloc_sbrk_base
                0x20070980        0x4 c:/program files (x86)/atmel/studio/7.0/toolchain/arm/arm-gnu-toolchain/bin/../lib/gcc/arm-none-eabi/5.3.1/../../../../arm-none-eabi/lib/armv7-m\libc.a(lib_a-mallocr.o)
                0x20070980                __malloc_sbrk_base
                0x20070984                . = ALIGN (0x4)
                0x20070984                _erelocate = .

.bss            0x20070988     0xbad0 load address 0x00086f80
                0x20070988                . = ALIGN (0x4)
                0x20070988                _sbss = .
                0x20070988                _szero = .
 *(.bss .bss.*)
 .bss           0x20070988       0x1c c:/program files (x86)/atmel/studio/7.0/toolchain/arm/arm-gnu-toolchain/bin/../lib/gcc/arm-none-eabi/5.3.1/armv7-m/crtbegin.o
 *fill*         0x200709a4        0x4 
 .bss.xHeap     0x200709a8     0xa000 src/ASF/thirdparty/freertos/freertos-7.3.0/source/portable/memmang/heap_4.o
 .bss.pxEnd     0x2007a9a8        0x4 src/ASF/thirdparty/freertos/freertos-7.3.0/source/portable/memmang/heap_4.o
 .bss.xStart    0x2007a9ac        0x8 src/ASF/thirdparty/freertos/freertos-7.3.0/source/portable/memmang/heap_4.o
 .bss.uxTopReadyPriority
                0x2007a9b4        0x4 src/ASF/thirdparty/freertos/freertos-7.3.0/source/tasks.o
 .bss.uxTasksDeleted
                0x2007a9b8        0x4 src/ASF/thirdparty/freertos/freertos-7.3.0/source/tasks.o
 .bss.xTickCount
                0x2007a9bc        0x4 src/ASF/thirdparty/freertos/freertos-7.3.0/source/tasks.o
 .bss.pxReadyTasksLists
                0x2007a9c0       0x64 src/ASF/thirdparty/freertos/freertos-7.3.0/source/tasks.o
 .bss.pxOverflowDelayedTaskList
                0x2007aa24        0x4 src/ASF/thirdparty/freertos/freertos-7.3.0/source/tasks.o
 .bss.xTasksWaitingTermination
                0x2007aa28       0x14 src/ASF/thirdparty/freertos/freertos-7.3.0/source/tasks.o
 .bss.pxDelayedTaskList
                0x2007aa3c        0x4 src/ASF/thirdparty/freertos/freertos-7.3.0/source/tasks.o
 .bss.uxCurrentNumberOfTasks
                0x2007aa40        0x4 src/ASF/thirdparty/freertos/freertos-7.3.0/source/tasks.o
 .bss.xPendingReadyList
                0x2007aa44       0x14 src/ASF/thirdparty/freertos/freertos-7.3.0/source/tasks.o
 .bss.xSchedulerRunning
                0x2007aa58        0x4 src/ASF/thirdparty/freertos/freertos-7.3.0/source/tasks.o
 .bss.xMissedYield
                0x2007aa5c        0x4 src/ASF/thirdparty/freertos/freertos-7.3.0/source/tasks.o
 .bss.uxTaskNumber
                0x2007aa60        0x4 src/ASF/thirdparty/freertos/freertos-7.3.0/source/tasks.o
 .bss.pxCurrentTCB
                0x2007aa64        0x4 src/ASF/thirdparty/freertos/freertos-7.3.0/source/tasks.o
                0x2007aa64                pxCurrentTCB
 .bss.xSuspendedTaskList
                0x2007aa68       0x14 src/ASF/thirdparty/freertos/freertos-7.3.0/source/tasks.o
 .bss.xDelayedTaskList1
                0x2007aa7c       0x14 src/ASF/thirdparty/freertos/freertos-7.3.0/source/tasks.o
 .bss.xDelayedTaskList2
                0x2007aa90       0x14 src/ASF/thirdparty/freertos/freertos-7.3.0/source/tasks.o
 .bss.uxSchedulerSuspended
                0x2007aaa4        0x4 src/ASF/thirdparty/freertos/freertos-7.3.0/source/tasks.o
 .bss.uxMissedTicks
                0x2007aaa8        0x4 src/ASF/thirdparty/freertos/freertos-7.3.0/source/tasks.o
 .bss.xNumOfOverflows
                0x2007aaac        0x4 src/ASF/thirdparty/freertos/freertos-7.3.0/source/tasks.o
 .bss.uxTopUsedPriority
                0x2007aab0        0x4 src/ASF/thirdparty/freertos/freertos-7.3.0/source/tasks.o
 .bss.pxCurrentTimerList
                0x2007aab4        0x4 src/ASF/thirdparty/freertos/freertos-7.3.0/source/timers.o
 .bss.xActiveTimerList1
                0x2007aab8       0x14 src/ASF/thirdparty/freertos/freertos-7.3.0/source/timers.o
 .bss.xActiveTimerList2
                0x2007aacc       0x14 src/ASF/thirdparty/freertos/freertos-7.3.0/source/timers.o
 .bss.xLastTime.8249
                0x2007aae0        0x4 src/ASF/thirdparty/freertos/freertos-7.3.0/source/timers.o
 .bss.xTimerQueue
                0x2007aae4        0x4 src/ASF/thirdparty/freertos/freertos-7.3.0/source/timers.o
 .bss.pxOverflowTimerList
                0x2007aae8        0x4 src/ASF/thirdparty/freertos/freertos-7.3.0/source/timers.o
 .bss.xTimerTaskHandle
                0x2007aaec        0x4 src/ASF/thirdparty/freertos/freertos-7.3.0/source/timers.o
 .bss.gs_interrupt_sources
                0x2007aaf0       0x70 src/ASF/sam/drivers/pio/pio_handler.o
 .bss.heap.5287
                0x2007ab60        0x4 src/ASF/sam/utils/syscalls/gcc/syscalls.o
 .bss.excludedEventCodes
                0x2007ab64       0x21 src/ASF/thirdparty/trace_lib_src/trcBase.o
                0x2007ab64                excludedEventCodes
 *fill*         0x2007ab85        0x3 
 .bss.traceErrorMessage
                0x2007ab88        0x4 src/ASF/thirdparty/trace_lib_src/trcBase.o
                0x2007ab88                traceErrorMessage
 .bss.old_timestamp.7975
                0x2007ab8c        0x4 src/ASF/thirdparty/trace_lib_src/trcBase.o
 .bss.recorder_busy
                0x2007ab90        0x4 src/ASF/thirdparty/trace_lib_src/trcBase.o
                0x2007ab90                recorder_busy
 .bss.RecorderDataPtr
                0x2007ab94        0x4 src/ASF/thirdparty/trace_lib_src/trcBase.o
                0x2007ab94                RecorderDataPtr
 .bss.objectHandleStacks
                0x2007ab98       0x6e src/ASF/thirdparty/trace_lib_src/trcBase.o
                0x2007ab98                objectHandleStacks
 *fill*         0x2007ac06        0x2 
 .bss.excludedObjects
                0x2007ac08        0x8 src/ASF/thirdparty/trace_lib_src/trcBase.o
                0x2007ac08                excludedObjects
 .bss.uiTraceTickCount
                0x2007ac10        0x4 src/ASF/thirdparty/trace_lib_src/trcHardwarePort.o
                0x2007ac10                uiTraceTickCount
 .bss.last_hwtc_count.7909
                0x2007ac14        0x4 src/ASF/thirdparty/trace_lib_src/trcHardwarePort.o
 .bss.trace_disable_timestamp
                0x2007ac18        0x4 src/ASF/thirdparty/trace_lib_src/trcHardwarePort.o
                0x2007ac18                trace_disable_timestamp
 .bss.last_timestamp
                0x2007ac1c        0x4 src/ASF/thirdparty/trace_lib_src/trcHardwarePort.o
 .bss.DWT_CYCLES_ADDED
                0x2007ac20        0x4 src/ASF/thirdparty/trace_lib_src/trcHardwarePort.o
                0x2007ac20                DWT_CYCLES_ADDED
 .bss.last_hwtc_rest.7911
                0x2007ac24        0x4 src/ASF/thirdparty/trace_lib_src/trcHardwarePort.o
 .bss.inExcludedTask
                0x2007ac28        0x1 src/ASF/thirdparty/trace_lib_src/trcKernel.o
                0x2007ac28                inExcludedTask
 .bss.handle_of_last_logged_task
                0x2007ac29        0x1 src/ASF/thirdparty/trace_lib_src/trcKernel.o
                0x2007ac29                handle_of_last_logged_task
 .bss.nISRactive
                0x2007ac2a        0x1 src/ASF/thirdparty/trace_lib_src/trcKernel.o
                0x2007ac2a                nISRactive
 *fill*         0x2007ac2b        0x1 
 .bss.isPendingContextSwitch
                0x2007ac2c        0x4 src/ASF/thirdparty/trace_lib_src/trcUser.o
                0x2007ac2c                isPendingContextSwitch
 .bss.__malloc_max_total_mem
                0x2007ac30        0x4 c:/program files (x86)/atmel/studio/7.0/toolchain/arm/arm-gnu-toolchain/bin/../lib/gcc/arm-none-eabi/5.3.1/../../../../arm-none-eabi/lib/armv7-m\libc.a(lib_a-mallocr.o)
                0x2007ac30                __malloc_max_total_mem
 .bss.__malloc_max_sbrked_mem
                0x2007ac34        0x4 c:/program files (x86)/atmel/studio/7.0/toolchain/arm/arm-gnu-toolchain/bin/../lib/gcc/arm-none-eabi/5.3.1/../../../../arm-none-eabi/lib/armv7-m\libc.a(lib_a-mallocr.o)
                0x2007ac34                __malloc_max_sbrked_mem
 .bss.__malloc_top_pad
                0x2007ac38        0x4 c:/program files (x86)/atmel/studio/7.0/toolchain/arm/arm-gnu-toolchain/bin/../lib/gcc/arm-none-eabi/5.3.1/../../../../arm-none-eabi/lib/armv7-m\libc.a(lib_a-mallocr.o)
                0x2007ac38                __malloc_top_pad
 .bss.__malloc_current_mallinfo
                0x2007ac3c       0x28 c:/program files (x86)/atmel/studio/7.0/toolchain/arm/arm-gnu-toolchain/bin/../lib/gcc/arm-none-eabi/5.3.1/../../../../arm-none-eabi/lib/armv7-m\libc.a(lib_a-mallocr.o)
                0x2007ac3c                __malloc_current_mallinfo
 *(COMMON)
 COMMON         0x2007ac64        0x4 src/ASF/common/utils/stdio/read.o
                0x2007ac64                ptr_get
 COMMON         0x2007ac68        0x8 src/ASF/common/utils/stdio/write.o
                0x2007ac68                ptr_put
                0x2007ac6c                stdio_base
 COMMON         0x2007ac70     0x17e4 src/ASF/thirdparty/trace_lib_src/trcBase.o
                0x2007ac70                RecorderData
                0x2007c450                init_hwtc_count
 COMMON         0x2007c454        0x4 c:/program files (x86)/atmel/studio/7.0/toolchain/arm/arm-gnu-toolchain/bin/../lib/gcc/arm-none-eabi/5.3.1/../../../../arm-none-eabi/lib/armv7-m\libc.a(lib_a-reent.o)
                0x2007c454                errno
                0x2007c458                . = ALIGN (0x4)
                0x2007c458                _ebss = .
                0x2007c458                _ezero = .

.stack          0x2007c458     0x2000 load address 0x00092a50
                0x2007c458                . = ALIGN (0x8)
                0x2007c458                _sstack = .
                0x2007e458                . = (. + __stack_size__)
 *fill*         0x2007c458     0x2000 
                0x2007e458                . = ALIGN (0x8)
                0x2007e458                _estack = .
                0x2007e458                . = ALIGN (0x4)
                0x2007e458                _end = .
OUTPUT(FreeRTOS-Test.elf elf32-littlearm)

.ARM.attributes
                0x00000000       0x29
 .ARM.attributes
                0x00000000       0x1d c:/program files (x86)/atmel/studio/7.0/toolchain/arm/arm-gnu-toolchain/bin/../lib/gcc/arm-none-eabi/5.3.1/armv7-m/crti.o
 .ARM.attributes
                0x0000001d       0x2d c:/program files (x86)/atmel/studio/7.0/toolchain/arm/arm-gnu-toolchain/bin/../lib/gcc/arm-none-eabi/5.3.1/armv7-m/crtbegin.o
 .ARM.attributes
                0x0000004a       0x33 src/ASF/common/utils/stdio/read.o
 .ARM.attributes
                0x0000007d       0x33 src/ASF/sam/drivers/usart/usart.o
 .ARM.attributes
                0x000000b0       0x33 src/ASF/common/utils/stdio/write.o
 .ARM.attributes
                0x000000e3       0x33 src/ASF/sam/drivers/uart/uart.o
 .ARM.attributes
                0x00000116       0x33 src/ASF/thirdparty/freertos/freertos-7.3.0/source/list.o
 .ARM.attributes
                0x00000149       0x33 src/ASF/thirdparty/freertos/freertos-7.3.0/source/portable/gcc/sam/port.o
 .ARM.attributes
                0x0000017c       0x33 src/ASF/thirdparty/freertos/freertos-7.3.0/source/portable/memmang/heap_4.o
 .ARM.attributes
                0x000001af       0x33 src/ASF/thirdparty/freertos/freertos-7.3.0/source/queue.o
 .ARM.attributes
                0x000001e2       0x33 src/ASF/thirdparty/freertos/freertos-7.3.0/source/tasks.o
 .ARM.attributes
                0x00000215       0x33 src/ASF/thirdparty/freertos/freertos-7.3.0/source/timers.o
 .ARM.attributes
                0x00000248       0x33 src/ASF/common/services/clock/sam3x/sysclk.o
 .ARM.attributes
                0x0000027b       0x33 src/ASF/sam/boards/arduino_due_x/init.o
 .ARM.attributes
                0x000002ae       0x33 src/ASF/sam/drivers/pio/pio.o
 .ARM.attributes
                0x000002e1       0x33 src/ASF/sam/drivers/pio/pio_handler.o
 .ARM.attributes
                0x00000314       0x33 src/ASF/sam/drivers/pmc/pmc.o
 .ARM.attributes
                0x00000347       0x33 src/ASF/sam/utils/cmsis/sam3x/source/templates/exceptions.o
 .ARM.attributes
                0x0000037a       0x33 src/ASF/sam/utils/cmsis/sam3x/source/templates/gcc/startup_sam3x.o
 .ARM.attributes
                0x000003ad       0x33 src/ASF/sam/utils/cmsis/sam3x/source/templates/system_sam3x.o
 .ARM.attributes
                0x000003e0       0x33 src/ASF/sam/utils/syscalls/gcc/syscalls.o
 .ARM.attributes
                0x00000413       0x33 src/ASF/thirdparty/trace_lib_src/trcBase.o
 .ARM.attributes
                0x00000446       0x33 src/ASF/thirdparty/trace_lib_src/trcHardwarePort.o
 .ARM.attributes
                0x00000479       0x33 src/ASF/thirdparty/trace_lib_src/trcKernel.o
 .ARM.attributes
                0x000004ac       0x33 src/ASF/thirdparty/trace_lib_src/trcKernelPortFreeRTOS.o
 .ARM.attributes
                0x000004df       0x33 src/ASF/thirdparty/trace_lib_src/trcUser.o
 .ARM.attributes
                0x00000512       0x33 src/main.o
 .ARM.attributes
                0x00000545       0x2d c:/program files (x86)/atmel/studio/7.0/toolchain/arm/arm-gnu-toolchain/bin/../lib/gcc/arm-none-eabi/5.3.1/../../../../arm-none-eabi/lib/armv7-m\libc.a(lib_a-impure.o)
 .ARM.attributes
                0x00000572       0x2d c:/program files (x86)/atmel/studio/7.0/toolchain/arm/arm-gnu-toolchain/bin/../lib/gcc/arm-none-eabi/5.3.1/../../../../arm-none-eabi/lib/armv7-m\libc.a(lib_a-init.o)
 .ARM.attributes
                0x0000059f       0x1b c:/program files (x86)/atmel/studio/7.0/toolchain/arm/arm-gnu-toolchain/bin/../lib/gcc/arm-none-eabi/5.3.1/../../../../arm-none-eabi/lib/armv7-m\libc.a(lib_a-memcpy.o)
 .ARM.attributes
                0x000005ba       0x2d c:/program files (x86)/atmel/studio/7.0/toolchain/arm/arm-gnu-toolchain/bin/../lib/gcc/arm-none-eabi/5.3.1/../../../../arm-none-eabi/lib/armv7-m\libc.a(lib_a-memset.o)
 .ARM.attributes
                0x000005e7       0x2d c:/program files (x86)/atmel/studio/7.0/toolchain/arm/arm-gnu-toolchain/bin/../lib/gcc/arm-none-eabi/5.3.1/../../../../arm-none-eabi/lib/armv7-m\libc.a(lib_a-puts.o)
 .ARM.attributes
                0x00000614       0x2d c:/program files (x86)/atmel/studio/7.0/toolchain/arm/arm-gnu-toolchain/bin/../lib/gcc/arm-none-eabi/5.3.1/../../../../arm-none-eabi/lib/armv7-m\libc.a(lib_a-setbuf.o)
 .ARM.attributes
                0x00000641       0x2d c:/program files (x86)/atmel/studio/7.0/toolchain/arm/arm-gnu-toolchain/bin/../lib/gcc/arm-none-eabi/5.3.1/../../../../arm-none-eabi/lib/armv7-m\libc.a(lib_a-setvbuf.o)
 .ARM.attributes
                0x0000066e       0x2d c:/program files (x86)/atmel/studio/7.0/toolchain/arm/arm-gnu-toolchain/bin/../lib/gcc/arm-none-eabi/5.3.1/../../../../arm-none-eabi/lib/armv7-m\libc.a(lib_a-strlen-stub.o)
 .ARM.attributes
                0x0000069b       0x2d c:/program files (x86)/atmel/studio/7.0/toolchain/arm/arm-gnu-toolchain/bin/../lib/gcc/arm-none-eabi/5.3.1/../../../../arm-none-eabi/lib/armv7-m\libc.a(lib_a-strncpy.o)
 .ARM.attributes
                0x000006c8       0x2d c:/program files (x86)/atmel/studio/7.0/toolchain/arm/arm-gnu-toolchain/bin/../lib/gcc/arm-none-eabi/5.3.1/../../../../arm-none-eabi/lib/armv7-m\libc.a(lib_a-__call_atexit.o)
 .ARM.attributes
                0x000006f5       0x2d c:/program files (x86)/atmel/studio/7.0/toolchain/arm/arm-gnu-toolchain/bin/../lib/gcc/arm-none-eabi/5.3.1/../../../../arm-none-eabi/lib/armv7-m\libc.a(lib_a-atexit.o)
 .ARM.attributes
                0x00000722       0x2d c:/program files (x86)/atmel/studio/7.0/toolchain/arm/arm-gnu-toolchain/bin/../lib/gcc/arm-none-eabi/5.3.1/../../../../arm-none-eabi/lib/armv7-m\libc.a(lib_a-fflush.o)
 .ARM.attributes
                0x0000074f       0x2d c:/program files (x86)/atmel/studio/7.0/toolchain/arm/arm-gnu-toolchain/bin/../lib/gcc/arm-none-eabi/5.3.1/../../../../arm-none-eabi/lib/armv7-m\libc.a(lib_a-findfp.o)
 .ARM.attributes
                0x0000077c       0x2d c:/program files (x86)/atmel/studio/7.0/toolchain/arm/arm-gnu-toolchain/bin/../lib/gcc/arm-none-eabi/5.3.1/../../../../arm-none-eabi/lib/armv7-m\libc.a(lib_a-fini.o)
 .ARM.attributes
                0x000007a9       0x2d c:/program files (x86)/atmel/studio/7.0/toolchain/arm/arm-gnu-toolchain/bin/../lib/gcc/arm-none-eabi/5.3.1/../../../../arm-none-eabi/lib/armv7-m\libc.a(lib_a-freer.o)
 .ARM.attributes
                0x000007d6       0x2d c:/program files (x86)/atmel/studio/7.0/toolchain/arm/arm-gnu-toolchain/bin/../lib/gcc/arm-none-eabi/5.3.1/../../../../arm-none-eabi/lib/armv7-m\libc.a(lib_a-fvwrite.o)
 .ARM.attributes
                0x00000803       0x2d c:/program files (x86)/atmel/studio/7.0/toolchain/arm/arm-gnu-toolchain/bin/../lib/gcc/arm-none-eabi/5.3.1/../../../../arm-none-eabi/lib/armv7-m\libc.a(lib_a-fwalk.o)
 .ARM.attributes
                0x00000830       0x2d c:/program files (x86)/atmel/studio/7.0/toolchain/arm/arm-gnu-toolchain/bin/../lib/gcc/arm-none-eabi/5.3.1/../../../../arm-none-eabi/lib/armv7-m\libc.a(lib_a-makebuf.o)
 .ARM.attributes
                0x0000085d       0x2d c:/program files (x86)/atmel/studio/7.0/toolchain/arm/arm-gnu-toolchain/bin/../lib/gcc/arm-none-eabi/5.3.1/../../../../arm-none-eabi/lib/armv7-m\libc.a(lib_a-malloc.o)
 .ARM.attributes
                0x0000088a       0x2d c:/program files (x86)/atmel/studio/7.0/toolchain/arm/arm-gnu-toolchain/bin/../lib/gcc/arm-none-eabi/5.3.1/../../../../arm-none-eabi/lib/armv7-m\libc.a(lib_a-mallocr.o)
 .ARM.attributes
                0x000008b7       0x2d c:/program files (x86)/atmel/studio/7.0/toolchain/arm/arm-gnu-toolchain/bin/../lib/gcc/arm-none-eabi/5.3.1/../../../../arm-none-eabi/lib/armv7-m\libc.a(lib_a-memchr-stub.o)
 .ARM.attributes
                0x000008e4       0x2d c:/program files (x86)/atmel/studio/7.0/toolchain/arm/arm-gnu-toolchain/bin/../lib/gcc/arm-none-eabi/5.3.1/../../../../arm-none-eabi/lib/armv7-m\libc.a(lib_a-memmove.o)
 .ARM.attributes
                0x00000911       0x2d c:/program files (x86)/atmel/studio/7.0/toolchain/arm/arm-gnu-toolchain/bin/../lib/gcc/arm-none-eabi/5.3.1/../../../../arm-none-eabi/lib/armv7-m\libc.a(lib_a-mlock.o)
 .ARM.attributes
                0x0000093e       0x2d c:/program files (x86)/atmel/studio/7.0/toolchain/arm/arm-gnu-toolchain/bin/../lib/gcc/arm-none-eabi/5.3.1/../../../../arm-none-eabi/lib/armv7-m\libc.a(lib_a-reallocr.o)
 .ARM.attributes
                0x0000096b       0x2d c:/program files (x86)/atmel/studio/7.0/toolchain/arm/arm-gnu-toolchain/bin/../lib/gcc/arm-none-eabi/5.3.1/../../../../arm-none-eabi/lib/armv7-m\libc.a(lib_a-sbrkr.o)
 .ARM.attributes
                0x00000998       0x2d c:/program files (x86)/atmel/studio/7.0/toolchain/arm/arm-gnu-toolchain/bin/../lib/gcc/arm-none-eabi/5.3.1/../../../../arm-none-eabi/lib/armv7-m\libc.a(lib_a-stdio.o)
 .ARM.attributes
                0x000009c5       0x2d c:/program files (x86)/atmel/studio/7.0/toolchain/arm/arm-gnu-toolchain/bin/../lib/gcc/arm-none-eabi/5.3.1/../../../../arm-none-eabi/lib/armv7-m\libc.a(lib_a-writer.o)
 .ARM.attributes
                0x000009f2       0x2d c:/program files (x86)/atmel/studio/7.0/toolchain/arm/arm-gnu-toolchain/bin/../lib/gcc/arm-none-eabi/5.3.1/../../../../arm-none-eabi/lib/armv7-m\libc.a(lib_a-wsetup.o)
 .ARM.attributes
                0x00000a1f       0x2d c:/program files (x86)/atmel/studio/7.0/toolchain/arm/arm-gnu-toolchain/bin/../lib/gcc/arm-none-eabi/5.3.1/../../../../arm-none-eabi/lib/armv7-m\libc.a(lib_a-__atexit.o)
 .ARM.attributes
                0x00000a4c       0x2d c:/program files (x86)/atmel/studio/7.0/toolchain/arm/arm-gnu-toolchain/bin/../lib/gcc/arm-none-eabi/5.3.1/../../../../arm-none-eabi/lib/armv7-m\libc.a(lib_a-closer.o)
 .ARM.attributes
                0x00000a79       0x2d c:/program files (x86)/atmel/studio/7.0/toolchain/arm/arm-gnu-toolchain/bin/../lib/gcc/arm-none-eabi/5.3.1/../../../../arm-none-eabi/lib/armv7-m\libc.a(lib_a-fclose.o)
 .ARM.attributes
                0x00000aa6       0x2d c:/program files (x86)/atmel/studio/7.0/toolchain/arm/arm-gnu-toolchain/bin/../lib/gcc/arm-none-eabi/5.3.1/../../../../arm-none-eabi/lib/armv7-m\libc.a(lib_a-fstatr.o)
 .ARM.attributes
                0x00000ad3       0x2d c:/program files (x86)/atmel/studio/7.0/toolchain/arm/arm-gnu-toolchain/bin/../lib/gcc/arm-none-eabi/5.3.1/../../../../arm-none-eabi/lib/armv7-m\libc.a(lib_a-isattyr.o)
 .ARM.attributes
                0x00000b00       0x2d c:/program files (x86)/atmel/studio/7.0/toolchain/arm/arm-gnu-toolchain/bin/../lib/gcc/arm-none-eabi/5.3.1/../../../../arm-none-eabi/lib/armv7-m\libc.a(lib_a-lseekr.o)
 .ARM.attributes
                0x00000b2d       0x2d c:/program files (x86)/atmel/studio/7.0/toolchain/arm/arm-gnu-toolchain/bin/../lib/gcc/arm-none-eabi/5.3.1/../../../../arm-none-eabi/lib/armv7-m\libc.a(lib_a-readr.o)
 .ARM.attributes
                0x00000b5a       0x2d c:/program files (x86)/atmel/studio/7.0/toolchain/arm/arm-gnu-toolchain/bin/../lib/gcc/arm-none-eabi/5.3.1/../../../../arm-none-eabi/lib/armv7-m\libc.a(lib_a-reent.o)
 .ARM.attributes
                0x00000b87       0x1d c:/program files (x86)/atmel/studio/7.0/toolchain/arm/arm-gnu-toolchain/bin/../lib/gcc/arm-none-eabi/5.3.1/armv7-m/crtn.o

.comment        0x00000000       0x59
 .comment       0x00000000       0x59 src/ASF/common/utils/stdio/read.o
                                 0x5a (size before relaxing)
 .comment       0x00000059       0x5a src/ASF/sam/drivers/usart/usart.o
 .comment       0x00000059       0x5a src/ASF/common/utils/stdio/write.o
 .comment       0x00000059       0x5a src/ASF/sam/drivers/uart/uart.o
 .comment       0x00000059       0x5a src/ASF/thirdparty/freertos/freertos-7.3.0/source/list.o
 .comment       0x00000059       0x5a src/ASF/thirdparty/freertos/freertos-7.3.0/source/portable/gcc/sam/port.o
 .comment       0x00000059       0x5a src/ASF/thirdparty/freertos/freertos-7.3.0/source/portable/memmang/heap_4.o
 .comment       0x00000059       0x5a src/ASF/thirdparty/freertos/freertos-7.3.0/source/queue.o
 .comment       0x00000059       0x5a src/ASF/thirdparty/freertos/freertos-7.3.0/source/tasks.o
 .comment       0x00000059       0x5a src/ASF/thirdparty/freertos/freertos-7.3.0/source/timers.o
 .comment       0x00000059       0x5a src/ASF/common/services/clock/sam3x/sysclk.o
 .comment       0x00000059       0x5a src/ASF/sam/boards/arduino_due_x/init.o
 .comment       0x00000059       0x5a src/ASF/sam/drivers/pio/pio.o
 .comment       0x00000059       0x5a src/ASF/sam/drivers/pio/pio_handler.o
 .comment       0x00000059       0x5a src/ASF/sam/drivers/pmc/pmc.o
 .comment       0x00000059       0x5a src/ASF/sam/utils/cmsis/sam3x/source/templates/exceptions.o
 .comment       0x00000059       0x5a src/ASF/sam/utils/cmsis/sam3x/source/templates/gcc/startup_sam3x.o
 .comment       0x00000059       0x5a src/ASF/sam/utils/cmsis/sam3x/source/templates/system_sam3x.o
 .comment       0x00000059       0x5a src/ASF/sam/utils/syscalls/gcc/syscalls.o
 .comment       0x00000059       0x5a src/ASF/thirdparty/trace_lib_src/trcBase.o
 .comment       0x00000059       0x5a src/ASF/thirdparty/trace_lib_src/trcHardwarePort.o
 .comment       0x00000059       0x5a src/ASF/thirdparty/trace_lib_src/trcKernel.o
 .comment       0x00000059       0x5a src/ASF/thirdparty/trace_lib_src/trcKernelPortFreeRTOS.o
 .comment       0x00000059       0x5a src/ASF/thirdparty/trace_lib_src/trcUser.o
 .comment       0x00000059       0x5a src/main.o

.debug_info     0x00000000    0x122af
 .debug_info    0x00000000      0x1bb src/ASF/common/utils/stdio/read.o
 .debug_info    0x000001bb     0x1c04 src/ASF/sam/drivers/usart/usart.o
 .debug_info    0x00001dbf      0x1c0 src/ASF/common/utils/stdio/write.o
 .debug_info    0x00001f7f      0x889 src/ASF/sam/drivers/uart/uart.o
 .debug_info    0x00002808      0x348 src/ASF/thirdparty/freertos/freertos-7.3.0/source/list.o
 .debug_info    0x00002b50      0x3a4 src/ASF/thirdparty/freertos/freertos-7.3.0/source/portable/gcc/sam/port.o
 .debug_info    0x00002ef4      0x422 src/ASF/thirdparty/freertos/freertos-7.3.0/source/portable/memmang/heap_4.o
 .debug_info    0x00003316     0x18cc src/ASF/thirdparty/freertos/freertos-7.3.0/source/queue.o
 .debug_info    0x00004be2     0x1e98 src/ASF/thirdparty/freertos/freertos-7.3.0/source/tasks.o
 .debug_info    0x00006a7a      0xc24 src/ASF/thirdparty/freertos/freertos-7.3.0/source/timers.o
 .debug_info    0x0000769e      0x79d src/ASF/common/services/clock/sam3x/sysclk.o
 .debug_info    0x00007e3b      0x767 src/ASF/sam/boards/arduino_due_x/init.o
 .debug_info    0x000085a2     0x1384 src/ASF/sam/drivers/pio/pio.o
 .debug_info    0x00009926      0xe71 src/ASF/sam/drivers/pio/pio_handler.o
 .debug_info    0x0000a797     0x1097 src/ASF/sam/drivers/pmc/pmc.o
 .debug_info    0x0000b82e      0x125 src/ASF/sam/utils/cmsis/sam3x/source/templates/exceptions.o
 .debug_info    0x0000b953      0x3d3 src/ASF/sam/utils/cmsis/sam3x/source/templates/gcc/startup_sam3x.o
 .debug_info    0x0000bd26      0x4c6 src/ASF/sam/utils/cmsis/sam3x/source/templates/system_sam3x.o
 .debug_info    0x0000c1ec      0x427 src/ASF/sam/utils/syscalls/gcc/syscalls.o
 .debug_info    0x0000c613     0x10f4 src/ASF/thirdparty/trace_lib_src/trcBase.o
 .debug_info    0x0000d707      0x210 src/ASF/thirdparty/trace_lib_src/trcHardwarePort.o
 .debug_info    0x0000d917     0x16e4 src/ASF/thirdparty/trace_lib_src/trcKernel.o
 .debug_info    0x0000effb      0x8b6 src/ASF/thirdparty/trace_lib_src/trcKernelPortFreeRTOS.o
 .debug_info    0x0000f8b1     0x1533 src/ASF/thirdparty/trace_lib_src/trcUser.o
 .debug_info    0x00010de4     0x14cb src/main.o

.debug_abbrev   0x00000000     0x350e
 .debug_abbrev  0x00000000      0x101 src/ASF/common/utils/stdio/read.o
 .debug_abbrev  0x00000101      0x325 src/ASF/sam/drivers/usart/usart.o
 .debug_abbrev  0x00000426       0xf5 src/ASF/common/utils/stdio/write.o
 .debug_abbrev  0x0000051b      0x1bd src/ASF/sam/drivers/uart/uart.o
 .debug_abbrev  0x000006d8      0x11f src/ASF/thirdparty/freertos/freertos-7.3.0/source/list.o
 .debug_abbrev  0x000007f7      0x248 src/ASF/thirdparty/freertos/freertos-7.3.0/source/portable/gcc/sam/port.o
 .debug_abbrev  0x00000a3f      0x242 src/ASF/thirdparty/freertos/freertos-7.3.0/source/portable/memmang/heap_4.o
 .debug_abbrev  0x00000c81      0x2b3 src/ASF/thirdparty/freertos/freertos-7.3.0/source/queue.o
 .debug_abbrev  0x00000f34      0x317 src/ASF/thirdparty/freertos/freertos-7.3.0/source/tasks.o
 .debug_abbrev  0x0000124b      0x29c src/ASF/thirdparty/freertos/freertos-7.3.0/source/timers.o
 .debug_abbrev  0x000014e7      0x241 src/ASF/common/services/clock/sam3x/sysclk.o
 .debug_abbrev  0x00001728      0x17a src/ASF/sam/boards/arduino_due_x/init.o
 .debug_abbrev  0x000018a2      0x2de src/ASF/sam/drivers/pio/pio.o
 .debug_abbrev  0x00001b80      0x271 src/ASF/sam/drivers/pio/pio_handler.o
 .debug_abbrev  0x00001df1      0x268 src/ASF/sam/drivers/pmc/pmc.o
 .debug_abbrev  0x00002059       0x8f src/ASF/sam/utils/cmsis/sam3x/source/templates/exceptions.o
 .debug_abbrev  0x000020e8      0x11b src/ASF/sam/utils/cmsis/sam3x/source/templates/gcc/startup_sam3x.o
 .debug_abbrev  0x00002203      0x115 src/ASF/sam/utils/cmsis/sam3x/source/templates/system_sam3x.o
 .debug_abbrev  0x00002318      0x14b src/ASF/sam/utils/syscalls/gcc/syscalls.o
 .debug_abbrev  0x00002463      0x35b src/ASF/thirdparty/trace_lib_src/trcBase.o
 .debug_abbrev  0x000027be       0xe6 src/ASF/thirdparty/trace_lib_src/trcHardwarePort.o
 .debug_abbrev  0x000028a4      0x2e6 src/ASF/thirdparty/trace_lib_src/trcKernel.o
 .debug_abbrev  0x00002b8a      0x191 src/ASF/thirdparty/trace_lib_src/trcKernelPortFreeRTOS.o
 .debug_abbrev  0x00002d1b      0x41c src/ASF/thirdparty/trace_lib_src/trcUser.o
 .debug_abbrev  0x00003137      0x3d7 src/main.o

.debug_loc      0x00000000     0xa6cb
 .debug_loc     0x00000000       0xd2 src/ASF/common/utils/stdio/read.o
 .debug_loc     0x000000d2     0x119a src/ASF/sam/drivers/usart/usart.o
 .debug_loc     0x0000126c      0x15d src/ASF/common/utils/stdio/write.o
 .debug_loc     0x000013c9      0x242 src/ASF/sam/drivers/uart/uart.o
 .debug_loc     0x0000160b       0x91 src/ASF/thirdparty/freertos/freertos-7.3.0/source/list.o
 .debug_loc     0x0000169c      0x100 src/ASF/thirdparty/freertos/freertos-7.3.0/source/portable/gcc/sam/port.o
 .debug_loc     0x0000179c      0x39b src/ASF/thirdparty/freertos/freertos-7.3.0/source/portable/memmang/heap_4.o
 .debug_loc     0x00001b37     0x137d src/ASF/thirdparty/freertos/freertos-7.3.0/source/queue.o
 .debug_loc     0x00002eb4     0x151d src/ASF/thirdparty/freertos/freertos-7.3.0/source/tasks.o
 .debug_loc     0x000043d1      0xa2e src/ASF/thirdparty/freertos/freertos-7.3.0/source/timers.o
 .debug_loc     0x00004dff      0x183 src/ASF/common/services/clock/sam3x/sysclk.o
 .debug_loc     0x00004f82       0x70 src/ASF/sam/boards/arduino_due_x/init.o
 .debug_loc     0x00004ff2      0xb2a src/ASF/sam/drivers/pio/pio.o
 .debug_loc     0x00005b1c      0x542 src/ASF/sam/drivers/pio/pio_handler.o
 .debug_loc     0x0000605e      0xd57 src/ASF/sam/drivers/pmc/pmc.o
 .debug_loc     0x00006db5       0x5e src/ASF/sam/utils/cmsis/sam3x/source/templates/gcc/startup_sam3x.o
 .debug_loc     0x00006e13       0xdf src/ASF/sam/utils/syscalls/gcc/syscalls.o
 .debug_loc     0x00006ef2      0xf11 src/ASF/thirdparty/trace_lib_src/trcBase.o
 .debug_loc     0x00007e03       0xe5 src/ASF/thirdparty/trace_lib_src/trcHardwarePort.o
 .debug_loc     0x00007ee8     0x10a6 src/ASF/thirdparty/trace_lib_src/trcKernel.o
 .debug_loc     0x00008f8e      0x405 src/ASF/thirdparty/trace_lib_src/trcKernelPortFreeRTOS.o
 .debug_loc     0x00009393      0xf8d src/ASF/thirdparty/trace_lib_src/trcUser.o
 .debug_loc     0x0000a320      0x3ab src/main.o

.debug_aranges  0x00000000      0xee8
 .debug_aranges
                0x00000000       0x20 src/ASF/common/utils/stdio/read.o
 .debug_aranges
                0x00000020      0x2a8 src/ASF/sam/drivers/usart/usart.o
 .debug_aranges
                0x000002c8       0x20 src/ASF/common/utils/stdio/write.o
 .debug_aranges
                0x000002e8       0xe8 src/ASF/sam/drivers/uart/uart.o
 .debug_aranges
                0x000003d0       0x40 src/ASF/thirdparty/freertos/freertos-7.3.0/source/list.o
 .debug_aranges
                0x00000410       0x80 src/ASF/thirdparty/freertos/freertos-7.3.0/source/portable/gcc/sam/port.o
 .debug_aranges
                0x00000490       0x40 src/ASF/thirdparty/freertos/freertos-7.3.0/source/portable/memmang/heap_4.o
 .debug_aranges
                0x000004d0       0xd0 src/ASF/thirdparty/freertos/freertos-7.3.0/source/queue.o
 .debug_aranges
                0x000005a0      0x130 src/ASF/thirdparty/freertos/freertos-7.3.0/source/tasks.o
 .debug_aranges
                0x000006d0       0x68 src/ASF/thirdparty/freertos/freertos-7.3.0/source/timers.o
 .debug_aranges
                0x00000738       0x40 src/ASF/common/services/clock/sam3x/sysclk.o
 .debug_aranges
                0x00000778       0x20 src/ASF/sam/boards/arduino_due_x/init.o
 .debug_aranges
                0x00000798      0x148 src/ASF/sam/drivers/pio/pio.o
 .debug_aranges
                0x000008e0       0x58 src/ASF/sam/drivers/pio/pio_handler.o
 .debug_aranges
                0x00000938      0x200 src/ASF/sam/drivers/pmc/pmc.o
 .debug_aranges
                0x00000b38       0x20 src/ASF/sam/utils/cmsis/sam3x/source/templates/exceptions.o
 .debug_aranges
                0x00000b58       0x20 src/ASF/sam/utils/cmsis/sam3x/source/templates/gcc/startup_sam3x.o
 .debug_aranges
                0x00000b78       0x30 src/ASF/sam/utils/cmsis/sam3x/source/templates/system_sam3x.o
 .debug_aranges
                0x00000ba8       0x60 src/ASF/sam/utils/syscalls/gcc/syscalls.o
 .debug_aranges
                0x00000c08       0x88 src/ASF/thirdparty/trace_lib_src/trcBase.o
 .debug_aranges
                0x00000c90       0x28 src/ASF/thirdparty/trace_lib_src/trcHardwarePort.o
 .debug_aranges
                0x00000cb8       0x98 src/ASF/thirdparty/trace_lib_src/trcKernel.o
 .debug_aranges
                0x00000d50       0x70 src/ASF/thirdparty/trace_lib_src/trcKernelPortFreeRTOS.o
 .debug_aranges
                0x00000dc0       0xc8 src/ASF/thirdparty/trace_lib_src/trcUser.o
 .debug_aranges
                0x00000e88       0x60 src/main.o

.debug_ranges   0x00000000      0xe90
 .debug_ranges  0x00000000       0x10 src/ASF/common/utils/stdio/read.o
 .debug_ranges  0x00000010      0x298 src/ASF/sam/drivers/usart/usart.o
 .debug_ranges  0x000002a8       0x10 src/ASF/common/utils/stdio/write.o
 .debug_ranges  0x000002b8       0xd8 src/ASF/sam/drivers/uart/uart.o
 .debug_ranges  0x00000390       0x30 src/ASF/thirdparty/freertos/freertos-7.3.0/source/list.o
 .debug_ranges  0x000003c0       0x70 src/ASF/thirdparty/freertos/freertos-7.3.0/source/portable/gcc/sam/port.o
 .debug_ranges  0x00000430       0x30 src/ASF/thirdparty/freertos/freertos-7.3.0/source/portable/memmang/heap_4.o
 .debug_ranges  0x00000460       0xc0 src/ASF/thirdparty/freertos/freertos-7.3.0/source/queue.o
 .debug_ranges  0x00000520      0x178 src/ASF/thirdparty/freertos/freertos-7.3.0/source/tasks.o
 .debug_ranges  0x00000698       0xb0 src/ASF/thirdparty/freertos/freertos-7.3.0/source/timers.o
 .debug_ranges  0x00000748       0x30 src/ASF/common/services/clock/sam3x/sysclk.o
 .debug_ranges  0x00000778       0x10 src/ASF/sam/boards/arduino_due_x/init.o
 .debug_ranges  0x00000788      0x138 src/ASF/sam/drivers/pio/pio.o
 .debug_ranges  0x000008c0       0x48 src/ASF/sam/drivers/pio/pio_handler.o
 .debug_ranges  0x00000908      0x1f0 src/ASF/sam/drivers/pmc/pmc.o
 .debug_ranges  0x00000af8       0x10 src/ASF/sam/utils/cmsis/sam3x/source/templates/exceptions.o
 .debug_ranges  0x00000b08       0x10 src/ASF/sam/utils/cmsis/sam3x/source/templates/gcc/startup_sam3x.o
 .debug_ranges  0x00000b18       0x20 src/ASF/sam/utils/cmsis/sam3x/source/templates/system_sam3x.o
 .debug_ranges  0x00000b38       0x50 src/ASF/sam/utils/syscalls/gcc/syscalls.o
 .debug_ranges  0x00000b88       0xd0 src/ASF/thirdparty/trace_lib_src/trcBase.o
 .debug_ranges  0x00000c58       0x18 src/ASF/thirdparty/trace_lib_src/trcHardwarePort.o
 .debug_ranges  0x00000c70       0x88 src/ASF/thirdparty/trace_lib_src/trcKernel.o
 .debug_ranges  0x00000cf8       0x60 src/ASF/thirdparty/trace_lib_src/trcKernelPortFreeRTOS.o
 .debug_ranges  0x00000d58       0xe8 src/ASF/thirdparty/trace_lib_src/trcUser.o
 .debug_ranges  0x00000e40       0x50 src/main.o

.debug_macro    0x00000000    0x1b550
 .debug_macro   0x00000000      0x525 src/ASF/common/utils/stdio/read.o
 .debug_macro   0x00000525      0x898 src/ASF/common/utils/stdio/read.o
 .debug_macro   0x00000dbd      0x16d src/ASF/common/utils/stdio/read.o
 .debug_macro   0x00000f2a      0x652 src/ASF/common/utils/stdio/read.o
 .debug_macro   0x0000157c       0x76 src/ASF/common/utils/stdio/read.o
 .debug_macro   0x000015f2       0x16 src/ASF/common/utils/stdio/read.o
 .debug_macro   0x00001608      0x6e4 src/ASF/common/utils/stdio/read.o
 .debug_macro   0x00001cec       0x22 src/ASF/common/utils/stdio/read.o
 .debug_macro   0x00001d0e       0x87 src/ASF/common/utils/stdio/read.o
 .debug_macro   0x00001d95       0x44 src/ASF/common/utils/stdio/read.o
 .debug_macro   0x00001dd9       0xfd src/ASF/common/utils/stdio/read.o
 .debug_macro   0x00001ed6       0x22 src/ASF/common/utils/stdio/read.o
 .debug_macro   0x00001ef8      0x1df src/ASF/common/utils/stdio/read.o
 .debug_macro   0x000020d7       0x20 src/ASF/common/utils/stdio/read.o
 .debug_macro   0x000020f7       0x3a src/ASF/common/utils/stdio/read.o
 .debug_macro   0x00002131       0x2d src/ASF/common/utils/stdio/read.o
 .debug_macro   0x0000215e      0xbb1 src/ASF/common/utils/stdio/read.o
 .debug_macro   0x00002d0f      0xab6 src/ASF/common/utils/stdio/read.o
 .debug_macro   0x000037c5      0x569 src/ASF/common/utils/stdio/read.o
 .debug_macro   0x00003d2e      0x2b5 src/ASF/common/utils/stdio/read.o
 .debug_macro   0x00003fe3      0x31a src/ASF/common/utils/stdio/read.o
 .debug_macro   0x000042fd      0x74f src/ASF/common/utils/stdio/read.o
 .debug_macro   0x00004a4c       0x82 src/ASF/common/utils/stdio/read.o
 .debug_macro   0x00004ace      0x57b src/ASF/common/utils/stdio/read.o
 .debug_macro   0x00005049       0x1c src/ASF/common/utils/stdio/read.o
 .debug_macro   0x00005065      0x6b7 src/ASF/common/utils/stdio/read.o
 .debug_macro   0x0000571c      0x52d src/ASF/common/utils/stdio/read.o
 .debug_macro   0x00005c49       0xbe src/ASF/common/utils/stdio/read.o
 .debug_macro   0x00005d07     0x2342 src/ASF/common/utils/stdio/read.o
 .debug_macro   0x00008049      0x85d src/ASF/common/utils/stdio/read.o
 .debug_macro   0x000088a6      0xdc9 src/ASF/common/utils/stdio/read.o
 .debug_macro   0x0000966f       0x7c src/ASF/common/utils/stdio/read.o
 .debug_macro   0x000096eb      0x263 src/ASF/common/utils/stdio/read.o
 .debug_macro   0x0000994e       0x58 src/ASF/common/utils/stdio/read.o
 .debug_macro   0x000099a6      0x9a7 src/ASF/common/utils/stdio/read.o
 .debug_macro   0x0000a34d      0x248 src/ASF/common/utils/stdio/read.o
 .debug_macro   0x0000a595      0x4df src/ASF/common/utils/stdio/read.o
 .debug_macro   0x0000aa74      0x6b3 src/ASF/common/utils/stdio/read.o
 .debug_macro   0x0000b127      0x59f src/ASF/common/utils/stdio/read.o
 .debug_macro   0x0000b6c6       0x46 src/ASF/common/utils/stdio/read.o
 .debug_macro   0x0000b70c      0x34d src/ASF/common/utils/stdio/read.o
 .debug_macro   0x0000ba59      0x28c src/ASF/common/utils/stdio/read.o
 .debug_macro   0x0000bce5     0x14d7 src/ASF/common/utils/stdio/read.o
 .debug_macro   0x0000d1bc      0x7ba src/ASF/common/utils/stdio/read.o
 .debug_macro   0x0000d976       0x76 src/ASF/common/utils/stdio/read.o
 .debug_macro   0x0000d9ec       0x82 src/ASF/common/utils/stdio/read.o
 .debug_macro   0x0000da6e       0x76 src/ASF/common/utils/stdio/read.o
 .debug_macro   0x0000dae4       0x4c src/ASF/common/utils/stdio/read.o
 .debug_macro   0x0000db30      0x105 src/ASF/common/utils/stdio/read.o
 .debug_macro   0x0000dc35      0x105 src/ASF/common/utils/stdio/read.o
 .debug_macro   0x0000dd3a      0x105 src/ASF/common/utils/stdio/read.o
 .debug_macro   0x0000de3f       0x88 src/ASF/common/utils/stdio/read.o
 .debug_macro   0x0000dec7       0x88 src/ASF/common/utils/stdio/read.o
 .debug_macro   0x0000df4f      0x3b4 src/ASF/common/utils/stdio/read.o
 .debug_macro   0x0000e303       0xb8 src/ASF/common/utils/stdio/read.o
 .debug_macro   0x0000e3bb       0xb8 src/ASF/common/utils/stdio/read.o
 .debug_macro   0x0000e473       0xb8 src/ASF/common/utils/stdio/read.o
 .debug_macro   0x0000e52b       0xb8 src/ASF/common/utils/stdio/read.o
 .debug_macro   0x0000e5e3      0x2b8 src/ASF/common/utils/stdio/read.o
 .debug_macro   0x0000e89b      0x125 src/ASF/common/utils/stdio/read.o
 .debug_macro   0x0000e9c0      0x225 src/ASF/common/utils/stdio/read.o
 .debug_macro   0x0000ebe5      0x225 src/ASF/common/utils/stdio/read.o
 .debug_macro   0x0000ee0a       0x2e src/ASF/common/utils/stdio/read.o
 .debug_macro   0x0000ee38       0xac src/ASF/common/utils/stdio/read.o
 .debug_macro   0x0000eee4      0x14d src/ASF/common/utils/stdio/read.o
 .debug_macro   0x0000f031       0x7c src/ASF/common/utils/stdio/read.o
 .debug_macro   0x0000f0ad      0x205 src/ASF/common/utils/stdio/read.o
 .debug_macro   0x0000f2b2       0x64 src/ASF/common/utils/stdio/read.o
 .debug_macro   0x0000f316       0xa6 src/ASF/common/utils/stdio/read.o
 .debug_macro   0x0000f3bc       0x7c src/ASF/common/utils/stdio/read.o
 .debug_macro   0x0000f438       0x16 src/ASF/common/utils/stdio/read.o
 .debug_macro   0x0000f44e       0x22 src/ASF/common/utils/stdio/read.o
 .debug_macro   0x0000f470       0x22 src/ASF/common/utils/stdio/read.o
 .debug_macro   0x0000f492      0x115 src/ASF/common/utils/stdio/read.o
 .debug_macro   0x0000f5a7      0x115 src/ASF/common/utils/stdio/read.o
 .debug_macro   0x0000f6bc      0x115 src/ASF/common/utils/stdio/read.o
 .debug_macro   0x0000f7d1      0x115 src/ASF/common/utils/stdio/read.o
 .debug_macro   0x0000f8e6       0x1c src/ASF/common/utils/stdio/read.o
 .debug_macro   0x0000f902       0x2e src/ASF/common/utils/stdio/read.o
 .debug_macro   0x0000f930       0x22 src/ASF/common/utils/stdio/read.o
 .debug_macro   0x0000f952       0x1c src/ASF/common/utils/stdio/read.o
 .debug_macro   0x0000f96e       0x58 src/ASF/common/utils/stdio/read.o
 .debug_macro   0x0000f9c6       0x10 src/ASF/common/utils/stdio/read.o
 .debug_macro   0x0000f9d6      0x273 src/ASF/common/utils/stdio/read.o
 .debug_macro   0x0000fc49      0xd43 src/ASF/common/utils/stdio/read.o
 .debug_macro   0x0001098c      0x131 src/ASF/common/utils/stdio/read.o
 .debug_macro   0x00010abd       0x52 src/ASF/common/utils/stdio/read.o
 .debug_macro   0x00010b0f       0x35 src/ASF/common/utils/stdio/read.o
 .debug_macro   0x00010b44       0x9c src/ASF/common/utils/stdio/read.o
 .debug_macro   0x00010be0       0x16 src/ASF/common/utils/stdio/read.o
 .debug_macro   0x00010bf6       0x35 src/ASF/common/utils/stdio/read.o
 .debug_macro   0x00010c2b      0x330 src/ASF/common/utils/stdio/read.o
 .debug_macro   0x00010f5b       0x10 src/ASF/common/utils/stdio/read.o
 .debug_macro   0x00010f6b       0x52 src/ASF/common/utils/stdio/read.o
 .debug_macro   0x00010fbd       0x16 src/ASF/common/utils/stdio/read.o
 .debug_macro   0x00010fd3       0x43 src/ASF/common/utils/stdio/read.o
 .debug_macro   0x00011016      0x187 src/ASF/common/utils/stdio/read.o
 .debug_macro   0x0001119d       0x22 src/ASF/common/utils/stdio/read.o
 .debug_macro   0x000111bf       0x3a src/ASF/common/utils/stdio/read.o
 .debug_macro   0x000111f9       0x10 src/ASF/common/utils/stdio/read.o
 .debug_macro   0x00011209       0x40 src/ASF/common/utils/stdio/read.o
 .debug_macro   0x00011249       0x6c src/ASF/common/utils/stdio/read.o
 .debug_macro   0x000112b5       0x16 src/ASF/common/utils/stdio/read.o
 .debug_macro   0x000112cb      0x182 src/ASF/common/utils/stdio/read.o
 .debug_macro   0x0001144d       0x22 src/ASF/common/utils/stdio/read.o
 .debug_macro   0x0001146f       0x16 src/ASF/common/utils/stdio/read.o
 .debug_macro   0x00011485       0x16 src/ASF/common/utils/stdio/read.o
 .debug_macro   0x0001149b       0x29 src/ASF/common/utils/stdio/read.o
 .debug_macro   0x000114c4       0x75 src/ASF/common/utils/stdio/read.o
 .debug_macro   0x00011539       0x45 src/ASF/common/utils/stdio/read.o
 .debug_macro   0x0001157e      0x3ca src/ASF/common/utils/stdio/read.o
 .debug_macro   0x00011948      0x570 src/ASF/sam/drivers/usart/usart.o
 .debug_macro   0x00011eb8       0x28 src/ASF/sam/drivers/usart/usart.o
 .debug_macro   0x00011ee0      0x525 src/ASF/common/utils/stdio/write.o
 .debug_macro   0x00012405      0x534 src/ASF/sam/drivers/uart/uart.o
 .debug_macro   0x00012939       0x16 src/ASF/sam/drivers/uart/uart.o
 .debug_macro   0x0001294f      0x684 src/ASF/thirdparty/freertos/freertos-7.3.0/source/list.o
 .debug_macro   0x00012fd3      0x10e src/ASF/thirdparty/freertos/freertos-7.3.0/source/list.o
 .debug_macro   0x000130e1       0x86 src/ASF/thirdparty/freertos/freertos-7.3.0/source/list.o
 .debug_macro   0x00013167       0x16 src/ASF/thirdparty/freertos/freertos-7.3.0/source/list.o
 .debug_macro   0x0001317d      0x701 src/ASF/thirdparty/freertos/freertos-7.3.0/source/portable/gcc/sam/port.o
 .debug_macro   0x0001387e      0x6a7 src/ASF/thirdparty/freertos/freertos-7.3.0/source/portable/memmang/heap_4.o
 .debug_macro   0x00013f25      0x70c src/ASF/thirdparty/freertos/freertos-7.3.0/source/queue.o
 .debug_macro   0x00014631      0x71e src/ASF/thirdparty/freertos/freertos-7.3.0/source/tasks.o
 .debug_macro   0x00014d4f       0x97 src/ASF/thirdparty/freertos/freertos-7.3.0/source/tasks.o
 .debug_macro   0x00014de6       0xf6 src/ASF/thirdparty/freertos/freertos-7.3.0/source/tasks.o
 .debug_macro   0x00014edc       0x5b src/ASF/thirdparty/freertos/freertos-7.3.0/source/tasks.o
 .debug_macro   0x00014f37       0x16 src/ASF/thirdparty/freertos/freertos-7.3.0/source/tasks.o
 .debug_macro   0x00014f4d      0x6d0 src/ASF/thirdparty/freertos/freertos-7.3.0/source/timers.o
 .debug_macro   0x0001561d       0x96 src/ASF/thirdparty/freertos/freertos-7.3.0/source/timers.o
 .debug_macro   0x000156b3      0x5a5 src/ASF/common/services/clock/sam3x/sysclk.o
 .debug_macro   0x00015c58      0x5e8 src/ASF/sam/boards/arduino_due_x/init.o
 .debug_macro   0x00016240       0x16 src/ASF/sam/boards/arduino_due_x/init.o
 .debug_macro   0x00016256       0x94 src/ASF/sam/boards/arduino_due_x/init.o
 .debug_macro   0x000162ea       0x40 src/ASF/sam/boards/arduino_due_x/init.o
 .debug_macro   0x0001632a       0x6a src/ASF/sam/boards/arduino_due_x/init.o
 .debug_macro   0x00016394      0x540 src/ASF/sam/drivers/pio/pio.o
 .debug_macro   0x000168d4       0x8e src/ASF/sam/drivers/pio/pio.o
 .debug_macro   0x00016962      0x544 src/ASF/sam/drivers/pio/pio_handler.o
 .debug_macro   0x00016ea6      0x53a src/ASF/sam/drivers/pmc/pmc.o
 .debug_macro   0x000173e0       0x58 src/ASF/sam/drivers/pmc/pmc.o
 .debug_macro   0x00017438      0x539 src/ASF/sam/utils/cmsis/sam3x/source/templates/exceptions.o
 .debug_macro   0x00017971      0x547 src/ASF/sam/utils/cmsis/sam3x/source/templates/gcc/startup_sam3x.o
 .debug_macro   0x00017eb8      0x547 src/ASF/sam/utils/cmsis/sam3x/source/templates/system_sam3x.o
 .debug_macro   0x000183ff      0x19c src/ASF/sam/utils/syscalls/gcc/syscalls.o
 .debug_macro   0x0001859b       0x52 src/ASF/sam/utils/syscalls/gcc/syscalls.o
 .debug_macro   0x000185ed       0x16 src/ASF/sam/utils/syscalls/gcc/syscalls.o
 .debug_macro   0x00018603       0x10 src/ASF/sam/utils/syscalls/gcc/syscalls.o
 .debug_macro   0x00018613       0x41 src/ASF/sam/utils/syscalls/gcc/syscalls.o
 .debug_macro   0x00018654      0x122 src/ASF/sam/utils/syscalls/gcc/syscalls.o
 .debug_macro   0x00018776      0x68f src/ASF/thirdparty/trace_lib_src/trcBase.o
 .debug_macro   0x00018e05      0x1d9 src/ASF/thirdparty/trace_lib_src/trcBase.o