../Thirdparty/SEGGER/SEGGER/SEGGER_RTT.c:313:13:_DoInit	16	static,ignoring_inline_asm
../Thirdparty/SEGGER/SEGGER/SEGGER_RTT.c:373:17:_WriteBlocking	48	static,ignoring_inline_asm
../Thirdparty/SEGGER/SEGGER/SEGGER_RTT.c:435:13:_WriteNoCheck	40	static,ignoring_inline_asm
../Thirdparty/SEGGER/SEGGER/SEGGER_RTT.c:503:13:_PostTerminalSwitch	24	static
../Thirdparty/SEGGER/SEGGER/SEGGER_RTT.c:525:17:_GetAvailWriteSpace	32	static
../Thirdparty/SEGGER/SEGGER/SEGGER_RTT.c:572:10:SEGGER_RTT_ReadUpBufferNoLock	56	static
../Thirdparty/SEGGER/SEGGER/SEGGER_RTT.c:664:10:SEGGER_RTT_ReadNoLock	56	static
../Thirdparty/SEGGER/SEGGER/SEGGER_RTT.c:761:10:SEGGER_RTT_ReadUpBuffer	32	static,ignoring_inline_asm
../Thirdparty/SEGGER/SEGGER/SEGGER_RTT.c:793:10:SEGGER_RTT_Read	32	static,ignoring_inline_asm
../Thirdparty/SEGGER/SEGGER/SEGGER_RTT.c:832:6:SEGGER_RTT_WriteWithOverwriteNoLock	40	static,ignoring_inline_asm
../Thirdparty/SEGGER/SEGGER/SEGGER_RTT.c:1024:10:SEGGER_RTT_WriteDownBufferNoLock	40	static
../Thirdparty/SEGGER/SEGGER/SEGGER_RTT.c:1099:10:SEGGER_RTT_WriteNoLock	40	static
../Thirdparty/SEGGER/SEGGER/SEGGER_RTT.c:1175:10:SEGGER_RTT_WriteDownBuffer	40	static,ignoring_inline_asm
../Thirdparty/SEGGER/SEGGER/SEGGER_RTT.c:1204:10:SEGGER_RTT_Write	40	static,ignoring_inline_asm
../Thirdparty/SEGGER/SEGGER/SEGGER_RTT.c:1234:10:SEGGER_RTT_WriteString	24	static
../Thirdparty/SEGGER/SEGGER/SEGGER_RTT.c:1264:10:SEGGER_RTT_PutCharSkipNoLock	32	static,ignoring_inline_asm
../Thirdparty/SEGGER/SEGGER/SEGGER_RTT.c:1314:10:SEGGER_RTT_PutCharSkip	40	static,ignoring_inline_asm
../Thirdparty/SEGGER/SEGGER/SEGGER_RTT.c:1373:10:SEGGER_RTT_PutChar	40	static,ignoring_inline_asm
../Thirdparty/SEGGER/SEGGER/SEGGER_RTT.c:1436:5:SEGGER_RTT_GetKey	16	static
../Thirdparty/SEGGER/SEGGER/SEGGER_RTT.c:1464:5:SEGGER_RTT_WaitKey	16	static
../Thirdparty/SEGGER/SEGGER/SEGGER_RTT.c:1487:5:SEGGER_RTT_HasKey	24	static
../Thirdparty/SEGGER/SEGGER/SEGGER_RTT.c:1515:10:SEGGER_RTT_HasData	24	static
../Thirdparty/SEGGER/SEGGER/SEGGER_RTT.c:1536:10:SEGGER_RTT_HasDataUp	24	static
../Thirdparty/SEGGER/SEGGER/SEGGER_RTT.c:1565:5:SEGGER_RTT_AllocDownBuffer	40	static,ignoring_inline_asm
../Thirdparty/SEGGER/SEGGER/SEGGER_RTT.c:1614:5:SEGGER_RTT_AllocUpBuffer	40	static,ignoring_inline_asm
../Thirdparty/SEGGER/SEGGER/SEGGER_RTT.c:1669:5:SEGGER_RTT_ConfigUpBuffer	48	static,ignoring_inline_asm
../Thirdparty/SEGGER/SEGGER/SEGGER_RTT.c:1721:5:SEGGER_RTT_ConfigDownBuffer	48	static,ignoring_inline_asm
../Thirdparty/SEGGER/SEGGER/SEGGER_RTT.c:1764:5:SEGGER_RTT_SetNameUpBuffer	40	static,ignoring_inline_asm
../Thirdparty/SEGGER/SEGGER/SEGGER_RTT.c:1799:5:SEGGER_RTT_SetNameDownBuffer	40	static,ignoring_inline_asm
../Thirdparty/SEGGER/SEGGER/SEGGER_RTT.c:1835:5:SEGGER_RTT_SetFlagsUpBuffer	40	static,ignoring_inline_asm
../Thirdparty/SEGGER/SEGGER/SEGGER_RTT.c:1871:5:SEGGER_RTT_SetFlagsDownBuffer	40	static,ignoring_inline_asm
../Thirdparty/SEGGER/SEGGER/SEGGER_RTT.c:1899:6:SEGGER_RTT_Init	8	static
../Thirdparty/SEGGER/SEGGER/SEGGER_RTT.c:1920:5:SEGGER_RTT_SetTerminal	40	static,ignoring_inline_asm
../Thirdparty/SEGGER/SEGGER/SEGGER_RTT.c:1969:5:SEGGER_RTT_TerminalOut	40	static,ignoring_inline_asm
../Thirdparty/SEGGER/SEGGER/SEGGER_RTT.c:2057:10:SEGGER_RTT_GetAvailWriteSpace	24	static
../Thirdparty/SEGGER/SEGGER/SEGGER_RTT.c:2078:10:SEGGER_RTT_GetBytesInBuffer	32	static
