Archive member included to satisfy reference by file (symbol)

c:/program files (x86)/atmel/studio/7.0/toolchain/arm/arm-gnu-toolchain/bin/../lib/gcc/arm-none-eabi/5.3.1/../../../../arm-none-eabi/lib/armv7-m\libc.a(lib_a-exit.o)
                              c:/program files (x86)/atmel/studio/7.0/toolchain/arm/arm-gnu-toolchain/bin/../lib/gcc/arm-none-eabi/5.3.1/../../../../arm-none-eabi/lib/armv7-m/crt0.o (exit)
c:/program files (x86)/atmel/studio/7.0/toolchain/arm/arm-gnu-toolchain/bin/../lib/gcc/arm-none-eabi/5.3.1/../../../../arm-none-eabi/lib/armv7-m\libc.a(lib_a-impure.o)
                              c:/program files (x86)/atmel/studio/7.0/toolchain/arm/arm-gnu-toolchain/bin/../lib/gcc/arm-none-eabi/5.3.1/../../../../arm-none-eabi/lib/armv7-m\libc.a(lib_a-exit.o) (_global_impure_ptr)
c:/program files (x86)/atmel/studio/7.0/toolchain/arm/arm-gnu-toolchain/bin/../lib/gcc/arm-none-eabi/5.3.1/../../../../arm-none-eabi/lib/armv7-m\libc.a(lib_a-init.o)
                              c:/program files (x86)/atmel/studio/7.0/toolchain/arm/arm-gnu-toolchain/bin/../lib/gcc/arm-none-eabi/5.3.1/../../../../arm-none-eabi/lib/armv7-m/crt0.o (__libc_init_array)
c:/program files (x86)/atmel/studio/7.0/toolchain/arm/arm-gnu-toolchain/bin/../lib/gcc/arm-none-eabi/5.3.1/../../../../arm-none-eabi/lib/armv7-m\libc.a(lib_a-iprintf.o)
                              src/main.o (iprintf)
c:/program files (x86)/atmel/studio/7.0/toolchain/arm/arm-gnu-toolchain/bin/../lib/gcc/arm-none-eabi/5.3.1/../../../../arm-none-eabi/lib/armv7-m\libc.a(lib_a-memcpy.o)
                              src/ASF/thirdparty/freertos/freertos-7.3.0/source/queue.o (memcpy)
c:/program files (x86)/atmel/studio/7.0/toolchain/arm/arm-gnu-toolchain/bin/../lib/gcc/arm-none-eabi/5.3.1/../../../../arm-none-eabi/lib/armv7-m\libc.a(lib_a-memset.o)
                              c:/program files (x86)/atmel/studio/7.0/toolchain/arm/arm-gnu-toolchain/bin/../lib/gcc/arm-none-eabi/5.3.1/../../../../arm-none-eabi/lib/armv7-m/crt0.o (memset)
c:/program files (x86)/atmel/studio/7.0/toolchain/arm/arm-gnu-toolchain/bin/../lib/gcc/arm-none-eabi/5.3.1/../../../../arm-none-eabi/lib/armv7-m\libc.a(lib_a-setbuf.o)
                              src/main.o (setbuf)
c:/program files (x86)/atmel/studio/7.0/toolchain/arm/arm-gnu-toolchain/bin/../lib/gcc/arm-none-eabi/5.3.1/../../../../arm-none-eabi/lib/armv7-m\libc.a(lib_a-setvbuf.o)
                              c:/program files (x86)/atmel/studio/7.0/toolchain/arm/arm-gnu-toolchain/bin/../lib/gcc/arm-none-eabi/5.3.1/../../../../arm-none-eabi/lib/armv7-m\libc.a(lib_a-setbuf.o) (setvbuf)
c:/program files (x86)/atmel/studio/7.0/toolchain/arm/arm-gnu-toolchain/bin/../lib/gcc/arm-none-eabi/5.3.1/../../../../arm-none-eabi/lib/armv7-m\libc.a(lib_a-sprintf.o)
                              src/ASF/thirdparty/freertos/freertos-7.3.0/source/tasks.o (sprintf)
c:/program files (x86)/atmel/studio/7.0/toolchain/arm/arm-gnu-toolchain/bin/../lib/gcc/arm-none-eabi/5.3.1/../../../../arm-none-eabi/lib/armv7-m\libc.a(lib_a-strcat.o)
                              src/ASF/thirdparty/freertos/freertos-7.3.0/source/tasks.o (strcat)
c:/program files (x86)/atmel/studio/7.0/toolchain/arm/arm-gnu-toolchain/bin/../lib/gcc/arm-none-eabi/5.3.1/../../../../arm-none-eabi/lib/armv7-m\libc.a(lib_a-strcpy.o)
                              c:/program files (x86)/atmel/studio/7.0/toolchain/arm/arm-gnu-toolchain/bin/../lib/gcc/arm-none-eabi/5.3.1/../../../../arm-none-eabi/lib/armv7-m\libc.a(lib_a-strcat.o) (strcpy)
c:/program files (x86)/atmel/studio/7.0/toolchain/arm/arm-gnu-toolchain/bin/../lib/gcc/arm-none-eabi/5.3.1/../../../../arm-none-eabi/lib/armv7-m\libc.a(lib_a-strlen-stub.o)
                              src/ASF/thirdparty/freertos/freertos-7.3.0/source/FreeRTOS_CLI.o (strlen)
c:/program files (x86)/atmel/studio/7.0/toolchain/arm/arm-gnu-toolchain/bin/../lib/gcc/arm-none-eabi/5.3.1/../../../../arm-none-eabi/lib/armv7-m\libc.a(lib_a-strncmp.o)
                              src/ASF/thirdparty/freertos/freertos-7.3.0/source/FreeRTOS_CLI.o (strncmp)
c:/program files (x86)/atmel/studio/7.0/toolchain/arm/arm-gnu-toolchain/bin/../lib/gcc/arm-none-eabi/5.3.1/../../../../arm-none-eabi/lib/armv7-m\libc.a(lib_a-strncpy.o)
                              src/ASF/thirdparty/freertos/freertos-7.3.0/source/FreeRTOS_CLI.o (strncpy)
c:/program files (x86)/atmel/studio/7.0/toolchain/arm/arm-gnu-toolchain/bin/../lib/gcc/arm-none-eabi/5.3.1/../../../../arm-none-eabi/lib/armv7-m\libc.a(lib_a-svfprintf.o)
                              c:/program files (x86)/atmel/studio/7.0/toolchain/arm/arm-gnu-toolchain/bin/../lib/gcc/arm-none-eabi/5.3.1/../../../../arm-none-eabi/lib/armv7-m\libc.a(lib_a-sprintf.o) (_svfprintf_r)
c:/program files (x86)/atmel/studio/7.0/toolchain/arm/arm-gnu-toolchain/bin/../lib/gcc/arm-none-eabi/5.3.1/../../../../arm-none-eabi/lib/armv7-m\libc.a(lib_a-vfiprintf.o)
[...]
Memory Configuration

Name             Origin             Length             Attributes
rom              0x00080000         0x00080000         xr
sram0            0x20000000         0x00010000         xrw
sram1            0x20080000         0x00008000         xrw
ram              0x20070000         0x00018000         xrw
*default*        0x00000000         0xffffffff

Linker script and memory map

LOAD c:/program files (x86)/atmel/studio/7.0/toolchain/arm/arm-gnu-toolchain/bin/../lib/gcc/arm-none-eabi/5.3.1/armv7-m/crti.o
LOAD c:/program files (x86)/atmel/studio/7.0/toolchain/arm/arm-gnu-toolchain/bin/../lib/gcc/arm-none-eabi/5.3.1/armv7-m/crtbegin.o
LOAD c:/program files (x86)/atmel/studio/7.0/toolchain/arm/arm-gnu-toolchain/bin/../lib/gcc/arm-none-eabi/5.3.1/../../../../arm-none-eabi/lib/armv7-m/crt0.o
LOAD src/ASF/common/utils/stdio/read.o
LOAD src/ASF/sam/drivers/usart/usart.o
LOAD src/ASF/thirdparty/freertos/freertos-7.3.0/source/FreeRTOS_CLI.o
LOAD src/ASF/thirdparty/freertos/freertos-7.3.0/source/list.o
LOAD src/ASF/thirdparty/freertos/freertos-7.3.0/source/portable/gcc/sam/port.o
LOAD src/ASF/thirdparty/freertos/freertos-7.3.0/source/portable/memmang/heap_4.o
LOAD src/ASF/thirdparty/freertos/freertos-7.3.0/source/queue.o
LOAD src/ASF/thirdparty/freertos/freertos-7.3.0/source/tasks.o
LOAD src/ASF/thirdparty/freertos/freertos-7.3.0/source/timers.o
LOAD src/ASF/common/utils/stdio/write.o
LOAD src/ASF/common/services/serial/usart_serial.o
LOAD src/ASF/sam/drivers/uart/uart.o
LOAD src/ASF/common/services/clock/sam3x/sysclk.o
LOAD src/ASF/common/utils/interrupt/interrupt_sam_nvic.o
LOAD src/ASF/sam/boards/arduino_due_x/init.o
LOAD src/ASF/sam/drivers/pio/pio.o
LOAD src/ASF/sam/drivers/pio/pio_handler.o
LOAD src/ASF/sam/drivers/pmc/pmc.o
LOAD src/ASF/sam/drivers/pmc/sleep.o
LOAD src/ASF/sam/utils/cmsis/sam3x/source/templates/exceptions.o
LOAD src/ASF/sam/utils/cmsis/sam3x/source/templates/gcc/startup_sam3x.o
LOAD src/ASF/sam/utils/cmsis/sam3x/source/templates/system_sam3x.o
LOAD src/ASF/sam/utils/syscalls/gcc/syscalls.o
LOAD src/main.o
START GROUP
LOAD ../src/ASF/thirdparty/CMSIS/Lib/GCC\libarm_cortexM3l_math.a
LOAD c:/program files (x86)/atmel/studio/7.0/toolchain/arm/arm-gnu-toolchain/bin/../lib/gcc/arm-none-eabi/5.3.1/../../../../arm-none-eabi/lib/armv7-m\libm.a
END GROUP
START GROUP
LOAD c:/program files (x86)/atmel/studio/7.0/toolchain/arm/arm-gnu-toolchain/bin/../lib/gcc/arm-none-eabi/5.3.1/armv7-m\libgcc.a
LOAD c:/program files (x86)/atmel/studio/7.0/toolchain/arm/arm-gnu-toolchain/bin/../lib/gcc/arm-none-eabi/5.3.1/../../../../arm-none-eabi/lib/armv7-m\libc.a
END GROUP
LOAD c:/program files (x86)/atmel/studio/7.0/toolchain/arm/arm-gnu-toolchain/bin/../lib/gcc/arm-none-eabi/5.3.1/armv7-m/crtend.o
LOAD c:/program files (x86)/atmel/studio/7.0/toolchain/arm/arm-gnu-toolchain/bin/../lib/gcc/arm-none-eabi/5.3.1/armv7-m/crtn.o
                0x00002000                __stack_size__ = DEFINED (__stack_size__)?__stack_size__:0x2000
                0x20087ffc                __ram_end__ = ((ORIGIN (ram) + LENGTH (ram)) - 0x4)

.text           0x00080000     0x5324
                0x00080000                . = ALIGN (0x4)
                0x00080000                _sfixed = .
 *(.vectors .vectors.*)
 .vectors       0x00080000       0xf4 src/ASF/sam/utils/cmsis/sam3x/source/templates/gcc/startup_sam3x.o
                0x00080000                exception_table
 *(.text .text.* .gnu.linkonce.t.*)
 .text          0x000800f4       0x5c c:/program files (x86)/atmel/studio/7.0/toolchain/arm/arm-gnu-toolchain/bin/../lib/gcc/arm-none-eabi/5.3.1/armv7-m/crtbegin.o
 .text._read    0x00080150       0x3c src/ASF/common/utils/stdio/read.o
                0x00080150                _read
 .text.usart_write
                0x0008018c       0x14 src/ASF/sam/drivers/usart/usart.o
                0x0008018c                usart_write
 .text.usart_read
                0x000801a0       0x18 src/ASF/sam/drivers/usart/usart.o
                0x000801a0                usart_read
 .text.vListInitialise
                0x000801b8       0x18 src/ASF/thirdparty/freertos/freertos-7.3.0/source/list.o
                0x000801b8                vListInitialise
 .text.vListInitialiseItem
                0x000801d0        0x8 src/ASF/thirdparty/freertos/freertos-7.3.0/source/list.o
                0x000801d0                vListInitialiseItem
 .text.vListInsertEnd
                0x000801d8       0x1c src/ASF/thirdparty/freertos/freertos-7.3.0/source/list.o
                0x000801d8                vListInsertEnd
 .text.vListInsert
                0x000801f4       0x3c src/ASF/thirdparty/freertos/freertos-7.3.0/source/list.o
                0x000801f4                vListInsert
 .text.uxListRemove
                0x00080230       0x28 src/ASF/thirdparty/freertos/freertos-7.3.0/source/list.o
                0x00080230                uxListRemove
 .text.prvPortStartFirstTask
                0x00080258       0x14 src/ASF/thirdparty/freertos/freertos-7.3.0/source/portable/gcc/sam/port.o
 .text.pxPortInitialiseStack
                0x0008026c       0x1c src/ASF/thirdparty/freertos/freertos-7.3.0/source/portable/gcc/sam/port.o
                0x0008026c                pxPortInitialiseStack
 .text.SVC_Handler
                0x00080288       0x20 src/ASF/thirdparty/freertos/freertos-7.3.0/source/portable/gcc/sam/port.o
                0x00080288                SVC_Handler
 .text.vPortYieldFromISR
                0x000802a8       0x10 src/ASF/thirdparty/freertos/freertos-7.3.0/source/portable/gcc/sam/port.o
                0x000802a8                vPortYieldFromISR
 .text.ulPortSetInterruptMask
                0x000802b8       0x10 src/ASF/thirdparty/freertos/freertos-7.3.0/source/portable/gcc/sam/port.o
                0x000802b8                ulPortSetInterruptMask
 .text.vPortEnterCritical
                0x000802c8       0x18 src/ASF/thirdparty/freertos/freertos-7.3.0/source/portable/gcc/sam/port.o
                0x000802c8                vPortEnterCritical
 .text.vPortClearInterruptMask
                0x000802e0        0x8 src/ASF/thirdparty/freertos/freertos-7.3.0/source/portable/gcc/sam/port.o
                0x000802e0                vPortClearInterruptMask
 .text.vPortExitCritical
                0x000802e8       0x1c src/ASF/thirdparty/freertos/freertos-7.3.0/source/portable/gcc/sam/port.o
                0x000802e8                vPortExitCritical
 .text.PendSV_Handler
                0x00080304       0x3c src/ASF/thirdparty/freertos/freertos-7.3.0/source/portable/gcc/sam/port.o
                0x00080304                PendSV_Handler
 .text.SysTick_Handler
                0x00080340       0x2c src/ASF/thirdparty/freertos/freertos-7.3.0/source/portable/gcc/sam/port.o
                0x00080340                SysTick_Handler
 .text.vPortSetupTimerInterrupt
                0x0008036c       0x18 src/ASF/thirdparty/freertos/freertos-7.3.0/source/portable/gcc/sam/port.o
                0x0008036c                vPortSetupTimerInterrupt
 .text.xPortStartScheduler
                0x00080384       0x38 src/ASF/thirdparty/freertos/freertos-7.3.0/source/portable/gcc/sam/port.o
                0x00080384                xPortStartScheduler
 .text.prvInsertBlockIntoFreeList
                0x000803bc       0x54 src/ASF/thirdparty/freertos/freertos-7.3.0/source/portable/memmang/heap_4.o
 .text.pvPortMalloc
                0x00080410       0xd4 src/ASF/thirdparty/freertos/freertos-7.3.0/source/portable/memmang/heap_4.o
                0x00080410                pvPortMalloc
 .text.vPortFree
                0x000804e4       0x38 src/ASF/thirdparty/freertos/freertos-7.3.0/source/portable/memmang/heap_4.o
                0x000804e4                vPortFree
 .text.prvCopyDataToQueue
                0x0008051c       0x64 src/ASF/thirdparty/freertos/freertos-7.3.0/source/queue.o
 .text.prvCopyDataFromQueue
                0x00080580       0x28 src/ASF/thirdparty/freertos/freertos-7.3.0/source/queue.o
 .text.prvUnlockQueue
                0x000805a8       0x90 src/ASF/thirdparty/freertos/freertos-7.3.0/source/queue.o
 .text.xQueueGenericReset
                0x00080638       0x7c src/ASF/thirdparty/freertos/freertos-7.3.0/source/queue.o
                0x00080638                xQueueGenericReset
 .text.xQueueGenericCreate
                0x000806b4       0x58 src/ASF/thirdparty/freertos/freertos-7.3.0/source/queue.o
                0x000806b4                xQueueGenericCreate
 .text.xQueueGenericSend
                0x0008070c      0x120 src/ASF/thirdparty/freertos/freertos-7.3.0/source/queue.o
                0x0008070c                xQueueGenericSend
 .text.xQueueGenericSendFromISR
                0x0008082c       0x90 src/ASF/thirdparty/freertos/freertos-7.3.0/source/queue.o
                0x0008082c                xQueueGenericSendFromISR
 .text.xQueueGenericReceive
                0x000808bc      0x15c src/ASF/thirdparty/freertos/freertos-7.3.0/source/queue.o
                0x000808bc                xQueueGenericReceive
 .text.vQueueWaitForMessageRestricted
                0x00080a18       0x4c src/ASF/thirdparty/freertos/freertos-7.3.0/source/queue.o
                0x00080a18                vQueueWaitForMessageRestricted
 .text.prvAddCurrentTaskToDelayedList
                0x00080a64       0x58 src/ASF/thirdparty/freertos/freertos-7.3.0/source/tasks.o
 .text.xTaskGenericCreate
                0x00080abc      0x204 src/ASF/thirdparty/freertos/freertos-7.3.0/source/tasks.o
                0x00080abc                xTaskGenericCreate
 .text.uxTaskPriorityGet
                0x00080cc0       0x24 src/ASF/thirdparty/freertos/freertos-7.3.0/source/tasks.o
                0x00080cc0                uxTaskPriorityGet
 .text.vTaskPrioritySet
                0x00080ce4       0xbc src/ASF/thirdparty/freertos/freertos-7.3.0/source/tasks.o
                0x00080ce4                vTaskPrioritySet
 .text.vTaskStartScheduler
                0x00080da0       0x68 src/ASF/thirdparty/freertos/freertos-7.3.0/source/tasks.o
                0x00080da0                vTaskStartScheduler
 .text.vTaskSuspendAll
                0x00080e08       0x10 src/ASF/thirdparty/freertos/freertos-7.3.0/source/tasks.o
                0x00080e08                vTaskSuspendAll
 .text.xTaskGetTickCount
                0x00080e18       0x20 src/ASF/thirdparty/freertos/freertos-7.3.0/source/tasks.o
                0x00080e18                xTaskGetTickCount
 .text.vTaskIncrementTick
                0x00080e38      0x120 src/ASF/thirdparty/freertos/freertos-7.3.0/source/tasks.o
                0x00080e38                vTaskIncrementTick
 .text.xTaskResumeAll
                0x00080f58      0x104 src/ASF/thirdparty/freertos/freertos-7.3.0/source/tasks.o
                0x00080f58                xTaskResumeAll
 .text.prvIdleTask
                0x0008105c       0x84 src/ASF/thirdparty/freertos/freertos-7.3.0/source/tasks.o
 .text.vTaskSwitchContext
                0x000810e0       0xa4 src/ASF/thirdparty/freertos/freertos-7.3.0/source/tasks.o
                0x000810e0                vTaskSwitchContext
 .text.vTaskPlaceOnEventList
                0x00081184       0x60 src/ASF/thirdparty/freertos/freertos-7.3.0/source/tasks.o
                0x00081184                vTaskPlaceOnEventList
 .text.vTaskPlaceOnEventListRestricted
                0x000811e4       0x44 src/ASF/thirdparty/freertos/freertos-7.3.0/source/tasks.o
                0x000811e4                vTaskPlaceOnEventListRestricted
 .text.xTaskRemoveFromEventList
                0x00081228       0x84 src/ASF/thirdparty/freertos/freertos-7.3.0/source/tasks.o
                0x00081228                xTaskRemoveFromEventList
 .text.vTaskSetTimeOutState
                0x000812ac       0x28 src/ASF/thirdparty/freertos/freertos-7.3.0/source/tasks.o
                0x000812ac                vTaskSetTimeOutState
 .text.xTaskCheckForTimeOut
                0x000812d4       0x84 src/ASF/thirdparty/freertos/freertos-7.3.0/source/tasks.o
                0x000812d4                xTaskCheckForTimeOut
 .text.vTaskMissedYield
                0x00081358        0xc src/ASF/thirdparty/freertos/freertos-7.3.0/source/tasks.o
                0x00081358                vTaskMissedYield
 .text.xTaskGetCurrentTaskHandle
                0x00081364        0xc src/ASF/thirdparty/freertos/freertos-7.3.0/source/tasks.o
                0x00081364                xTaskGetCurrentTaskHandle
 .text.xTaskGetSchedulerState
                0x00081370       0x20 src/ASF/thirdparty/freertos/freertos-7.3.0/source/tasks.o
                0x00081370                xTaskGetSchedulerState
 .text.vTaskPriorityInherit
                0x00081390       0x80 src/ASF/thirdparty/freertos/freertos-7.3.0/source/tasks.o
                0x00081390                vTaskPriorityInherit
 .text.vTaskPriorityDisinherit
                0x00081410       0x50 src/ASF/thirdparty/freertos/freertos-7.3.0/source/tasks.o
                0x00081410                vTaskPriorityDisinherit
 .text.prvInsertTimerInActiveList
                0x00081460       0x4c src/ASF/thirdparty/freertos/freertos-7.3.0/source/timers.o
 .text.prvCheckForValidListAndQueue
                0x000814ac       0x5c src/ASF/thirdparty/freertos/freertos-7.3.0/source/timers.o
 .text.xTimerCreateTimerTask
                0x00081508       0x4c src/ASF/thirdparty/freertos/freertos-7.3.0/source/timers.o
                0x00081508                xTimerCreateTimerTask
 .text.xTimerGenericCommand
                0x00081554       0x54 src/ASF/thirdparty/freertos/freertos-7.3.0/source/timers.o
                0x00081554                xTimerGenericCommand
 .text.prvSampleTimeNow
                0x000815a8       0xb4 src/ASF/thirdparty/freertos/freertos-7.3.0/source/timers.o
 .text.prvTimerTask
                0x0008165c      0x170 src/ASF/thirdparty/freertos/freertos-7.3.0/source/timers.o
 .text._write   0x000817cc       0x50 src/ASF/common/utils/stdio/write.o
                0x000817cc                _write
 .text.uart_init
                0x0008181c       0x38 src/ASF/sam/drivers/uart/uart.o
                0x0008181c                uart_init
 .text.uart_write
                0x00081854       0x10 src/ASF/sam/drivers/uart/uart.o
                0x00081854                uart_write
 .text.uart_read
                0x00081864       0x14 src/ASF/sam/drivers/uart/uart.o
                0x00081864                uart_read
 .text.sysclk_init
                0x00081878       0x64 src/ASF/common/services/clock/sam3x/sysclk.o
                0x00081878                sysclk_init
 .text.board_init
                0x000818dc       0x80 src/ASF/sam/boards/arduino_due_x/init.o
                0x000818dc                board_init
 .text.pio_set_peripheral
                0x0008195c       0x40 src/ASF/sam/drivers/pio/pio.o
                0x0008195c                pio_set_peripheral
 .text.pio_set_input
                0x0008199c       0x34 src/ASF/sam/drivers/pio/pio.o
                0x0008199c                pio_set_input
 .text.pio_set_output
                0x000819d0       0x28 src/ASF/sam/drivers/pio/pio.o
                0x000819d0                pio_set_output
 .text.pio_get_interrupt_status
                0x000819f8        0x4 src/ASF/sam/drivers/pio/pio.o
                0x000819f8                pio_get_interrupt_status
 .text.pio_get_interrupt_mask
                0x000819fc        0x4 src/ASF/sam/drivers/pio/pio.o
                0x000819fc                pio_get_interrupt_mask
 .text.pio_configure_pin
                0x00081a00       0xd4 src/ASF/sam/drivers/pio/pio.o
                0x00081a00                pio_configure_pin
 .text.pio_configure_pin_group
                0x00081ad4       0xa0 src/ASF/sam/drivers/pio/pio.o
                0x00081ad4                pio_configure_pin_group
 .text.pio_handler_process
                0x00081b74       0x50 src/ASF/sam/drivers/pio/pio_handler.o
                0x00081b74                pio_handler_process
 .text.PIOA_Handler
                0x00081bc4       0x14 src/ASF/sam/drivers/pio/pio_handler.o
                0x00081bc4                PIOA_Handler
 .text.PIOB_Handler
                0x00081bd8       0x14 src/ASF/sam/drivers/pio/pio_handler.o
                0x00081bd8                PIOB_Handler
 .text.PIOC_Handler
                0x00081bec       0x14 src/ASF/sam/drivers/pio/pio_handler.o
                0x00081bec                PIOC_Handler
 .text.PIOD_Handler
                0x00081c00       0x14 src/ASF/sam/drivers/pio/pio_handler.o
                0x00081c00                PIOD_Handler
 .text.pmc_switch_mck_to_pllack
                0x00081c14       0x68 src/ASF/sam/drivers/pmc/pmc.o
                0x00081c14                pmc_switch_mck_to_pllack
 .text.pmc_switch_mainck_to_xtal
                0x00081c7c       0x54 src/ASF/sam/drivers/pmc/pmc.o
                0x00081c7c                pmc_switch_mainck_to_xtal
 .text.pmc_osc_is_ready_mainck
                0x00081cd0       0x10 src/ASF/sam/drivers/pmc/pmc.o
                0x00081cd0                pmc_osc_is_ready_mainck
 .text.pmc_disable_pllack
                0x00081ce0       0x10 src/ASF/sam/drivers/pmc/pmc.o
                0x00081ce0                pmc_disable_pllack
 .text.pmc_is_locked_pllack
                0x00081cf0       0x10 src/ASF/sam/drivers/pmc/pmc.o
                0x00081cf0                pmc_is_locked_pllack
 .text.pmc_enable_periph_clk
                0x00081d00       0x54 src/ASF/sam/drivers/pmc/pmc.o
                0x00081d00                pmc_enable_periph_clk
 .text.Dummy_Handler
                0x00081d54        0x4 src/ASF/sam/utils/cmsis/sam3x/source/templates/exceptions.o
                0x00081d54                DACC_Handler
                0x00081d54                DebugMon_Handler
                0x00081d54                DMAC_Handler
                0x00081d54                TRNG_Handler
                0x00081d54                HardFault_Handler
                0x00081d54                TC2_Handler
                0x00081d54                USART3_Handler
                0x00081d54                TWI1_Handler
                0x00081d54                NMI_Handler
                0x00081d54                TC7_Handler
                0x00081d54                ADC_Handler
                0x00081d54                SMC_Handler
                0x00081d54                USART0_Handler
                0x00081d54                RTT_Handler
                0x00081d54                EFC1_Handler
                0x00081d54                RTC_Handler
                0x00081d54                UsageFault_Handler
                0x00081d54                TC6_Handler
                0x00081d54                WDT_Handler
                0x00081d54                CAN0_Handler
                0x00081d54                TC4_Handler
                0x00081d54                TC1_Handler
                0x00081d54                HSMCI_Handler
                0x00081d54                TC3_Handler
                0x00081d54                Dummy_Handler
                0x00081d54                TWI0_Handler
                0x00081d54                USART1_Handler
                0x00081d54                SSC_Handler
                0x00081d54                EFC0_Handler
                0x00081d54                PMC_Handler
                0x00081d54                PWM_Handler
                0x00081d54                CAN1_Handler
                0x00081d54                MemManage_Handler
                0x00081d54                SUPC_Handler
                0x00081d54                TC8_Handler
                0x00081d54                USART2_Handler
                0x00081d54                EMAC_Handler
                0x00081d54                UART_Handler
                0x00081d54                BusFault_Handler
                0x00081d54                RSTC_Handler
                0x00081d54                TC0_Handler
                0x00081d54                TC5_Handler
                0x00081d54                UOTGHS_Handler
                0x00081d54                SPI0_Handler
 .text.Reset_Handler
                0x00081d58       0xac src/ASF/sam/utils/cmsis/sam3x/source/templates/gcc/startup_sam3x.o
                0x00081d58                Reset_Handler
 .text.SystemCoreClockUpdate
                0x00081e04      0x11c src/ASF/sam/utils/cmsis/sam3x/source/templates/system_sam3x.o
                0x00081e04                SystemCoreClockUpdate
 .text._sbrk    0x00081f20       0x34 src/ASF/sam/utils/syscalls/gcc/syscalls.o
                0x00081f20                _sbrk
 .text._close   0x00081f54        0x8 src/ASF/sam/utils/syscalls/gcc/syscalls.o
                0x00081f54                _close
 .text._fstat   0x00081f5c        0xc src/ASF/sam/utils/syscalls/gcc/syscalls.o
                0x00081f5c                _fstat
 .text._isatty  0x00081f68        0x4 src/ASF/sam/utils/syscalls/gcc/syscalls.o
                0x00081f68                _isatty
 .text._lseek   0x00081f6c        0x4 src/ASF/sam/utils/syscalls/gcc/syscalls.o
                0x00081f6c                _lseek
 .text.usart_serial_getchar
                0x00081f70       0xa8 src/main.o
 .text.usart_serial_putchar
                0x00082018       0x9c src/main.o
 .text.vTask1   0x000820b4       0x40 src/main.o
                0x000820b4                vTask1
 .text.vTask2   0x000820f4       0x38 src/main.o
                0x000820f4                vTask2
 .text.main     0x0008212c       0xf4 src/main.o
                0x0008212c                main
 .text.vApplicationMallocFailedHook
                0x00082220        0x4 src/main.o
                0x00082220                vApplicationMallocFailedHook
 .text.__libc_init_array
                0x00082224       0x50 c:/program files (x86)/atmel/studio/7.0/toolchain/arm/arm-gnu-toolchain/bin/../lib/gcc/arm-none-eabi/5.3.1/../../../../arm-none-eabi/lib/armv7-m\libc.a(lib_a-init.o)
                0x00082224                __libc_init_array
 .text.iprintf  0x00082274       0x28 c:/program files (x86)/atmel/studio/7.0/toolchain/arm/arm-gnu-toolchain/bin/../lib/gcc/arm-none-eabi/5.3.1/../../../../arm-none-eabi/lib/armv7-m\libc.a(lib_a-iprintf.o)
                0x00082274                iprintf
 .text          0x0008229c       0xec c:/program files (x86)/atmel/studio/7.0/toolchain/arm/arm-gnu-toolchain/bin/../lib/gcc/arm-none-eabi/5.3.1/../../../../arm-none-eabi/lib/armv7-m\libc.a(lib_a-memcpy.o)
                0x0008229c                memcpy
 .text.memset   0x00082388       0x9c c:/program files (x86)/atmel/studio/7.0/toolchain/arm/arm-gnu-toolchain/bin/../lib/gcc/arm-none-eabi/5.3.1/../../../../arm-none-eabi/lib/armv7-m\libc.a(lib_a-memset.o)
                0x00082388                memset
 .text.setbuf   0x00082424       0x10 c:/program files (x86)/atmel/studio/7.0/toolchain/arm/arm-gnu-toolchain/bin/../lib/gcc/arm-none-eabi/5.3.1/../../../../arm-none-eabi/lib/armv7-m\libc.a(lib_a-setbuf.o)
                0x00082424                setbuf
 .text.setvbuf  0x00082434      0x150 c:/program files (x86)/atmel/studio/7.0/toolchain/arm/arm-gnu-toolchain/bin/../lib/gcc/arm-none-eabi/5.3.1/../../../../arm-none-eabi/lib/armv7-m\libc.a(lib_a-setvbuf.o)
                0x00082434                setvbuf
 .text.strlen   0x00082584       0x5c c:/program files (x86)/atmel/studio/7.0/toolchain/arm/arm-gnu-toolchain/bin/../lib/gcc/arm-none-eabi/5.3.1/../../../../arm-none-eabi/lib/armv7-m\libc.a(lib_a-strlen-stub.o)
                0x00082584                strlen
 .text.strncpy  0x000825e0       0x68 c:/program files (x86)/atmel/studio/7.0/toolchain/arm/arm-gnu-toolchain/bin/../lib/gcc/arm-none-eabi/5.3.1/../../../../arm-none-eabi/lib/armv7-m\libc.a(lib_a-strncpy.o)
                0x000825e0                strncpy
 .text.__sprint_r.part.0
                0x00082648       0x78 c:/program files (x86)/atmel/studio/7.0/toolchain/arm/arm-gnu-toolchain/bin/../lib/gcc/arm-none-eabi/5.3.1/../../../../arm-none-eabi/lib/armv7-m\libc.a(lib_a-vfiprintf.o)
 .text._vfiprintf_r
                0x000826c0      0xde8 c:/program files (x86)/atmel/studio/7.0/toolchain/arm/arm-gnu-toolchain/bin/../lib/gcc/arm-none-eabi/5.3.1/../../../../arm-none-eabi/lib/armv7-m\libc.a(lib_a-vfiprintf.o)
                0x000826c0                _vfiprintf_r
 .text.__sbprintf
                0x000834a8       0x6c c:/program files (x86)/atmel/studio/7.0/toolchain/arm/arm-gnu-toolchain/bin/../lib/gcc/arm-none-eabi/5.3.1/../../../../arm-none-eabi/lib/armv7-m\libc.a(lib_a-vfiprintf.o)
 .text.__swsetup_r
                0x00083514       0xc8 c:/program files (x86)/atmel/studio/7.0/toolchain/arm/arm-gnu-toolchain/bin/../lib/gcc/arm-none-eabi/5.3.1/../../../../arm-none-eabi/lib/armv7-m\libc.a(lib_a-wsetup.o)
                0x00083514                __swsetup_r
 .text.startup.register_fini
                0x000835dc       0x14 c:/program files (x86)/atmel/studio/7.0/toolchain/arm/arm-gnu-toolchain/bin/../lib/gcc/arm-none-eabi/5.3.1/../../../../arm-none-eabi/lib/armv7-m\libc.a(lib_a-__call_atexit.o)
 .text.atexit   0x000835f0        0xc c:/program files (x86)/atmel/studio/7.0/toolchain/arm/arm-gnu-toolchain/bin/../lib/gcc/arm-none-eabi/5.3.1/../../../../arm-none-eabi/lib/armv7-m\libc.a(lib_a-atexit.o)
                0x000835f0                atexit
 .text.__sflush_r
                0x000835fc      0x148 c:/program files (x86)/atmel/studio/7.0/toolchain/arm/arm-gnu-toolchain/bin/../lib/gcc/arm-none-eabi/5.3.1/../../../../arm-none-eabi/lib/armv7-m\libc.a(lib_a-fflush.o)
                0x000835fc                __sflush_r
 .text._fflush_r
                0x00083744       0x2c c:/program files (x86)/atmel/studio/7.0/toolchain/arm/arm-gnu-toolchain/bin/../lib/gcc/arm-none-eabi/5.3.1/../../../../arm-none-eabi/lib/armv7-m\libc.a(lib_a-fflush.o)
                0x00083744                _fflush_r
 .text._cleanup_r
                0x00083770        0xc c:/program files (x86)/atmel/studio/7.0/toolchain/arm/arm-gnu-toolchain/bin/../lib/gcc/arm-none-eabi/5.3.1/../../../../arm-none-eabi/lib/armv7-m\libc.a(lib_a-findfp.o)
                0x00083770                _cleanup_r
 .text.__sinit.part.1
                0x0008377c       0xf0 c:/program files (x86)/atmel/studio/7.0/toolchain/arm/arm-gnu-toolchain/bin/../lib/gcc/arm-none-eabi/5.3.1/../../../../arm-none-eabi/lib/armv7-m\libc.a(lib_a-findfp.o)
 .text.__sinit  0x0008386c        0xc c:/program files (x86)/atmel/studio/7.0/toolchain/arm/arm-gnu-toolchain/bin/../lib/gcc/arm-none-eabi/5.3.1/../../../../arm-none-eabi/lib/armv7-m\libc.a(lib_a-findfp.o)
                0x0008386c                __sinit
 .text.__sfp_lock_acquire
                0x00083878        0x4 c:/program files (x86)/atmel/studio/7.0/toolchain/arm/arm-gnu-toolchain/bin/../lib/gcc/arm-none-eabi/5.3.1/../../../../arm-none-eabi/lib/armv7-m\libc.a(lib_a-findfp.o)
                0x00083878                __sfp_lock_acquire
 .text.__sfp_lock_release
                0x0008387c        0x4 c:/program files (x86)/atmel/studio/7.0/toolchain/arm/arm-gnu-toolchain/bin/../lib/gcc/arm-none-eabi/5.3.1/../../../../arm-none-eabi/lib/armv7-m\libc.a(lib_a-findfp.o)
                0x0008387c                __sfp_lock_release
 .text.__libc_fini_array
                0x00083880       0x28 c:/program files (x86)/atmel/studio/7.0/toolchain/arm/arm-gnu-toolchain/bin/../lib/gcc/arm-none-eabi/5.3.1/../../../../arm-none-eabi/lib/armv7-m\libc.a(lib_a-fini.o)
                0x00083880                __libc_fini_array
 .text.__fputwc
                0x000838a8       0x94 c:/program files (x86)/atmel/studio/7.0/toolchain/arm/arm-gnu-toolchain/bin/../lib/gcc/arm-none-eabi/5.3.1/../../../../arm-none-eabi/lib/armv7-m\libc.a(lib_a-fputwc.o)
                0x000838a8                __fputwc
 .text._fputwc_r
                0x0008393c       0x24 c:/program files (x86)/atmel/studio/7.0/toolchain/arm/arm-gnu-toolchain/bin/../lib/gcc/arm-none-eabi/5.3.1/../../../../arm-none-eabi/lib/armv7-m\libc.a(lib_a-fputwc.o)
                0x0008393c                _fputwc_r
 .text._malloc_trim_r
                0x00083960       0x9c c:/program files (x86)/atmel/studio/7.0/toolchain/arm/arm-gnu-toolchain/bin/../lib/gcc/arm-none-eabi/5.3.1/../../../../arm-none-eabi/lib/armv7-m\libc.a(lib_a-freer.o)
                0x00083960                _malloc_trim_r
 .text._free_r  0x000839fc      0x1d0 c:/program files (x86)/atmel/studio/7.0/toolchain/arm/arm-gnu-toolchain/bin/../lib/gcc/arm-none-eabi/5.3.1/../../../../arm-none-eabi/lib/armv7-m\libc.a(lib_a-freer.o)
                0x000839fc                _free_r
 .text.__sfvwrite_r
                0x00083bcc      0x308 c:/program files (x86)/atmel/studio/7.0/toolchain/arm/arm-gnu-toolchain/bin/../lib/gcc/arm-none-eabi/5.3.1/../../../../arm-none-eabi/lib/armv7-m\libc.a(lib_a-fvwrite.o)
                0x00083bcc                __sfvwrite_r
 .text._fwalk_reent
                0x00083ed4       0x50 c:/program files (x86)/atmel/studio/7.0/toolchain/arm/arm-gnu-toolchain/bin/../lib/gcc/arm-none-eabi/5.3.1/../../../../arm-none-eabi/lib/armv7-m\libc.a(lib_a-fwalk.o)
                0x00083ed4                _fwalk_reent
 .text.__locale_charset
                0x00083f24        0x8 c:/program files (x86)/atmel/studio/7.0/toolchain/arm/arm-gnu-toolchain/bin/../lib/gcc/arm-none-eabi/5.3.1/../../../../arm-none-eabi/lib/armv7-m\libc.a(lib_a-locale.o)
                0x00083f24                __locale_charset
 .text.__locale_mb_cur_max
                0x00083f2c        0xc c:/program files (x86)/atmel/studio/7.0/toolchain/arm/arm-gnu-toolchain/bin/../lib/gcc/arm-none-eabi/5.3.1/../../../../arm-none-eabi/lib/armv7-m\libc.a(lib_a-locale.o)
                0x00083f2c                __locale_mb_cur_max
 .text.__swhatbuf_r
                0x00083f38       0x60 c:/program files (x86)/atmel/studio/7.0/toolchain/arm/arm-gnu-toolchain/bin/../lib/gcc/arm-none-eabi/5.3.1/../../../../arm-none-eabi/lib/armv7-m\libc.a(lib_a-makebuf.o)
                0x00083f38                __swhatbuf_r
 .text.__smakebuf_r
                0x00083f98       0x88 c:/program files (x86)/atmel/studio/7.0/toolchain/arm/arm-gnu-toolchain/bin/../lib/gcc/arm-none-eabi/5.3.1/../../../../arm-none-eabi/lib/armv7-m\libc.a(lib_a-makebuf.o)
                0x00083f98                __smakebuf_r
 .text.malloc   0x00084020       0x10 c:/program files (x86)/atmel/studio/7.0/toolchain/arm/arm-gnu-toolchain/bin/../lib/gcc/arm-none-eabi/5.3.1/../../../../arm-none-eabi/lib/armv7-m\libc.a(lib_a-malloc.o)
                0x00084020                malloc
 .text._malloc_r
                0x00084030      0x558 c:/program files (x86)/atmel/studio/7.0/toolchain/arm/arm-gnu-toolchain/bin/../lib/gcc/arm-none-eabi/5.3.1/../../../../arm-none-eabi/lib/armv7-m\libc.a(lib_a-mallocr.o)
                0x00084030                _malloc_r
 .text.memchr   0x00084588       0x8c c:/program files (x86)/atmel/studio/7.0/toolchain/arm/arm-gnu-toolchain/bin/../lib/gcc/arm-none-eabi/5.3.1/../../../../arm-none-eabi/lib/armv7-m\libc.a(lib_a-memchr-stub.o)
                0x00084588                memchr
 .text.memmove  0x00084614       0xc8 c:/program files (x86)/atmel/studio/7.0/toolchain/arm/arm-gnu-toolchain/bin/../lib/gcc/arm-none-eabi/5.3.1/../../../../arm-none-eabi/lib/armv7-m\libc.a(lib_a-memmove.o)
                0x00084614                memmove
 .text.__malloc_lock
                0x000846dc        0x4 c:/program files (x86)/atmel/studio/7.0/toolchain/arm/arm-gnu-toolchain/bin/../lib/gcc/arm-none-eabi/5.3.1/../../../../arm-none-eabi/lib/armv7-m\libc.a(lib_a-mlock.o)
                0x000846dc                __malloc_lock
 .text.__malloc_unlock
                0x000846e0        0x4 c:/program files (x86)/atmel/studio/7.0/toolchain/arm/arm-gnu-toolchain/bin/../lib/gcc/arm-none-eabi/5.3.1/../../../../arm-none-eabi/lib/armv7-m\libc.a(lib_a-mlock.o)
                0x000846e0                __malloc_unlock
 .text._realloc_r
                0x000846e4      0x3d4 c:/program files (x86)/atmel/studio/7.0/toolchain/arm/arm-gnu-toolchain/bin/../lib/gcc/arm-none-eabi/5.3.1/../../../../arm-none-eabi/lib/armv7-m\libc.a(lib_a-reallocr.o)
                0x000846e4                _realloc_r
 .text._sbrk_r  0x00084ab8       0x24 c:/program files (x86)/atmel/studio/7.0/toolchain/arm/arm-gnu-toolchain/bin/../lib/gcc/arm-none-eabi/5.3.1/../../../../arm-none-eabi/lib/armv7-m\libc.a(lib_a-sbrkr.o)
                0x00084ab8                _sbrk_r
 .text.__sread  0x00084adc       0x24 c:/program files (x86)/atmel/studio/7.0/toolchain/arm/arm-gnu-toolchain/bin/../lib/gcc/arm-none-eabi/5.3.1/../../../../arm-none-eabi/lib/armv7-m\libc.a(lib_a-stdio.o)
                0x00084adc                __sread
 .text.__swrite
                0x00084b00       0x3c c:/program files (x86)/atmel/studio/7.0/toolchain/arm/arm-gnu-toolchain/bin/../lib/gcc/arm-none-eabi/5.3.1/../../../../arm-none-eabi/lib/armv7-m\libc.a(lib_a-stdio.o)
                0x00084b00                __swrite
 .text.__sseek  0x00084b3c       0x20 c:/program files (x86)/atmel/studio/7.0/toolchain/arm/arm-gnu-toolchain/bin/../lib/gcc/arm-none-eabi/5.3.1/../../../../arm-none-eabi/lib/armv7-m\libc.a(lib_a-stdio.o)
                0x00084b3c                __sseek
 .text.__sclose
                0x00084b5c        0x8 c:/program files (x86)/atmel/studio/7.0/toolchain/arm/arm-gnu-toolchain/bin/../lib/gcc/arm-none-eabi/5.3.1/../../../../arm-none-eabi/lib/armv7-m\libc.a(lib_a-stdio.o)
                0x00084b5c                __sclose
 .text.__swbuf_r
                0x00084b64       0xac c:/program files (x86)/atmel/studio/7.0/toolchain/arm/arm-gnu-toolchain/bin/../lib/gcc/arm-none-eabi/5.3.1/../../../../arm-none-eabi/lib/armv7-m\libc.a(lib_a-wbuf.o)
                0x00084b64                __swbuf_r
 .text._wcrtomb_r
                0x00084c10       0x54 c:/program files (x86)/atmel/studio/7.0/toolchain/arm/arm-gnu-toolchain/bin/../lib/gcc/arm-none-eabi/5.3.1/../../../../arm-none-eabi/lib/armv7-m\libc.a(lib_a-wcrtomb.o)
                0x00084c10                _wcrtomb_r
 .text.__ascii_wctomb
                0x00084c64       0x1c c:/program files (x86)/atmel/studio/7.0/toolchain/arm/arm-gnu-toolchain/bin/../lib/gcc/arm-none-eabi/5.3.1/../../../../arm-none-eabi/lib/armv7-m\libc.a(lib_a-wctomb_r.o)
                0x00084c64                __ascii_wctomb
 .text._write_r
                0x00084c80       0x2c c:/program files (x86)/atmel/studio/7.0/toolchain/arm/arm-gnu-toolchain/bin/../lib/gcc/arm-none-eabi/5.3.1/../../../../arm-none-eabi/lib/armv7-m\libc.a(lib_a-writer.o)
                0x00084c80                _write_r
 .text.__register_exitproc
                0x00084cac       0xa4 c:/program files (x86)/atmel/studio/7.0/toolchain/arm/arm-gnu-toolchain/bin/../lib/gcc/arm-none-eabi/5.3.1/../../../../arm-none-eabi/lib/armv7-m\libc.a(lib_a-__atexit.o)
                0x00084cac                __register_exitproc
 .text._close_r
                0x00084d50       0x24 c:/program files (x86)/atmel/studio/7.0/toolchain/arm/arm-gnu-toolchain/bin/../lib/gcc/arm-none-eabi/5.3.1/../../../../arm-none-eabi/lib/armv7-m\libc.a(lib_a-closer.o)
                0x00084d50                _close_r
 .text._fclose_r
                0x00084d74       0x84 c:/program files (x86)/atmel/studio/7.0/toolchain/arm/arm-gnu-toolchain/bin/../lib/gcc/arm-none-eabi/5.3.1/../../../../arm-none-eabi/lib/armv7-m\libc.a(lib_a-fclose.o)
                0x00084d74                _fclose_r
 .text._fstat_r
                0x00084df8       0x28 c:/program files (x86)/atmel/studio/7.0/toolchain/arm/arm-gnu-toolchain/bin/../lib/gcc/arm-none-eabi/5.3.1/../../../../arm-none-eabi/lib/armv7-m\libc.a(lib_a-fstatr.o)
                0x00084df8                _fstat_r
 .text._isatty_r
                0x00084e20       0x24 c:/program files (x86)/atmel/studio/7.0/toolchain/arm/arm-gnu-toolchain/bin/../lib/gcc/arm-none-eabi/5.3.1/../../../../arm-none-eabi/lib/armv7-m\libc.a(lib_a-isattyr.o)
                0x00084e20                _isatty_r
 .text._lseek_r
                0x00084e44       0x2c c:/program files (x86)/atmel/studio/7.0/toolchain/arm/arm-gnu-toolchain/bin/../lib/gcc/arm-none-eabi/5.3.1/../../../../arm-none-eabi/lib/armv7-m\libc.a(lib_a-lseekr.o)
                0x00084e44                _lseek_r
 .text._read_r  0x00084e70       0x2c c:/program files (x86)/atmel/studio/7.0/toolchain/arm/arm-gnu-toolchain/bin/../lib/gcc/arm-none-eabi/5.3.1/../../../../arm-none-eabi/lib/armv7-m\libc.a(lib_a-readr.o)
                0x00084e70                _read_r
 .text          0x00084e9c       0x30 c:/program files (x86)/atmel/studio/7.0/toolchain/arm/arm-gnu-toolchain/bin/../lib/gcc/arm-none-eabi/5.3.1/armv7-m\libgcc.a(_aeabi_uldivmod.o)
                0x00084e9c                __aeabi_uldivmod
 .text          0x00084ecc      0x2ec c:/program files (x86)/atmel/studio/7.0/toolchain/arm/arm-gnu-toolchain/bin/../lib/gcc/arm-none-eabi/5.3.1/armv7-m\libgcc.a(_udivmoddi4.o)
                0x00084ecc                __udivmoddi4
 .text          0x000851b8        0x4 c:/program files (x86)/atmel/studio/7.0/toolchain/arm/arm-gnu-toolchain/bin/../lib/gcc/arm-none-eabi/5.3.1/armv7-m\libgcc.a(_dvmd_tls.o)
                0x000851b8                __aeabi_idiv0
                0x000851b8                __aeabi_ldiv0
 *(.glue_7t)
 .glue_7t       0x000851bc        0x0 linker stubs
 *(.glue_7)
 .glue_7        0x000851bc        0x0 linker stubs
 *(.rodata .rodata* .gnu.linkonce.r.*)
 .rodata.str1.4
                0x000851bc       0x19 src/ASF/thirdparty/freertos/freertos-7.3.0/source/tasks.o
                                 0x1f (size before relaxing)
 *fill*         0x000851d5        0x3 
 .rodata.str1.4
                0x000851d8        0x8 src/ASF/thirdparty/freertos/freertos-7.3.0/source/timers.o
 .rodata.str1.4
                0x000851e0       0xc7 src/main.o
 *fill*         0x000852a7        0x1 
 .rodata.str1.4
                0x000852a8        0x2 c:/program files (x86)/atmel/studio/7.0/toolchain/arm/arm-gnu-toolchain/bin/../lib/gcc/arm-none-eabi/5.3.1/../../../../arm-none-eabi/lib/armv7-m\libc.a(lib_a-impure.o)
 *fill*         0x000852aa        0x2 
 .rodata._global_impure_ptr
                0x000852ac        0x4 c:/program files (x86)/atmel/studio/7.0/toolchain/arm/arm-gnu-toolchain/bin/../lib/gcc/arm-none-eabi/5.3.1/../../../../arm-none-eabi/lib/armv7-m\libc.a(lib_a-impure.o)
                0x000852ac                _global_impure_ptr
 .rodata.zeroes.6993
                0x000852b0       0x10 c:/program files (x86)/atmel/studio/7.0/toolchain/arm/arm-gnu-toolchain/bin/../lib/gcc/arm-none-eabi/5.3.1/../../../../arm-none-eabi/lib/armv7-m\libc.a(lib_a-vfiprintf.o)
 .rodata.str1.4
                0x000852c0       0x30 c:/program files (x86)/atmel/studio/7.0/toolchain/arm/arm-gnu-toolchain/bin/../lib/gcc/arm-none-eabi/5.3.1/../../../../arm-none-eabi/lib/armv7-m\libc.a(lib_a-vfiprintf.o)
                                 0x2f (size before relaxing)
 .rodata.blanks.6992
                0x000852f0       0x10 c:/program files (x86)/atmel/studio/7.0/toolchain/arm/arm-gnu-toolchain/bin/../lib/gcc/arm-none-eabi/5.3.1/../../../../arm-none-eabi/lib/armv7-m\libc.a(lib_a-vfiprintf.o)
 *(.ARM.extab* .gnu.linkonce.armextab.*)
                0x00085300                . = ALIGN (0x4)
 *(.init)
 .init          0x00085300        0x4 c:/program files (x86)/atmel/studio/7.0/toolchain/arm/arm-gnu-toolchain/bin/../lib/gcc/arm-none-eabi/5.3.1/armv7-m/crti.o
                0x00085300                _init
 .init          0x00085304        0x8 c:/program files (x86)/atmel/studio/7.0/toolchain/arm/arm-gnu-toolchain/bin/../lib/gcc/arm-none-eabi/5.3.1/armv7-m/crtn.o
                0x0008530c                . = ALIGN (0x4)
                0x0008530c                __preinit_array_start = .
 *(.preinit_array)
                0x0008530c                __preinit_array_end = .
                0x0008530c                . = ALIGN (0x4)
                0x0008530c                __init_array_start = .
 *(SORT(.init_array.*))
 .init_array.00000
                0x0008530c        0x4 c:/program files (x86)/atmel/studio/7.0/toolchain/arm/arm-gnu-toolchain/bin/../lib/gcc/arm-none-eabi/5.3.1/../../../../arm-none-eabi/lib/armv7-m\libc.a(lib_a-__call_atexit.o)
 *(.init_array)
 .init_array    0x00085310        0x4 c:/program files (x86)/atmel/studio/7.0/toolchain/arm/arm-gnu-toolchain/bin/../lib/gcc/arm-none-eabi/5.3.1/armv7-m/crtbegin.o
                0x00085314                __init_array_end = .
                0x00085314                . = ALIGN (0x4)
 *crtbegin.o(.ctors)
 *(EXCLUDE_FILE(*crtend.o) .ctors)
 *(SORT(.ctors.*))
 *crtend.o(.ctors)
                0x00085314                . = ALIGN (0x4)
 *(.fini)
 .fini          0x00085314        0x4 c:/program files (x86)/atmel/studio/7.0/toolchain/arm/arm-gnu-toolchain/bin/../lib/gcc/arm-none-eabi/5.3.1/armv7-m/crti.o
                0x00085314                _fini
 .fini          0x00085318        0x8 c:/program files (x86)/atmel/studio/7.0/toolchain/arm/arm-gnu-toolchain/bin/../lib/gcc/arm-none-eabi/5.3.1/armv7-m/crtn.o
                0x00085320                . = ALIGN (0x4)
                0x00085320                __fini_array_start = .
 *(.fini_array)
 .fini_array    0x00085320        0x4 c:/program files (x86)/atmel/studio/7.0/toolchain/arm/arm-gnu-toolchain/bin/../lib/gcc/arm-none-eabi/5.3.1/armv7-m/crtbegin.o
 *(SORT(.fini_array.*))
                0x00085324                __fini_array_end = .
 *crtbegin.o(.dtors)
 *(EXCLUDE_FILE(*crtend.o) .dtors)
 *(SORT(.dtors.*))
 *crtend.o(.dtors)
                0x00085324                . = ALIGN (0x4)
                0x00085324                _efixed = .
                [!provide]                PROVIDE (__exidx_start, .)

.vfp11_veneer   0x00085324        0x0
 .vfp11_veneer  0x00085324        0x0 linker stubs

.v4_bx          0x00085324        0x0
 .v4_bx         0x00085324        0x0 linker stubs

.iplt           0x00085324        0x0
 .iplt          0x00085324        0x0 c:/program files (x86)/atmel/studio/7.0/toolchain/arm/arm-gnu-toolchain/bin/../lib/gcc/arm-none-eabi/5.3.1/armv7-m/crtbegin.o

.ARM.exidx      0x00085324        0x8
 *(.ARM.exidx* .gnu.linkonce.armexidx.*)
 .ARM.exidx     0x00085324        0x8 c:/program files (x86)/atmel/studio/7.0/toolchain/arm/arm-gnu-toolchain/bin/../lib/gcc/arm-none-eabi/5.3.1/armv7-m\libgcc.a(_udivmoddi4.o)
                [!provide]                PROVIDE (__exidx_end, .)

.eh_frame       0x0008532c        0x0
 .eh_frame      0x0008532c        0x0 c:/program files (x86)/atmel/studio/7.0/toolchain/arm/arm-gnu-toolchain/bin/../lib/gcc/arm-none-eabi/5.3.1/armv7-m/crtbegin.o

.rel.dyn        0x0008532c        0x0
 .rel.iplt      0x0008532c        0x0 c:/program files (x86)/atmel/studio/7.0/toolchain/arm/arm-gnu-toolchain/bin/../lib/gcc/arm-none-eabi/5.3.1/armv7-m/crtbegin.o

.jcr            0x0008532c        0x0
 .jcr           0x0008532c        0x0 c:/program files (x86)/atmel/studio/7.0/toolchain/arm/arm-gnu-toolchain/bin/../lib/gcc/arm-none-eabi/5.3.1/armv7-m/crtbegin.o

.igot.plt       0x0008532c        0x0
 .igot.plt      0x0008532c        0x0 c:/program files (x86)/atmel/studio/7.0/toolchain/arm/arm-gnu-toolchain/bin/../lib/gcc/arm-none-eabi/5.3.1/armv7-m/crtbegin.o
                0x0008532c                . = ALIGN (0x4)
                0x0008532c                _etext = .

.relocate       0x20070000      0x9ac load address 0x0008532c
                0x20070000                . = ALIGN (0x4)
                0x20070000                _srelocate = .
 *(.ramfunc .ramfunc.*)
 .ramfunc       0x20070000      0x12c src/ASF/sam/utils/cmsis/sam3x/source/templates/system_sam3x.o
                0x20070000                SystemInit
                0x200700a4                system_init_flash
 *(.data .data.*)
 .data.uxCriticalNesting
                0x2007012c        0x4 src/ASF/thirdparty/freertos/freertos-7.3.0/source/portable/gcc/sam/port.o
 .data.xFreeBytesRemaining
                0x20070130        0x4 src/ASF/thirdparty/freertos/freertos-7.3.0/source/portable/memmang/heap_4.o
 .data.xNextTaskUnblockTime
                0x20070134        0x4 src/ASF/thirdparty/freertos/freertos-7.3.0/source/tasks.o
 .data.SystemCoreClock
                0x20070138        0x4 src/ASF/sam/utils/cmsis/sam3x/source/templates/system_sam3x.o
                0x20070138                SystemCoreClock
 .data.pcTextForTask1
                0x2007013c        0x4 src/main.o
                0x2007013c                pcTextForTask1
 .data.pcTextForTask2
                0x20070140        0x4 src/main.o
                0x20070140                pcTextForTask2
 *fill*         0x20070144        0x4 
 .data.impure_data
                0x20070148      0x428 c:/program files (x86)/atmel/studio/7.0/toolchain/arm/arm-gnu-toolchain/bin/../lib/gcc/arm-none-eabi/5.3.1/../../../../arm-none-eabi/lib/armv7-m\libc.a(lib_a-impure.o)
 .data._impure_ptr
                0x20070570        0x4 c:/program files (x86)/atmel/studio/7.0/toolchain/arm/arm-gnu-toolchain/bin/../lib/gcc/arm-none-eabi/5.3.1/../../../../arm-none-eabi/lib/armv7-m\libc.a(lib_a-impure.o)
                0x20070570                _impure_ptr
 .data.lc_ctype_charset
                0x20070574       0x20 c:/program files (x86)/atmel/studio/7.0/toolchain/arm/arm-gnu-toolchain/bin/../lib/gcc/arm-none-eabi/5.3.1/../../../../arm-none-eabi/lib/armv7-m\libc.a(lib_a-locale.o)
 .data.__mb_cur_max
                0x20070594        0x4 c:/program files (x86)/atmel/studio/7.0/toolchain/arm/arm-gnu-toolchain/bin/../lib/gcc/arm-none-eabi/5.3.1/../../../../arm-none-eabi/lib/armv7-m\libc.a(lib_a-locale.o)
                0x20070594                __mb_cur_max
 .data.__malloc_av_
                0x20070598      0x408 c:/program files (x86)/atmel/studio/7.0/toolchain/arm/arm-gnu-toolchain/bin/../lib/gcc/arm-none-eabi/5.3.1/../../../../arm-none-eabi/lib/armv7-m\libc.a(lib_a-mallocr.o)
                0x20070598                __malloc_av_
 .data.__malloc_trim_threshold
                0x200709a0        0x4 c:/program files (x86)/atmel/studio/7.0/toolchain/arm/arm-gnu-toolchain/bin/../lib/gcc/arm-none-eabi/5.3.1/../../../../arm-none-eabi/lib/armv7-m\libc.a(lib_a-mallocr.o)
                0x200709a0                __malloc_trim_threshold
 .data.__malloc_sbrk_base
                0x200709a4        0x4 c:/program files (x86)/atmel/studio/7.0/toolchain/arm/arm-gnu-toolchain/bin/../lib/gcc/arm-none-eabi/5.3.1/../../../../arm-none-eabi/lib/armv7-m\libc.a(lib_a-mallocr.o)
                0x200709a4                __malloc_sbrk_base
 .data.__wctomb
                0x200709a8        0x4 c:/program files (x86)/atmel/studio/7.0/toolchain/arm/arm-gnu-toolchain/bin/../lib/gcc/arm-none-eabi/5.3.1/../../../../arm-none-eabi/lib/armv7-m\libc.a(lib_a-wctomb_r.o)
                0x200709a8                __wctomb
                0x200709ac                . = ALIGN (0x4)
                0x200709ac                _erelocate = .

.bss            0x200709b0     0xa220 load address 0x00085ce0
                0x200709b0                . = ALIGN (0x4)
                0x200709b0                _sbss = .
                0x200709b0                _szero = .
 *(.bss .bss.*)
 .bss           0x200709b0       0x1c c:/program files (x86)/atmel/studio/7.0/toolchain/arm/arm-gnu-toolchain/bin/../lib/gcc/arm-none-eabi/5.3.1/armv7-m/crtbegin.o
 *fill*         0x200709cc        0x4 
 .bss.xHeap     0x200709d0     0xa000 src/ASF/thirdparty/freertos/freertos-7.3.0/source/portable/memmang/heap_4.o
 .bss.pxEnd     0x2007a9d0        0x4 src/ASF/thirdparty/freertos/freertos-7.3.0/source/portable/memmang/heap_4.o
 .bss.xStart    0x2007a9d4        0x8 src/ASF/thirdparty/freertos/freertos-7.3.0/source/portable/memmang/heap_4.o
 .bss.xSuspendedTaskList
                0x2007a9dc       0x14 src/ASF/thirdparty/freertos/freertos-7.3.0/source/tasks.o
 .bss.pxDelayedTaskList
                0x2007a9f0        0x4 src/ASF/thirdparty/freertos/freertos-7.3.0/source/tasks.o
 .bss.uxMissedTicks
                0x2007a9f4        0x4 src/ASF/thirdparty/freertos/freertos-7.3.0/source/tasks.o
 .bss.xSchedulerRunning
                0x2007a9f8        0x4 src/ASF/thirdparty/freertos/freertos-7.3.0/source/tasks.o
 .bss.uxTasksDeleted
                0x2007a9fc        0x4 src/ASF/thirdparty/freertos/freertos-7.3.0/source/tasks.o
 .bss.xTasksWaitingTermination
                0x2007aa00       0x14 src/ASF/thirdparty/freertos/freertos-7.3.0/source/tasks.o
 .bss.xDelayedTaskList2
                0x2007aa14       0x14 src/ASF/thirdparty/freertos/freertos-7.3.0/source/tasks.o
 .bss.uxTopReadyPriority
                0x2007aa28        0x4 src/ASF/thirdparty/freertos/freertos-7.3.0/source/tasks.o
 .bss.pxReadyTasksLists
                0x2007aa2c       0x64 src/ASF/thirdparty/freertos/freertos-7.3.0/source/tasks.o
 .bss.uxSchedulerSuspended
                0x2007aa90        0x4 src/ASF/thirdparty/freertos/freertos-7.3.0/source/tasks.o
 .bss.pxCurrentTCB
                0x2007aa94        0x4 src/ASF/thirdparty/freertos/freertos-7.3.0/source/tasks.o
                0x2007aa94                pxCurrentTCB
 .bss.xPendingReadyList
                0x2007aa98       0x14 src/ASF/thirdparty/freertos/freertos-7.3.0/source/tasks.o
 .bss.xNumOfOverflows
                0x2007aaac        0x4 src/ASF/thirdparty/freertos/freertos-7.3.0/source/tasks.o
 .bss.xTickCount
                0x2007aab0        0x4 src/ASF/thirdparty/freertos/freertos-7.3.0/source/tasks.o
 .bss.pxOverflowDelayedTaskList
                0x2007aab4        0x4 src/ASF/thirdparty/freertos/freertos-7.3.0/source/tasks.o
 .bss.uxTaskNumber
                0x2007aab8        0x4 src/ASF/thirdparty/freertos/freertos-7.3.0/source/tasks.o
 .bss.xDelayedTaskList1
                0x2007aabc       0x14 src/ASF/thirdparty/freertos/freertos-7.3.0/source/tasks.o
 .bss.xMissedYield
                0x2007aad0        0x4 src/ASF/thirdparty/freertos/freertos-7.3.0/source/tasks.o
 .bss.uxCurrentNumberOfTasks
                0x2007aad4        0x4 src/ASF/thirdparty/freertos/freertos-7.3.0/source/tasks.o
 .bss.uxTopUsedPriority
                0x2007aad8        0x4 src/ASF/thirdparty/freertos/freertos-7.3.0/source/tasks.o
 .bss.pxCurrentTimerList
                0x2007aadc        0x4 src/ASF/thirdparty/freertos/freertos-7.3.0/source/timers.o
 .bss.xActiveTimerList1
                0x2007aae0       0x14 src/ASF/thirdparty/freertos/freertos-7.3.0/source/timers.o
 .bss.xActiveTimerList2
                0x2007aaf4       0x14 src/ASF/thirdparty/freertos/freertos-7.3.0/source/timers.o
 .bss.xLastTime.4590
                0x2007ab08        0x4 src/ASF/thirdparty/freertos/freertos-7.3.0/source/timers.o
 .bss.xTimerQueue
                0x2007ab0c        0x4 src/ASF/thirdparty/freertos/freertos-7.3.0/source/timers.o
 .bss.pxOverflowTimerList
                0x2007ab10        0x4 src/ASF/thirdparty/freertos/freertos-7.3.0/source/timers.o
 .bss.gs_interrupt_sources
                0x2007ab14       0x70 src/ASF/sam/drivers/pio/pio_handler.o
 .bss.heap.5287
                0x2007ab84        0x4 src/ASF/sam/utils/syscalls/gcc/syscalls.o
 .bss.__malloc_max_total_mem
                0x2007ab88        0x4 c:/program files (x86)/atmel/studio/7.0/toolchain/arm/arm-gnu-toolchain/bin/../lib/gcc/arm-none-eabi/5.3.1/../../../../arm-none-eabi/lib/armv7-m\libc.a(lib_a-mallocr.o)
                0x2007ab88                __malloc_max_total_mem
 .bss.__malloc_max_sbrked_mem
                0x2007ab8c        0x4 c:/program files (x86)/atmel/studio/7.0/toolchain/arm/arm-gnu-toolchain/bin/../lib/gcc/arm-none-eabi/5.3.1/../../../../arm-none-eabi/lib/armv7-m\libc.a(lib_a-mallocr.o)
                0x2007ab8c                __malloc_max_sbrked_mem
 .bss.__malloc_top_pad
                0x2007ab90        0x4 c:/program files (x86)/atmel/studio/7.0/toolchain/arm/arm-gnu-toolchain/bin/../lib/gcc/arm-none-eabi/5.3.1/../../../../arm-none-eabi/lib/armv7-m\libc.a(lib_a-mallocr.o)
                0x2007ab90                __malloc_top_pad
 .bss.__malloc_current_mallinfo
                0x2007ab94       0x28 c:/program files (x86)/atmel/studio/7.0/toolchain/arm/arm-gnu-toolchain/bin/../lib/gcc/arm-none-eabi/5.3.1/../../../../arm-none-eabi/lib/armv7-m\libc.a(lib_a-mallocr.o)
                0x2007ab94                __malloc_current_mallinfo
 *(COMMON)
 COMMON         0x2007abbc        0x4 src/ASF/common/utils/stdio/read.o
                0x2007abbc                ptr_get
 COMMON         0x2007abc0        0x8 src/ASF/common/utils/stdio/write.o
                0x2007abc0                ptr_put
                0x2007abc4                stdio_base
 COMMON         0x2007abc8        0x4 src/main.o
                0x2007abc8                xTask2Handle
 COMMON         0x2007abcc        0x4 c:/program files (x86)/atmel/studio/7.0/toolchain/arm/arm-gnu-toolchain/bin/../lib/gcc/arm-none-eabi/5.3.1/../../../../arm-none-eabi/lib/armv7-m\libc.a(lib_a-reent.o)
                0x2007abcc                errno
                0x2007abd0                . = ALIGN (0x4)
                0x2007abd0                _ebss = .
                0x2007abd0                _ezero = .

.stack          0x2007abd0     0x2000 load address 0x0008ff00
                0x2007abd0                . = ALIGN (0x8)
                0x2007abd0                _sstack = .
                0x2007cbd0                . = (. + __stack_size__)
 *fill*         0x2007abd0     0x2000 
                0x2007cbd0                . = ALIGN (0x8)
                0x2007cbd0                _estack = .
                0x2007cbd0                . = ALIGN (0x4)
                0x2007cbd0                _end = .
OUTPUT(Example005.elf elf32-littlearm)

.ARM.attributes
                0x00000000       0x29
 .ARM.attributes
                0x00000000       0x1d c:/program files (x86)/atmel/studio/7.0/toolchain/arm/arm-gnu-toolchain/bin/../lib/gcc/arm-none-eabi/5.3.1/armv7-m/crti.o
 .ARM.attributes
                0x0000001d       0x2d c:/program files (x86)/atmel/studio/7.0/toolchain/arm/arm-gnu-toolchain/bin/../lib/gcc/arm-none-eabi/5.3.1/armv7-m/crtbegin.o
 .ARM.attributes
                0x0000004a       0x33 src/ASF/common/utils/stdio/read.o
 .ARM.attributes
                0x0000007d       0x33 src/ASF/sam/drivers/usart/usart.o
 .ARM.attributes
                0x000000b0       0x33 src/ASF/thirdparty/freertos/freertos-7.3.0/source/list.o
 .ARM.attributes
                0x000000e3       0x33 src/ASF/thirdparty/freertos/freertos-7.3.0/source/portable/gcc/sam/port.o
 .ARM.attributes
                0x00000116       0x33 src/ASF/thirdparty/freertos/freertos-7.3.0/source/portable/memmang/heap_4.o
 .ARM.attributes
                0x00000149       0x33 src/ASF/thirdparty/freertos/freertos-7.3.0/source/queue.o
 .ARM.attributes
                0x0000017c       0x33 src/ASF/thirdparty/freertos/freertos-7.3.0/source/tasks.o
 .ARM.attributes
                0x000001af       0x33 src/ASF/thirdparty/freertos/freertos-7.3.0/source/timers.o
 .ARM.attributes
                0x000001e2       0x33 src/ASF/common/utils/stdio/write.o
 .ARM.attributes
                0x00000215       0x33 src/ASF/sam/drivers/uart/uart.o
 .ARM.attributes
                0x00000248       0x33 src/ASF/common/services/clock/sam3x/sysclk.o
 .ARM.attributes
                0x0000027b       0x33 src/ASF/sam/boards/arduino_due_x/init.o
 .ARM.attributes
                0x000002ae       0x33 src/ASF/sam/drivers/pio/pio.o
 .ARM.attributes
                0x000002e1       0x33 src/ASF/sam/drivers/pio/pio_handler.o
 .ARM.attributes
                0x00000314       0x33 src/ASF/sam/drivers/pmc/pmc.o
 .ARM.attributes
                0x00000347       0x33 src/ASF/sam/utils/cmsis/sam3x/source/templates/exceptions.o
 .ARM.attributes
                0x0000037a       0x33 src/ASF/sam/utils/cmsis/sam3x/source/templates/gcc/startup_sam3x.o
 .ARM.attributes
                0x000003ad       0x33 src/ASF/sam/utils/cmsis/sam3x/source/templates/system_sam3x.o
 .ARM.attributes
                0x000003e0       0x33 src/ASF/sam/utils/syscalls/gcc/syscalls.o
 .ARM.attributes
                0x00000413       0x33 src/main.o
 .ARM.attributes
                0x00000446       0x2d c:/program files (x86)/atmel/studio/7.0/toolchain/arm/arm-gnu-toolchain/bin/../lib/gcc/arm-none-eabi/5.3.1/../../../../arm-none-eabi/lib/armv7-m\libc.a(lib_a-impure.o)
 .ARM.attributes
                0x00000473       0x2d c:/program files (x86)/atmel/studio/7.0/toolchain/arm/arm-gnu-toolchain/bin/../lib/gcc/arm-none-eabi/5.3.1/../../../../arm-none-eabi/lib/armv7-m\libc.a(lib_a-init.o)
 .ARM.attributes
                0x000004a0       0x2d c:/program files (x86)/atmel/studio/7.0/toolchain/arm/arm-gnu-toolchain/bin/../lib/gcc/arm-none-eabi/5.3.1/../../../../arm-none-eabi/lib/armv7-m\libc.a(lib_a-iprintf.o)
 .ARM.attributes
                0x000004cd       0x1b c:/program files (x86)/atmel/studio/7.0/toolchain/arm/arm-gnu-toolchain/bin/../lib/gcc/arm-none-eabi/5.3.1/../../../../arm-none-eabi/lib/armv7-m\libc.a(lib_a-memcpy.o)
 .ARM.attributes
                0x000004e8       0x2d c:/program files (x86)/atmel/studio/7.0/toolchain/arm/arm-gnu-toolchain/bin/../lib/gcc/arm-none-eabi/5.3.1/../../../../arm-none-eabi/lib/armv7-m\libc.a(lib_a-memset.o)
 .ARM.attributes
                0x00000515       0x2d c:/program files (x86)/atmel/studio/7.0/toolchain/arm/arm-gnu-toolchain/bin/../lib/gcc/arm-none-eabi/5.3.1/../../../../arm-none-eabi/lib/armv7-m\libc.a(lib_a-setbuf.o)
 .ARM.attributes
                0x00000542       0x2d c:/program files (x86)/atmel/studio/7.0/toolchain/arm/arm-gnu-toolchain/bin/../lib/gcc/arm-none-eabi/5.3.1/../../../../arm-none-eabi/lib/armv7-m\libc.a(lib_a-setvbuf.o)
 .ARM.attributes
                0x0000056f       0x2d c:/program files (x86)/atmel/studio/7.0/toolchain/arm/arm-gnu-toolchain/bin/../lib/gcc/arm-none-eabi/5.3.1/../../../../arm-none-eabi/lib/armv7-m\libc.a(lib_a-strlen-stub.o)
 .ARM.attributes
                0x0000059c       0x2d c:/program files (x86)/atmel/studio/7.0/toolchain/arm/arm-gnu-toolchain/bin/../lib/gcc/arm-none-eabi/5.3.1/../../../../arm-none-eabi/lib/armv7-m\libc.a(lib_a-strncpy.o)
 .ARM.attributes
                0x000005c9       0x2d c:/program files (x86)/atmel/studio/7.0/toolchain/arm/arm-gnu-toolchain/bin/../lib/gcc/arm-none-eabi/5.3.1/../../../../arm-none-eabi/lib/armv7-m\libc.a(lib_a-vfiprintf.o)
 .ARM.attributes
                0x000005f6       0x2d c:/program files (x86)/atmel/studio/7.0/toolchain/arm/arm-gnu-toolchain/bin/../lib/gcc/arm-none-eabi/5.3.1/../../../../arm-none-eabi/lib/armv7-m\libc.a(lib_a-wsetup.o)
 .ARM.attributes
                0x00000623       0x2d c:/program files (x86)/atmel/studio/7.0/toolchain/arm/arm-gnu-toolchain/bin/../lib/gcc/arm-none-eabi/5.3.1/../../../../arm-none-eabi/lib/armv7-m\libc.a(lib_a-__call_atexit.o)
 .ARM.attributes
                0x00000650       0x2d c:/program files (x86)/atmel/studio/7.0/toolchain/arm/arm-gnu-toolchain/bin/../lib/gcc/arm-none-eabi/5.3.1/../../../../arm-none-eabi/lib/armv7-m\libc.a(lib_a-atexit.o)
 .ARM.attributes
                0x0000067d       0x2d c:/program files (x86)/atmel/studio/7.0/toolchain/arm/arm-gnu-toolchain/bin/../lib/gcc/arm-none-eabi/5.3.1/../../../../arm-none-eabi/lib/armv7-m\libc.a(lib_a-fflush.o)
 .ARM.attributes
                0x000006aa       0x2d c:/program files (x86)/atmel/studio/7.0/toolchain/arm/arm-gnu-toolchain/bin/../lib/gcc/arm-none-eabi/5.3.1/../../../../arm-none-eabi/lib/armv7-m\libc.a(lib_a-findfp.o)
 .ARM.attributes
                0x000006d7       0x2d c:/program files (x86)/atmel/studio/7.0/toolchain/arm/arm-gnu-toolchain/bin/../lib/gcc/arm-none-eabi/5.3.1/../../../../arm-none-eabi/lib/armv7-m\libc.a(lib_a-fini.o)
 .ARM.attributes
                0x00000704       0x2d c:/program files (x86)/atmel/studio/7.0/toolchain/arm/arm-gnu-toolchain/bin/../lib/gcc/arm-none-eabi/5.3.1/../../../../arm-none-eabi/lib/armv7-m\libc.a(lib_a-fputwc.o)
 .ARM.attributes
                0x00000731       0x2d c:/program files (x86)/atmel/studio/7.0/toolchain/arm/arm-gnu-toolchain/bin/../lib/gcc/arm-none-eabi/5.3.1/../../../../arm-none-eabi/lib/armv7-m\libc.a(lib_a-freer.o)
 .ARM.attributes
                0x0000075e       0x2d c:/program files (x86)/atmel/studio/7.0/toolchain/arm/arm-gnu-toolchain/bin/../lib/gcc/arm-none-eabi/5.3.1/../../../../arm-none-eabi/lib/armv7-m\libc.a(lib_a-fvwrite.o)
 .ARM.attributes
                0x0000078b       0x2d c:/program files (x86)/atmel/studio/7.0/toolchain/arm/arm-gnu-toolchain/bin/../lib/gcc/arm-none-eabi/5.3.1/../../../../arm-none-eabi/lib/armv7-m\libc.a(lib_a-fwalk.o)
 .ARM.attributes
                0x000007b8       0x2d c:/program files (x86)/atmel/studio/7.0/toolchain/arm/arm-gnu-toolchain/bin/../lib/gcc/arm-none-eabi/5.3.1/../../../../arm-none-eabi/lib/armv7-m\libc.a(lib_a-locale.o)
 .ARM.attributes
                0x000007e5       0x2d c:/program files (x86)/atmel/studio/7.0/toolchain/arm/arm-gnu-toolchain/bin/../lib/gcc/arm-none-eabi/5.3.1/../../../../arm-none-eabi/lib/armv7-m\libc.a(lib_a-makebuf.o)
 .ARM.attributes
                0x00000812       0x2d c:/program files (x86)/atmel/studio/7.0/toolchain/arm/arm-gnu-toolchain/bin/../lib/gcc/arm-none-eabi/5.3.1/../../../../arm-none-eabi/lib/armv7-m\libc.a(lib_a-malloc.o)
 .ARM.attributes
                0x0000083f       0x2d c:/program files (x86)/atmel/studio/7.0/toolchain/arm/arm-gnu-toolchain/bin/../lib/gcc/arm-none-eabi/5.3.1/../../../../arm-none-eabi/lib/armv7-m\libc.a(lib_a-mallocr.o)
 .ARM.attributes
                0x0000086c       0x2d c:/program files (x86)/atmel/studio/7.0/toolchain/arm/arm-gnu-toolchain/bin/../lib/gcc/arm-none-eabi/5.3.1/../../../../arm-none-eabi/lib/armv7-m\libc.a(lib_a-memchr-stub.o)
 .ARM.attributes
                0x00000899       0x2d c:/program files (x86)/atmel/studio/7.0/toolchain/arm/arm-gnu-toolchain/bin/../lib/gcc/arm-none-eabi/5.3.1/../../../../arm-none-eabi/lib/armv7-m\libc.a(lib_a-memmove.o)
 .ARM.attributes
                0x000008c6       0x2d c:/program files (x86)/atmel/studio/7.0/toolchain/arm/arm-gnu-toolchain/bin/../lib/gcc/arm-none-eabi/5.3.1/../../../../arm-none-eabi/lib/armv7-m\libc.a(lib_a-mlock.o)
 .ARM.attributes
                0x000008f3       0x2d c:/program files (x86)/atmel/studio/7.0/toolchain/arm/arm-gnu-toolchain/bin/../lib/gcc/arm-none-eabi/5.3.1/../../../../arm-none-eabi/lib/armv7-m\libc.a(lib_a-reallocr.o)
 .ARM.attributes
                0x00000920       0x2d c:/program files (x86)/atmel/studio/7.0/toolchain/arm/arm-gnu-toolchain/bin/../lib/gcc/arm-none-eabi/5.3.1/../../../../arm-none-eabi/lib/armv7-m\libc.a(lib_a-sbrkr.o)
 .ARM.attributes
                0x0000094d       0x2d c:/program files (x86)/atmel/studio/7.0/toolchain/arm/arm-gnu-toolchain/bin/../lib/gcc/arm-none-eabi/5.3.1/../../../../arm-none-eabi/lib/armv7-m\libc.a(lib_a-stdio.o)
 .ARM.attributes
                0x0000097a       0x2d c:/program files (x86)/atmel/studio/7.0/toolchain/arm/arm-gnu-toolchain/bin/../lib/gcc/arm-none-eabi/5.3.1/../../../../arm-none-eabi/lib/armv7-m\libc.a(lib_a-wbuf.o)
 .ARM.attributes
                0x000009a7       0x2d c:/program files (x86)/atmel/studio/7.0/toolchain/arm/arm-gnu-toolchain/bin/../lib/gcc/arm-none-eabi/5.3.1/../../../../arm-none-eabi/lib/armv7-m\libc.a(lib_a-wcrtomb.o)
 .ARM.attributes
                0x000009d4       0x2d c:/program files (x86)/atmel/studio/7.0/toolchain/arm/arm-gnu-toolchain/bin/../lib/gcc/arm-none-eabi/5.3.1/../../../../arm-none-eabi/lib/armv7-m\libc.a(lib_a-wctomb_r.o)
 .ARM.attributes
                0x00000a01       0x2d c:/program files (x86)/atmel/studio/7.0/toolchain/arm/arm-gnu-toolchain/bin/../lib/gcc/arm-none-eabi/5.3.1/../../../../arm-none-eabi/lib/armv7-m\libc.a(lib_a-writer.o)
 .ARM.attributes
                0x00000a2e       0x2d c:/program files (x86)/atmel/studio/7.0/toolchain/arm/arm-gnu-toolchain/bin/../lib/gcc/arm-none-eabi/5.3.1/../../../../arm-none-eabi/lib/armv7-m\libc.a(lib_a-__atexit.o)
 .ARM.attributes
                0x00000a5b       0x2d c:/program files (x86)/atmel/studio/7.0/toolchain/arm/arm-gnu-toolchain/bin/../lib/gcc/arm-none-eabi/5.3.1/../../../../arm-none-eabi/lib/armv7-m\libc.a(lib_a-closer.o)
 .ARM.attributes
                0x00000a88       0x2d c:/program files (x86)/atmel/studio/7.0/toolchain/arm/arm-gnu-toolchain/bin/../lib/gcc/arm-none-eabi/5.3.1/../../../../arm-none-eabi/lib/armv7-m\libc.a(lib_a-fclose.o)
 .ARM.attributes
                0x00000ab5       0x2d c:/program files (x86)/atmel/studio/7.0/toolchain/arm/arm-gnu-toolchain/bin/../lib/gcc/arm-none-eabi/5.3.1/../../../../arm-none-eabi/lib/armv7-m\libc.a(lib_a-fstatr.o)
 .ARM.attributes
                0x00000ae2       0x2d c:/program files (x86)/atmel/studio/7.0/toolchain/arm/arm-gnu-toolchain/bin/../lib/gcc/arm-none-eabi/5.3.1/../../../../arm-none-eabi/lib/armv7-m\libc.a(lib_a-isattyr.o)
 .ARM.attributes
                0x00000b0f       0x2d c:/program files (x86)/atmel/studio/7.0/toolchain/arm/arm-gnu-toolchain/bin/../lib/gcc/arm-none-eabi/5.3.1/../../../../arm-none-eabi/lib/armv7-m\libc.a(lib_a-lseekr.o)
 .ARM.attributes
                0x00000b3c       0x2d c:/program files (x86)/atmel/studio/7.0/toolchain/arm/arm-gnu-toolchain/bin/../lib/gcc/arm-none-eabi/5.3.1/../../../../arm-none-eabi/lib/armv7-m\libc.a(lib_a-readr.o)
 .ARM.attributes
                0x00000b69       0x2d c:/program files (x86)/atmel/studio/7.0/toolchain/arm/arm-gnu-toolchain/bin/../lib/gcc/arm-none-eabi/5.3.1/../../../../arm-none-eabi/lib/armv7-m\libc.a(lib_a-reent.o)
 .ARM.attributes
                0x00000b96       0x1d c:/program files (x86)/atmel/studio/7.0/toolchain/arm/arm-gnu-toolchain/bin/../lib/gcc/arm-none-eabi/5.3.1/armv7-m\libgcc.a(_aeabi_uldivmod.o)
 .ARM.attributes
                0x00000bb3       0x2d c:/program files (x86)/atmel/studio/7.0/toolchain/arm/arm-gnu-toolchain/bin/../lib/gcc/arm-none-eabi/5.3.1/armv7-m\libgcc.a(_udivmoddi4.o)
 .ARM.attributes
                0x00000be0       0x1d c:/program files (x86)/atmel/studio/7.0/toolchain/arm/arm-gnu-toolchain/bin/../lib/gcc/arm-none-eabi/5.3.1/armv7-m\libgcc.a(_dvmd_tls.o)
 .ARM.attributes
                0x00000bfd       0x1d c:/program files (x86)/atmel/studio/7.0/toolchain/arm/arm-gnu-toolchain/bin/../lib/gcc/arm-none-eabi/5.3.1/armv7-m/crtn.o

.comment        0x00000000       0x59
 .comment       0x00000000       0x59 src/ASF/common/utils/stdio/read.o
                                 0x5a (size before relaxing)
 .comment       0x00000059       0x5a src/ASF/sam/drivers/usart/usart.o
 .comment       0x00000059       0x5a src/ASF/thirdparty/freertos/freertos-7.3.0/source/list.o
 .comment       0x00000059       0x5a src/ASF/thirdparty/freertos/freertos-7.3.0/source/portable/gcc/sam/port.o
 .comment       0x00000059       0x5a src/ASF/thirdparty/freertos/freertos-7.3.0/source/portable/memmang/heap_4.o
 .comment       0x00000059       0x5a src/ASF/thirdparty/freertos/freertos-7.3.0/source/queue.o
 .comment       0x00000059       0x5a src/ASF/thirdparty/freertos/freertos-7.3.0/source/tasks.o
 .comment       0x00000059       0x5a src/ASF/thirdparty/freertos/freertos-7.3.0/source/timers.o
 .comment       0x00000059       0x5a src/ASF/common/utils/stdio/write.o
 .comment       0x00000059       0x5a src/ASF/sam/drivers/uart/uart.o
 .comment       0x00000059       0x5a src/ASF/common/services/clock/sam3x/sysclk.o
 .comment       0x00000059       0x5a src/ASF/sam/boards/arduino_due_x/init.o
 .comment       0x00000059       0x5a src/ASF/sam/drivers/pio/pio.o
 .comment       0x00000059       0x5a src/ASF/sam/drivers/pio/pio_handler.o
 .comment       0x00000059       0x5a src/ASF/sam/drivers/pmc/pmc.o
 .comment       0x00000059       0x5a src/ASF/sam/utils/cmsis/sam3x/source/templates/exceptions.o
 .comment       0x00000059       0x5a src/ASF/sam/utils/cmsis/sam3x/source/templates/gcc/startup_sam3x.o
 .comment       0x00000059       0x5a src/ASF/sam/utils/cmsis/sam3x/source/templates/system_sam3x.o
 .comment       0x00000059       0x5a src/ASF/sam/utils/syscalls/gcc/syscalls.o
 .comment       0x00000059       0x5a src/main.o

.debug_info     0x00000000     0xc968
 .debug_info    0x00000000      0x1bb src/ASF/common/utils/stdio/read.o
 .debug_info    0x000001bb     0x1c04 src/ASF/sam/drivers/usart/usart.o
 .debug_info    0x00001dbf      0x2b7 src/ASF/thirdparty/freertos/freertos-7.3.0/source/list.o
 .debug_info    0x00002076      0x3a4 src/ASF/thirdparty/freertos/freertos-7.3.0/source/portable/gcc/sam/port.o
 .debug_info    0x0000241a      0x39c src/ASF/thirdparty/freertos/freertos-7.3.0/source/portable/memmang/heap_4.o
 .debug_info    0x000027b6      0xf90 src/ASF/thirdparty/freertos/freertos-7.3.0/source/queue.o
 .debug_info    0x00003746     0x17f9 src/ASF/thirdparty/freertos/freertos-7.3.0/source/tasks.o
 .debug_info    0x00004f3f      0xb4b src/ASF/thirdparty/freertos/freertos-7.3.0/source/timers.o
 .debug_info    0x00005a8a      0x1c0 src/ASF/common/utils/stdio/write.o
 .debug_info    0x00005c4a      0x889 src/ASF/sam/drivers/uart/uart.o
 .debug_info    0x000064d3      0x79d src/ASF/common/services/clock/sam3x/sysclk.o
 .debug_info    0x00006c70      0x767 src/ASF/sam/boards/arduino_due_x/init.o
 .debug_info    0x000073d7     0x1384 src/ASF/sam/drivers/pio/pio.o
 .debug_info    0x0000875b      0xe71 src/ASF/sam/drivers/pio/pio_handler.o
 .debug_info    0x000095cc     0x1097 src/ASF/sam/drivers/pmc/pmc.o
 .debug_info    0x0000a663      0x125 src/ASF/sam/utils/cmsis/sam3x/source/templates/exceptions.o
 .debug_info    0x0000a788      0x3d3 src/ASF/sam/utils/cmsis/sam3x/source/templates/gcc/startup_sam3x.o
 .debug_info    0x0000ab5b      0x4c6 src/ASF/sam/utils/cmsis/sam3x/source/templates/system_sam3x.o
 .debug_info    0x0000b021      0x427 src/ASF/sam/utils/syscalls/gcc/syscalls.o
 .debug_info    0x0000b448     0x1520 src/main.o

.debug_abbrev   0x00000000     0x277c
 .debug_abbrev  0x00000000      0x101 src/ASF/common/utils/stdio/read.o
 .debug_abbrev  0x00000101      0x325 src/ASF/sam/drivers/usart/usart.o
 .debug_abbrev  0x00000426       0xfb src/ASF/thirdparty/freertos/freertos-7.3.0/source/list.o
 .debug_abbrev  0x00000521      0x248 src/ASF/thirdparty/freertos/freertos-7.3.0/source/portable/gcc/sam/port.o
 .debug_abbrev  0x00000769      0x220 src/ASF/thirdparty/freertos/freertos-7.3.0/source/portable/memmang/heap_4.o
 .debug_abbrev  0x00000989      0x288 src/ASF/thirdparty/freertos/freertos-7.3.0/source/queue.o
 .debug_abbrev  0x00000c11      0x2db src/ASF/thirdparty/freertos/freertos-7.3.0/source/tasks.o
 .debug_abbrev  0x00000eec      0x27a src/ASF/thirdparty/freertos/freertos-7.3.0/source/timers.o
 .debug_abbrev  0x00001166       0xf5 src/ASF/common/utils/stdio/write.o
 .debug_abbrev  0x0000125b      0x1bd src/ASF/sam/drivers/uart/uart.o
 .debug_abbrev  0x00001418      0x241 src/ASF/common/services/clock/sam3x/sysclk.o
 .debug_abbrev  0x00001659      0x17a src/ASF/sam/boards/arduino_due_x/init.o
 .debug_abbrev  0x000017d3      0x2de src/ASF/sam/drivers/pio/pio.o
 .debug_abbrev  0x00001ab1      0x271 src/ASF/sam/drivers/pio/pio_handler.o
 .debug_abbrev  0x00001d22      0x268 src/ASF/sam/drivers/pmc/pmc.o
 .debug_abbrev  0x00001f8a       0x8f src/ASF/sam/utils/cmsis/sam3x/source/templates/exceptions.o
 .debug_abbrev  0x00002019      0x11b src/ASF/sam/utils/cmsis/sam3x/source/templates/gcc/startup_sam3x.o
 .debug_abbrev  0x00002134      0x115 src/ASF/sam/utils/cmsis/sam3x/source/templates/system_sam3x.o
 .debug_abbrev  0x00002249      0x14b src/ASF/sam/utils/syscalls/gcc/syscalls.o
 .debug_abbrev  0x00002394      0x3e8 src/main.o

.debug_loc      0x00000000     0x7226
 .debug_loc     0x00000000       0xd2 src/ASF/common/utils/stdio/read.o
 .debug_loc     0x000000d2     0x119a src/ASF/sam/drivers/usart/usart.o
 .debug_loc     0x0000126c       0x91 src/ASF/thirdparty/freertos/freertos-7.3.0/source/list.o
 .debug_loc     0x000012fd      0x100 src/ASF/thirdparty/freertos/freertos-7.3.0/source/portable/gcc/sam/port.o
 .debug_loc     0x000013fd      0x39b src/ASF/thirdparty/freertos/freertos-7.3.0/source/portable/memmang/heap_4.o
 .debug_loc     0x00001798     0x12d4 src/ASF/thirdparty/freertos/freertos-7.3.0/source/queue.o
 .debug_loc     0x00002a6c     0x154b src/ASF/thirdparty/freertos/freertos-7.3.0/source/tasks.o
 .debug_loc     0x00003fb7      0xa0e src/ASF/thirdparty/freertos/freertos-7.3.0/source/timers.o
 .debug_loc     0x000049c5      0x15d src/ASF/common/utils/stdio/write.o
 .debug_loc     0x00004b22      0x242 src/ASF/sam/drivers/uart/uart.o
 .debug_loc     0x00004d64      0x183 src/ASF/common/services/clock/sam3x/sysclk.o
 .debug_loc     0x00004ee7       0x70 src/ASF/sam/boards/arduino_due_x/init.o
 .debug_loc     0x00004f57      0xb2a src/ASF/sam/drivers/pio/pio.o
 .debug_loc     0x00005a81      0x542 src/ASF/sam/drivers/pio/pio_handler.o
 .debug_loc     0x00005fc3      0xd57 src/ASF/sam/drivers/pmc/pmc.o
 .debug_loc     0x00006d1a       0x5e src/ASF/sam/utils/cmsis/sam3x/source/templates/gcc/startup_sam3x.o
 .debug_loc     0x00006d78       0xdf src/ASF/sam/utils/syscalls/gcc/syscalls.o
 .debug_loc     0x00006e57      0x3cf src/main.o

.debug_aranges  0x00000000      0xc60
 .debug_aranges
                0x00000000       0x20 src/ASF/common/utils/stdio/read.o
 .debug_aranges
                0x00000020      0x2a8 src/ASF/sam/drivers/usart/usart.o
 .debug_aranges
                0x000002c8       0x40 src/ASF/thirdparty/freertos/freertos-7.3.0/source/list.o
 .debug_aranges
                0x00000308       0x80 src/ASF/thirdparty/freertos/freertos-7.3.0/source/portable/gcc/sam/port.o
 .debug_aranges
                0x00000388       0x40 src/ASF/thirdparty/freertos/freertos-7.3.0/source/portable/memmang/heap_4.o
 .debug_aranges
                0x000003c8       0xd0 src/ASF/thirdparty/freertos/freertos-7.3.0/source/queue.o
 .debug_aranges
                0x00000498      0x130 src/ASF/thirdparty/freertos/freertos-7.3.0/source/tasks.o
 .debug_aranges
                0x000005c8       0x60 src/ASF/thirdparty/freertos/freertos-7.3.0/source/timers.o
 .debug_aranges
                0x00000628       0x20 src/ASF/common/utils/stdio/write.o
 .debug_aranges
                0x00000648       0xe8 src/ASF/sam/drivers/uart/uart.o
 .debug_aranges
                0x00000730       0x40 src/ASF/common/services/clock/sam3x/sysclk.o
 .debug_aranges
                0x00000770       0x20 src/ASF/sam/boards/arduino_due_x/init.o
 .debug_aranges
                0x00000790      0x148 src/ASF/sam/drivers/pio/pio.o
 .debug_aranges
                0x000008d8       0x58 src/ASF/sam/drivers/pio/pio_handler.o
 .debug_aranges
                0x00000930      0x200 src/ASF/sam/drivers/pmc/pmc.o
 .debug_aranges
                0x00000b30       0x20 src/ASF/sam/utils/cmsis/sam3x/source/templates/exceptions.o
 .debug_aranges
                0x00000b50       0x20 src/ASF/sam/utils/cmsis/sam3x/source/templates/gcc/startup_sam3x.o
 .debug_aranges
                0x00000b70       0x30 src/ASF/sam/utils/cmsis/sam3x/source/templates/system_sam3x.o
 .debug_aranges
                0x00000ba0       0x60 src/ASF/sam/utils/syscalls/gcc/syscalls.o
 .debug_aranges
                0x00000c00       0x60 src/main.o

.debug_ranges   0x00000000      0xbc0
 .debug_ranges  0x00000000       0x10 src/ASF/common/utils/stdio/read.o
 .debug_ranges  0x00000010      0x298 src/ASF/sam/drivers/usart/usart.o
 .debug_ranges  0x000002a8       0x30 src/ASF/thirdparty/freertos/freertos-7.3.0/source/list.o
 .debug_ranges  0x000002d8       0x70 src/ASF/thirdparty/freertos/freertos-7.3.0/source/portable/gcc/sam/port.o
 .debug_ranges  0x00000348       0x30 src/ASF/thirdparty/freertos/freertos-7.3.0/source/portable/memmang/heap_4.o
 .debug_ranges  0x00000378       0xd8 src/ASF/thirdparty/freertos/freertos-7.3.0/source/queue.o
 .debug_ranges  0x00000450      0x150 src/ASF/thirdparty/freertos/freertos-7.3.0/source/tasks.o
 .debug_ranges  0x000005a0       0xa8 src/ASF/thirdparty/freertos/freertos-7.3.0/source/timers.o
 .debug_ranges  0x00000648       0x10 src/ASF/common/utils/stdio/write.o
 .debug_ranges  0x00000658       0xd8 src/ASF/sam/drivers/uart/uart.o
 .debug_ranges  0x00000730       0x30 src/ASF/common/services/clock/sam3x/sysclk.o
 .debug_ranges  0x00000760       0x10 src/ASF/sam/boards/arduino_due_x/init.o
 .debug_ranges  0x00000770      0x138 src/ASF/sam/drivers/pio/pio.o
 .debug_ranges  0x000008a8       0x48 src/ASF/sam/drivers/pio/pio_handler.o
 .debug_ranges  0x000008f0      0x1f0 src/ASF/sam/drivers/pmc/pmc.o
 .debug_ranges  0x00000ae0       0x10 src/ASF/sam/utils/cmsis/sam3x/source/templates/exceptions.o
 .debug_ranges  0x00000af0       0x10 src/ASF/sam/utils/cmsis/sam3x/source/templates/gcc/startup_sam3x.o
 .debug_ranges  0x00000b00       0x20 src/ASF/sam/utils/cmsis/sam3x/source/templates/system_sam3x.o
 .debug_ranges  0x00000b20       0x50 src/ASF/sam/utils/syscalls/gcc/syscalls.o
 .debug_ranges  0x00000b70       0x50 src/main.o

.debug_macro    0x00000000    0x18436
 .debug_macro   0x00000000      0x525 src/ASF/common/utils/stdio/read.o
 .debug_macro   0x00000525      0x898 src/ASF/common/utils/stdio/read.o
 .debug_macro   0x00000dbd      0x16d src/ASF/common/utils/stdio/read.o
 .debug_macro   0x00000f2a      0x652 src/ASF/common/utils/stdio/read.o
 .debug_macro   0x0000157c       0x76 src/ASF/common/utils/stdio/read.o
 .debug_macro   0x000015f2       0x16 src/ASF/common/utils/stdio/read.o
 .debug_macro   0x00001608      0x6e4 src/ASF/common/utils/stdio/read.o
 .debug_macro   0x00001cec       0x22 src/ASF/common/utils/stdio/read.o
 .debug_macro   0x00001d0e       0x87 src/ASF/common/utils/stdio/read.o
 .debug_macro   0x00001d95       0x44 src/ASF/common/utils/stdio/read.o
 .debug_macro   0x00001dd9       0xfd src/ASF/common/utils/stdio/read.o
 .debug_macro   0x00001ed6       0x22 src/ASF/common/utils/stdio/read.o
 .debug_macro   0x00001ef8      0x1df src/ASF/common/utils/stdio/read.o
 .debug_macro   0x000020d7       0x20 src/ASF/common/utils/stdio/read.o
 .debug_macro   0x000020f7       0x3a src/ASF/common/utils/stdio/read.o
 .debug_macro   0x00002131       0x2d src/ASF/common/utils/stdio/read.o
 .debug_macro   0x0000215e      0xbb1 src/ASF/common/utils/stdio/read.o
 .debug_macro   0x00002d0f      0xab6 src/ASF/common/utils/stdio/read.o
 .debug_macro   0x000037c5      0x569 src/ASF/common/utils/stdio/read.o
 .debug_macro   0x00003d2e      0x2b5 src/ASF/common/utils/stdio/read.o
 .debug_macro   0x00003fe3      0x31a src/ASF/common/utils/stdio/read.o
 .debug_macro   0x000042fd      0x74f src/ASF/common/utils/stdio/read.o
 .debug_macro   0x00004a4c       0x82 src/ASF/common/utils/stdio/read.o
 .debug_macro   0x00004ace      0x57b src/ASF/common/utils/stdio/read.o
 .debug_macro   0x00005049       0x1c src/ASF/common/utils/stdio/read.o
 .debug_macro   0x00005065      0x6b7 src/ASF/common/utils/stdio/read.o
 .debug_macro   0x0000571c      0x52d src/ASF/common/utils/stdio/read.o
 .debug_macro   0x00005c49       0xbe src/ASF/common/utils/stdio/read.o
 .debug_macro   0x00005d07     0x2342 src/ASF/common/utils/stdio/read.o
 .debug_macro   0x00008049      0x85d src/ASF/common/utils/stdio/read.o
 .debug_macro   0x000088a6      0xdc9 src/ASF/common/utils/stdio/read.o
 .debug_macro   0x0000966f       0x7c src/ASF/common/utils/stdio/read.o
 .debug_macro   0x000096eb      0x263 src/ASF/common/utils/stdio/read.o
 .debug_macro   0x0000994e       0x58 src/ASF/common/utils/stdio/read.o
 .debug_macro   0x000099a6      0x9a7 src/ASF/common/utils/stdio/read.o
 .debug_macro   0x0000a34d      0x248 src/ASF/common/utils/stdio/read.o
 .debug_macro   0x0000a595      0x4df src/ASF/common/utils/stdio/read.o
 .debug_macro   0x0000aa74      0x6b3 src/ASF/common/utils/stdio/read.o
 .debug_macro   0x0000b127      0x59f src/ASF/common/utils/stdio/read.o
 .debug_macro   0x0000b6c6       0x46 src/ASF/common/utils/stdio/read.o
 .debug_macro   0x0000b70c      0x34d src/ASF/common/utils/stdio/read.o
 .debug_macro   0x0000ba59      0x28c src/ASF/common/utils/stdio/read.o
 .debug_macro   0x0000bce5     0x14d7 src/ASF/common/utils/stdio/read.o
 .debug_macro   0x0000d1bc      0x7ba src/ASF/common/utils/stdio/read.o
 .debug_macro   0x0000d976       0x76 src/ASF/common/utils/stdio/read.o
 .debug_macro   0x0000d9ec       0x82 src/ASF/common/utils/stdio/read.o
 .debug_macro   0x0000da6e       0x76 src/ASF/common/utils/stdio/read.o
 .debug_macro   0x0000dae4       0x4c src/ASF/common/utils/stdio/read.o
 .debug_macro   0x0000db30      0x105 src/ASF/common/utils/stdio/read.o
 .debug_macro   0x0000dc35      0x105 src/ASF/common/utils/stdio/read.o
 .debug_macro   0x0000dd3a      0x105 src/ASF/common/utils/stdio/read.o
 .debug_macro   0x0000de3f       0x88 src/ASF/common/utils/stdio/read.o
 .debug_macro   0x0000dec7       0x88 src/ASF/common/utils/stdio/read.o
 .debug_macro   0x0000df4f      0x3b4 src/ASF/common/utils/stdio/read.o
 .debug_macro   0x0000e303       0xb8 src/ASF/common/utils/stdio/read.o
 .debug_macro   0x0000e3bb       0xb8 src/ASF/common/utils/stdio/read.o
 .debug_macro   0x0000e473       0xb8 src/ASF/common/utils/stdio/read.o
 .debug_macro   0x0000e52b       0xb8 src/ASF/common/utils/stdio/read.o
 .debug_macro   0x0000e5e3      0x2b8 src/ASF/common/utils/stdio/read.o
 .debug_macro   0x0000e89b      0x125 src/ASF/common/utils/stdio/read.o
 .debug_macro   0x0000e9c0      0x225 src/ASF/common/utils/stdio/read.o
 .debug_macro   0x0000ebe5      0x225 src/ASF/common/utils/stdio/read.o
 .debug_macro   0x0000ee0a       0x2e src/ASF/common/utils/stdio/read.o
 .debug_macro   0x0000ee38       0xac src/ASF/common/utils/stdio/read.o
 .debug_macro   0x0000eee4      0x14d src/ASF/common/utils/stdio/read.o
 .debug_macro   0x0000f031       0x7c src/ASF/common/utils/stdio/read.o
 .debug_macro   0x0000f0ad      0x205 src/ASF/common/utils/stdio/read.o
 .debug_macro   0x0000f2b2       0x64 src/ASF/common/utils/stdio/read.o
 .debug_macro   0x0000f316       0xa6 src/ASF/common/utils/stdio/read.o
 .debug_macro   0x0000f3bc       0x7c src/ASF/common/utils/stdio/read.o
 .debug_macro   0x0000f438       0x16 src/ASF/common/utils/stdio/read.o
 .debug_macro   0x0000f44e       0x22 src/ASF/common/utils/stdio/read.o
 .debug_macro   0x0000f470       0x22 src/ASF/common/utils/stdio/read.o
 .debug_macro   0x0000f492      0x115 src/ASF/common/utils/stdio/read.o
 .debug_macro   0x0000f5a7      0x115 src/ASF/common/utils/stdio/read.o
 .debug_macro   0x0000f6bc      0x115 src/ASF/common/utils/stdio/read.o
 .debug_macro   0x0000f7d1      0x115 src/ASF/common/utils/stdio/read.o
 .debug_macro   0x0000f8e6       0x1c src/ASF/common/utils/stdio/read.o
 .debug_macro   0x0000f902       0x2e src/ASF/common/utils/stdio/read.o
 .debug_macro   0x0000f930       0x22 src/ASF/common/utils/stdio/read.o
 .debug_macro   0x0000f952       0x1c src/ASF/common/utils/stdio/read.o
 .debug_macro   0x0000f96e       0x58 src/ASF/common/utils/stdio/read.o
 .debug_macro   0x0000f9c6       0x10 src/ASF/common/utils/stdio/read.o
 .debug_macro   0x0000f9d6      0x273 src/ASF/common/utils/stdio/read.o
 .debug_macro   0x0000fc49      0xd43 src/ASF/common/utils/stdio/read.o
 .debug_macro   0x0001098c      0x131 src/ASF/common/utils/stdio/read.o
 .debug_macro   0x00010abd       0x52 src/ASF/common/utils/stdio/read.o
 .debug_macro   0x00010b0f       0x35 src/ASF/common/utils/stdio/read.o
 .debug_macro   0x00010b44       0x9c src/ASF/common/utils/stdio/read.o
 .debug_macro   0x00010be0       0x16 src/ASF/common/utils/stdio/read.o
 .debug_macro   0x00010bf6       0x35 src/ASF/common/utils/stdio/read.o
 .debug_macro   0x00010c2b      0x330 src/ASF/common/utils/stdio/read.o
 .debug_macro   0x00010f5b       0x10 src/ASF/common/utils/stdio/read.o
 .debug_macro   0x00010f6b       0x52 src/ASF/common/utils/stdio/read.o
 .debug_macro   0x00010fbd       0x16 src/ASF/common/utils/stdio/read.o
 .debug_macro   0x00010fd3       0x43 src/ASF/common/utils/stdio/read.o
 .debug_macro   0x00011016      0x187 src/ASF/common/utils/stdio/read.o
 .debug_macro   0x0001119d       0x22 src/ASF/common/utils/stdio/read.o
 .debug_macro   0x000111bf       0x3a src/ASF/common/utils/stdio/read.o
 .debug_macro   0x000111f9       0x10 src/ASF/common/utils/stdio/read.o
 .debug_macro   0x00011209       0x40 src/ASF/common/utils/stdio/read.o
 .debug_macro   0x00011249       0x6c src/ASF/common/utils/stdio/read.o
 .debug_macro   0x000112b5       0x16 src/ASF/common/utils/stdio/read.o
 .debug_macro   0x000112cb      0x182 src/ASF/common/utils/stdio/read.o
 .debug_macro   0x0001144d       0x22 src/ASF/common/utils/stdio/read.o
 .debug_macro   0x0001146f       0x16 src/ASF/common/utils/stdio/read.o
 .debug_macro   0x00011485       0x16 src/ASF/common/utils/stdio/read.o
 .debug_macro   0x0001149b       0x29 src/ASF/common/utils/stdio/read.o
 .debug_macro   0x000114c4       0x75 src/ASF/common/utils/stdio/read.o
 .debug_macro   0x00011539       0x45 src/ASF/common/utils/stdio/read.o
 .debug_macro   0x0001157e      0x3ca src/ASF/common/utils/stdio/read.o
 .debug_macro   0x00011948      0x570 src/ASF/sam/drivers/usart/usart.o
 .debug_macro   0x00011eb8       0x28 src/ASF/sam/drivers/usart/usart.o
 .debug_macro   0x00011ee0      0x179 src/ASF/thirdparty/freertos/freertos-7.3.0/source/list.o
 .debug_macro   0x00012059      0x10e src/ASF/thirdparty/freertos/freertos-7.3.0/source/list.o
 .debug_macro   0x00012167       0x86 src/ASF/thirdparty/freertos/freertos-7.3.0/source/list.o
 .debug_macro   0x000121ed       0xfa src/ASF/thirdparty/freertos/freertos-7.3.0/source/list.o
 .debug_macro   0x000122e7      0x671 src/ASF/thirdparty/freertos/freertos-7.3.0/source/portable/gcc/sam/port.o
 .debug_macro   0x00012958       0x34 src/ASF/thirdparty/freertos/freertos-7.3.0/source/portable/gcc/sam/port.o
 .debug_macro   0x0001298c       0x26 src/ASF/thirdparty/freertos/freertos-7.3.0/source/portable/gcc/sam/port.o
 .debug_macro   0x000129b2      0x2b9 src/ASF/thirdparty/freertos/freertos-7.3.0/source/portable/gcc/sam/port.o
 .debug_macro   0x00012c6b      0x790 src/ASF/thirdparty/freertos/freertos-7.3.0/source/portable/gcc/sam/port.o
 .debug_macro   0x000133fb       0x5e src/ASF/thirdparty/freertos/freertos-7.3.0/source/portable/gcc/sam/port.o
 .debug_macro   0x00013459       0x64 src/ASF/thirdparty/freertos/freertos-7.3.0/source/portable/gcc/sam/port.o
 .debug_macro   0x000134bd       0x5f src/ASF/thirdparty/freertos/freertos-7.3.0/source/portable/gcc/sam/port.o
 .debug_macro   0x0001351c       0x90 src/ASF/thirdparty/freertos/freertos-7.3.0/source/portable/gcc/sam/port.o
 .debug_macro   0x000135ac      0x19a src/ASF/thirdparty/freertos/freertos-7.3.0/source/portable/memmang/heap_4.o
 .debug_macro   0x00013746      0x218 src/ASF/thirdparty/freertos/freertos-7.3.0/source/queue.o
 .debug_macro   0x0001395e       0x16 src/ASF/thirdparty/freertos/freertos-7.3.0/source/queue.o
 .debug_macro   0x00013974      0x2b9 src/ASF/thirdparty/freertos/freertos-7.3.0/source/tasks.o
 .debug_macro   0x00013c2d       0x97 src/ASF/thirdparty/freertos/freertos-7.3.0/source/tasks.o
 .debug_macro   0x00013cc4       0xf6 src/ASF/thirdparty/freertos/freertos-7.3.0/source/tasks.o
 .debug_macro   0x00013dba       0x5b src/ASF/thirdparty/freertos/freertos-7.3.0/source/tasks.o
 .debug_macro   0x00013e15       0x16 src/ASF/thirdparty/freertos/freertos-7.3.0/source/tasks.o
 .debug_macro   0x00013e2b      0x102 src/ASF/thirdparty/freertos/freertos-7.3.0/source/timers.o
 .debug_macro   0x00013f2d       0x96 src/ASF/thirdparty/freertos/freertos-7.3.0/source/timers.o
 .debug_macro   0x00013fc3      0x525 src/ASF/common/utils/stdio/write.o
 .debug_macro   0x000144e8      0x534 src/ASF/sam/drivers/uart/uart.o
 .debug_macro   0x00014a1c       0x16 src/ASF/sam/drivers/uart/uart.o
 .debug_macro   0x00014a32      0x5a5 src/ASF/common/services/clock/sam3x/sysclk.o
 .debug_macro   0x00014fd7      0x5e8 src/ASF/sam/boards/arduino_due_x/init.o
 .debug_macro   0x000155bf       0x16 src/ASF/sam/boards/arduino_due_x/init.o
 .debug_macro   0x000155d5       0x94 src/ASF/sam/boards/arduino_due_x/init.o
 .debug_macro   0x00015669       0x40 src/ASF/sam/boards/arduino_due_x/init.o
 .debug_macro   0x000156a9       0x6a src/ASF/sam/boards/arduino_due_x/init.o
 .debug_macro   0x00015713      0x540 src/ASF/sam/drivers/pio/pio.o
 .debug_macro   0x00015c53       0x8e src/ASF/sam/drivers/pio/pio.o
 .debug_macro   0x00015ce1      0x544 src/ASF/sam/drivers/pio/pio_handler.o
 .debug_macro   0x00016225      0x53a src/ASF/sam/drivers/pmc/pmc.o
 .debug_macro   0x0001675f       0x58 src/ASF/sam/drivers/pmc/pmc.o
 .debug_macro   0x000167b7      0x539 src/ASF/sam/utils/cmsis/sam3x/source/templates/exceptions.o
 .debug_macro   0x00016cf0      0x547 src/ASF/sam/utils/cmsis/sam3x/source/templates/gcc/startup_sam3x.o
 .debug_macro   0x00017237      0x547 src/ASF/sam/utils/cmsis/sam3x/source/templates/system_sam3x.o
 .debug_macro   0x0001777e      0x19c src/ASF/sam/utils/syscalls/gcc/syscalls.o
 .debug_macro   0x0001791a       0x52 src/ASF/sam/utils/syscalls/gcc/syscalls.o
 .debug_macro   0x0001796c       0x16 src/ASF/sam/utils/syscalls/gcc/syscalls.o
 .debug_macro   0x00017982       0x10 src/ASF/sam/utils/syscalls/gcc/syscalls.o
 .debug_macro   0x00017992       0x41 src/ASF/sam/utils/syscalls/gcc/syscalls.o
 .debug_macro   0x000179d3      0x122 src/ASF/sam/utils/syscalls/gcc/syscalls.o
 .debug_macro   0x00017af5      0x72a src/main.o
 .debug_macro   0x0001821f      0x100 src/main.o
 .debug_macro   0x0001831f       0x43 src/main.o
 .debug_macro   0x00018362       0x77 src/main.o
 .debug_macro   0x000183d9       0x5d src/main.o

.debug_line     0x00000000     0xde0a
 .debug_line    0x00000000      0xb27 src/ASF/common/utils/stdio/read.o
 .debug_line    0x00000b27     0x11e2 src/ASF/sam/drivers/usart/usart.o
 .debug_line    0x00001d09      0x465 src/ASF/thirdparty/freertos/freertos-7.3.0/source/list.o
 .debug_line    0x0000216e      0xe0f src/ASF/thirdparty/freertos/freertos-7.3.0/source/portable/gcc/sam/port.o
 .debug_line    0x00002f7d      0x4c0 src/ASF/thirdparty/freertos/freertos-7.3.0/source/portable/memmang/heap_4.o
 .debug_line    0x0000343d      0x7c1 src/ASF/thirdparty/freertos/freertos-7.3.0/source/queue.o
 .debug_line    0x00003bfe      0xa45 src/ASF/thirdparty/freertos/freertos-7.3.0/source/tasks.o
 .debug_line    0x00004643      0x4ef src/ASF/thirdparty/freertos/freertos-7.3.0/source/timers.o
 .debug_line    0x00004b32      0xb19 src/ASF/common/utils/stdio/write.o
 .debug_line    0x0000564b      0xcd1 src/ASF/sam/drivers/uart/uart.o
 .debug_line    0x0000631c      0xc8a src/ASF/common/services/clock/sam3x/sysclk.o
 .debug_line    0x00006fa6      0xd21 src/ASF/sam/boards/arduino_due_x/init.o
 .debug_line    0x00007cc7      0xe80 src/ASF/sam/drivers/pio/pio.o
 .debug_line    0x00008b47      0xbda src/ASF/sam/drivers/pio/pio_handler.o
 .debug_line    0x00009721     0x10ad src/ASF/sam/drivers/pmc/pmc.o
 .debug_line    0x0000a7ce      0xaf7 src/ASF/sam/utils/cmsis/sam3x/source/templates/exceptions.o
 .debug_line    0x0000b2c5      0xb41 src/ASF/sam/utils/cmsis/sam3x/source/templates/gcc/startup_sam3x.o
 .debug_line    0x0000be06      0xb5f src/ASF/sam/utils/cmsis/sam3x/source/templates/system_sam3x.o
 .debug_line    0x0000c965      0x3d1 src/ASF/sam/utils/syscalls/gcc/syscalls.o
 .debug_line    0x0000cd36     0x10d4 src/main.o

.debug_str      0x00000000    0x68e2f
 .debug_str     0x00000000    0x5ba1b src/ASF/common/utils/stdio/read.o
                              0x5bd41 (size before relaxing)
 .debug_str     0x0005ba1b      0xc86 src/ASF/sam/drivers/usart/usart.o
                              0x5c9b8 (size before relaxing)
 .debug_str     0x0005c6a1     0x1b7a src/ASF/thirdparty/freertos/freertos-7.3.0/source/list.o
                               0x7995 (size before relaxing)
 .debug_str     0x0005e21b     0x4550 src/ASF/thirdparty/freertos/freertos-7.3.0/source/portable/gcc/sam/port.o
                              0x61ca5 (size before relaxing)
 .debug_str     0x0006276b      0x240 src/ASF/thirdparty/freertos/freertos-7.3.0/source/portable/memmang/heap_4.o
                               0x7da9 (size before relaxing)
 .debug_str     0x000629ab      0x806 src/ASF/thirdparty/freertos/freertos-7.3.0/source/queue.o
                               0x8494 (size before relaxing)
 .debug_str     0x000631b1     0x1416 src/ASF/thirdparty/freertos/freertos-7.3.0/source/tasks.o
                               0x9fb5 (size before relaxing)
 .debug_str     0x000645c7      0xafe src/ASF/thirdparty/freertos/freertos-7.3.0/source/timers.o
                               0x6615 (size before relaxing)
 .debug_str     0x000650c5       0x2e src/ASF/common/utils/stdio/write.o
                              0x5bd43 (size before relaxing)
 .debug_str     0x000650f3      0x334 src/ASF/sam/drivers/uart/uart.o
                              0x5c107 (size before relaxing)
 .debug_str     0x00065427      0x258 src/ASF/common/services/clock/sam3x/sysclk.o
                              0x5fcba (size before relaxing)
 .debug_str     0x0006567f      0xa69 src/ASF/sam/boards/arduino_due_x/init.o
                              0x60474 (size before relaxing)
 .debug_str     0x000660e8      0x432 src/ASF/sam/drivers/pio/pio.o
                              0x5c6e6 (size before relaxing)
 .debug_str     0x0006651a      0x466 src/ASF/sam/drivers/pio/pio_handler.o
                              0x5c72e (size before relaxing)
 .debug_str     0x00066980      0x67e src/ASF/sam/drivers/pmc/pmc.o
                              0x5c75c (size before relaxing)
 .debug_str     0x00066ffe       0x4d src/ASF/sam/utils/cmsis/sam3x/source/templates/exceptions.o
                              0x5bd5b (size before relaxing)
 .debug_str     0x0006704b       0xb2 src/ASF/sam/utils/cmsis/sam3x/source/templates/gcc/startup_sam3x.o
                              0x5be30 (size before relaxing)
 .debug_str     0x000670fd      0x1cd src/ASF/sam/utils/cmsis/sam3x/source/templates/system_sam3x.o
                              0x5c043 (size before relaxing)
 .debug_str     0x000672ca      0x74f src/ASF/sam/utils/syscalls/gcc/syscalls.o
                               0x69a4 (size before relaxing)
 .debug_str     0x00067a19     0x1416 src/main.o
                              0x645f7 (size before relaxing)

.debug_frame    0x00000000     0x28e8
 .debug_frame   0x00000000       0x48 src/ASF/common/utils/stdio/read.o
 .debug_frame   0x00000048      0x5cc src/ASF/sam/drivers/usart/usart.o
 .debug_frame   0x00000614       0x6c src/ASF/thirdparty/freertos/freertos-7.3.0/source/list.o
 .debug_frame   0x00000680      0x100 src/ASF/thirdparty/freertos/freertos-7.3.0/source/portable/gcc/sam/port.o
 .debug_frame   0x00000780       0x84 src/ASF/thirdparty/freertos/freertos-7.3.0/source/portable/memmang/heap_4.o
 .debug_frame   0x00000804      0x288 src/ASF/thirdparty/freertos/freertos-7.3.0/source/queue.o