../Thirdparty/SEGGER/SEGGER/SEGGER_SYSVIEW.c:425:12:_EncodeData	32	static
../Thirdparty/SEGGER/SEGGER/SEGGER_SYSVIEW.c:470:12:_EncodeStr	32	static
../Thirdparty/SEGGER/SEGGER/SEGGER_SYSVIEW.c:524:12:_PreparePacket	16	static
../Thirdparty/SEGGER/SEGGER/SEGGER_SYSVIEW.c:541:13:_HandleIncomingPacket	16	static
../Thirdparty/SEGGER/SEGGER/SEGGER_SYSVIEW.c:608:12:_TrySendOverflowPacket	56	static
../Thirdparty/SEGGER/SEGGER/SEGGER_SYSVIEW.c:712:13:_SendPacket	48	static
../Thirdparty/SEGGER/SEGGER/SEGGER_SYSVIEW.c:917:12:_VPrintHost	144	static,ignoring_inline_asm
../Thirdparty/SEGGER/SEGGER/SEGGER_SYSVIEW.c:998:13:_StoreChar	48	static
../Thirdparty/SEGGER/SEGGER/SEGGER_SYSVIEW.c:1040:13:_PrintUnsigned	48	static
../Thirdparty/SEGGER/SEGGER/SEGGER_SYSVIEW.c:1131:13:_PrintInt	40	static
../Thirdparty/SEGGER/SEGGER/SEGGER_SYSVIEW.c:1204:13:_VPrintTarget	104	static,ignoring_inline_asm
../Thirdparty/SEGGER/SEGGER/SEGGER_SYSVIEW.c:1395:6:SEGGER_SYSVIEW_Init	32	static
../Thirdparty/SEGGER/SEGGER/SEGGER_SYSVIEW.c:1446:6:SEGGER_SYSVIEW_SetRAMBase	16	static
../Thirdparty/SEGGER/SEGGER/SEGGER_SYSVIEW.c:1460:6:SEGGER_SYSVIEW_RecordVoid	24	static,ignoring_inline_asm
../Thirdparty/SEGGER/SEGGER/SEGGER_SYSVIEW.c:1480:6:SEGGER_SYSVIEW_RecordU32	40	static,ignoring_inline_asm
../Thirdparty/SEGGER/SEGGER/SEGGER_SYSVIEW.c:1503:6:SEGGER_SYSVIEW_RecordU32x2	56	static,ignoring_inline_asm
../Thirdparty/SEGGER/SEGGER/SEGGER_SYSVIEW.c:1528:6:SEGGER_SYSVIEW_RecordU32x3	64	static,ignoring_inline_asm
../Thirdparty/SEGGER/SEGGER/SEGGER_SYSVIEW.c:1555:6:SEGGER_SYSVIEW_RecordU32x4	72	static,ignoring_inline_asm
../Thirdparty/SEGGER/SEGGER/SEGGER_SYSVIEW.c:1584:6:SEGGER_SYSVIEW_RecordU32x5	80	static,ignoring_inline_asm
../Thirdparty/SEGGER/SEGGER/SEGGER_SYSVIEW.c:1615:6:SEGGER_SYSVIEW_RecordU32x6	88	static,ignoring_inline_asm
../Thirdparty/SEGGER/SEGGER/SEGGER_SYSVIEW.c:1648:6:SEGGER_SYSVIEW_RecordU32x7	96	static,ignoring_inline_asm
../Thirdparty/SEGGER/SEGGER/SEGGER_SYSVIEW.c:1683:6:SEGGER_SYSVIEW_RecordU32x8	104	static,ignoring_inline_asm
../Thirdparty/SEGGER/SEGGER/SEGGER_SYSVIEW.c:1720:6:SEGGER_SYSVIEW_RecordU32x9	112	static,ignoring_inline_asm
../Thirdparty/SEGGER/SEGGER/SEGGER_SYSVIEW.c:1759:6:SEGGER_SYSVIEW_RecordU32x10	120	static,ignoring_inline_asm
../Thirdparty/SEGGER/SEGGER/SEGGER_SYSVIEW.c:1794:6:SEGGER_SYSVIEW_RecordString	32	static,ignoring_inline_asm
../Thirdparty/SEGGER/SEGGER/SEGGER_SYSVIEW.c:1830:6:SEGGER_SYSVIEW_Start	56	static,ignoring_inline_asm
../Thirdparty/SEGGER/SEGGER/SEGGER_SYSVIEW.c:1885:6:SEGGER_SYSVIEW_Stop	16	static,ignoring_inline_asm
../Thirdparty/SEGGER/SEGGER/SEGGER_SYSVIEW.c:1903:5:SEGGER_SYSVIEW_GetChannelID	4	static
../Thirdparty/SEGGER/SEGGER/SEGGER_SYSVIEW.c:1915:6:SEGGER_SYSVIEW_GetSysDesc	56	static,ignoring_inline_asm
../Thirdparty/SEGGER/SEGGER/SEGGER_SYSVIEW.c:1943:6:SEGGER_SYSVIEW_SendTaskInfo	80	static,ignoring_inline_asm
../Thirdparty/SEGGER/SEGGER/SEGGER_SYSVIEW.c:1975:6:SEGGER_SYSVIEW_SendStackInfo	64	static,ignoring_inline_asm
../Thirdparty/SEGGER/SEGGER/SEGGER_SYSVIEW.c:1996:6:SEGGER_SYSVIEW_SendTaskList	8	static
../Thirdparty/SEGGER/SEGGER/SEGGER_SYSVIEW.c:2026:6:SEGGER_SYSVIEW_SendSysDesc	32	static,ignoring_inline_asm
../Thirdparty/SEGGER/SEGGER/SEGGER_SYSVIEW.c:2044:6:SEGGER_SYSVIEW_RecordSystime	24	static
../Thirdparty/SEGGER/SEGGER/SEGGER_SYSVIEW.c:2068:6:SEGGER_SYSVIEW_RecordEnterISR	32	static,ignoring_inline_asm
../Thirdparty/SEGGER/SEGGER/SEGGER_SYSVIEW.c:2095:6:SEGGER_SYSVIEW_RecordExitISR	16	static,ignoring_inline_asm
../Thirdparty/SEGGER/SEGGER/SEGGER_SYSVIEW.c:2117:6:SEGGER_SYSVIEW_RecordExitISRToScheduler	16	static,ignoring_inline_asm
../Thirdparty/SEGGER/SEGGER/SEGGER_SYSVIEW.c:2135:6:SEGGER_SYSVIEW_RecordEnterTimer	40	static,ignoring_inline_asm
../Thirdparty/SEGGER/SEGGER/SEGGER_SYSVIEW.c:2153:6:SEGGER_SYSVIEW_RecordExitTimer	16	static,ignoring_inline_asm
../Thirdparty/SEGGER/SEGGER/SEGGER_SYSVIEW.c:2171:6:SEGGER_SYSVIEW_RecordEndCall	40	static,ignoring_inline_asm
../Thirdparty/SEGGER/SEGGER/SEGGER_SYSVIEW.c:2193:6:SEGGER_SYSVIEW_RecordEndCallU32	48	static,ignoring_inline_asm
../Thirdparty/SEGGER/SEGGER/SEGGER_SYSVIEW.c:2212:6:SEGGER_SYSVIEW_OnIdle	16	static,ignoring_inline_asm
../Thirdparty/SEGGER/SEGGER/SEGGER_SYSVIEW.c:2231:6:SEGGER_SYSVIEW_OnTaskCreate	40	static,ignoring_inline_asm
../Thirdparty/SEGGER/SEGGER/SEGGER_SYSVIEW.c:2256:6:SEGGER_SYSVIEW_OnTaskTerminate	40	static,ignoring_inline_asm
../Thirdparty/SEGGER/SEGGER/SEGGER_SYSVIEW.c:2280:6:SEGGER_SYSVIEW_OnTaskStartExec	40	static,ignoring_inline_asm
../Thirdparty/SEGGER/SEGGER/SEGGER_SYSVIEW.c:2300:6:SEGGER_SYSVIEW_OnTaskStopExec	16	static,ignoring_inline_asm
../Thirdparty/SEGGER/SEGGER/SEGGER_SYSVIEW.c:2318:6:SEGGER_SYSVIEW_OnTaskStartReady	40	static,ignoring_inline_asm
../Thirdparty/SEGGER/SEGGER/SEGGER_SYSVIEW.c:2341:6:SEGGER_SYSVIEW_OnTaskStopReady	48	static,ignoring_inline_asm
../Thirdparty/SEGGER/SEGGER/SEGGER_SYSVIEW.c:2364:6:SEGGER_SYSVIEW_MarkStart	40	static,ignoring_inline_asm
../Thirdparty/SEGGER/SEGGER/SEGGER_SYSVIEW.c:2385:6:SEGGER_SYSVIEW_MarkStop	40	static,ignoring_inline_asm
../Thirdparty/SEGGER/SEGGER/SEGGER_SYSVIEW.c:2406:6:SEGGER_SYSVIEW_Mark	48	static,ignoring_inline_asm
../Thirdparty/SEGGER/SEGGER/SEGGER_SYSVIEW.c:2433:6:SEGGER_SYSVIEW_NameMarker	48	static,ignoring_inline_asm
../Thirdparty/SEGGER/SEGGER/SEGGER_SYSVIEW.c:2461:6:SEGGER_SYSVIEW_NameResource	40	static,ignoring_inline_asm
../Thirdparty/SEGGER/SEGGER/SEGGER_SYSVIEW.c:2502:6:SEGGER_SYSVIEW_HeapDefine	80	static,ignoring_inline_asm
../Thirdparty/SEGGER/SEGGER/SEGGER_SYSVIEW.c:2551:6:SEGGER_SYSVIEW_HeapAlloc	72	static,ignoring_inline_asm
../Thirdparty/SEGGER/SEGGER/SEGGER_SYSVIEW.c:2603:6:SEGGER_SYSVIEW_HeapAllocEx	80	static,ignoring_inline_asm
../Thirdparty/SEGGER/SEGGER/SEGGER_SYSVIEW.c:2633:6:SEGGER_SYSVIEW_HeapFree	56	static,ignoring_inline_asm
../Thirdparty/SEGGER/SEGGER/SEGGER_SYSVIEW.c:2663:5:SEGGER_SYSVIEW_SendPacket	32	static,ignoring_inline_asm
../Thirdparty/SEGGER/SEGGER/SEGGER_SYSVIEW.c:2690:5:SEGGER_SYSVIEW_EncodeU32	24	static
../Thirdparty/SEGGER/SEGGER/SEGGER_SYSVIEW.c:2717:5:SEGGER_SYSVIEW_EncodeString	24	static
../Thirdparty/SEGGER/SEGGER/SEGGER_SYSVIEW.c:2743:5:SEGGER_SYSVIEW_EncodeData	24	static
../Thirdparty/SEGGER/SEGGER/SEGGER_SYSVIEW.c:2771:5:SEGGER_SYSVIEW_EncodeId	24	static
../Thirdparty/SEGGER/SEGGER/SEGGER_SYSVIEW.c:2799:5:SEGGER_SYSVIEW_ShrinkId	16	static
../Thirdparty/SEGGER/SEGGER/SEGGER_SYSVIEW.c:2821:6:SEGGER_SYSVIEW_RegisterModule	24	static,ignoring_inline_asm
../Thirdparty/SEGGER/SEGGER/SEGGER_SYSVIEW.c:2859:6:SEGGER_SYSVIEW_RecordModuleDescription	56	static,ignoring_inline_asm
../Thirdparty/SEGGER/SEGGER/SEGGER_SYSVIEW.c:2900:6:SEGGER_SYSVIEW_SendModule	56	static,ignoring_inline_asm
../Thirdparty/SEGGER/SEGGER/SEGGER_SYSVIEW.c:2942:6:SEGGER_SYSVIEW_SendModuleDescription	16	static
../Thirdparty/SEGGER/SEGGER/SEGGER_SYSVIEW.c:2963:6:SEGGER_SYSVIEW_SendNumModules	32	static,ignoring_inline_asm
../Thirdparty/SEGGER/SEGGER/SEGGER_SYSVIEW.c:2990:6:SEGGER_SYSVIEW_PrintfHostEx	28	static
../Thirdparty/SEGGER/SEGGER/SEGGER_SYSVIEW.c:3027:6:SEGGER_SYSVIEW_VPrintfHostEx	24	static
../Thirdparty/SEGGER/SEGGER/SEGGER_SYSVIEW.c:3057:6:SEGGER_SYSVIEW_PrintfHost	16	static
../Thirdparty/SEGGER/SEGGER/SEGGER_SYSVIEW.c:3092:6:SEGGER_SYSVIEW_VPrintfHost	16	static
../Thirdparty/SEGGER/SEGGER/SEGGER_SYSVIEW.c:3123:6:SEGGER_SYSVIEW_WarnfHost	16	static
../Thirdparty/SEGGER/SEGGER/SEGGER_SYSVIEW.c:3159:6:SEGGER_SYSVIEW_VWarnfHost	16	static
../Thirdparty/SEGGER/SEGGER/SEGGER_SYSVIEW.c:3190:6:SEGGER_SYSVIEW_ErrorfHost	16	static
../Thirdparty/SEGGER/SEGGER/SEGGER_SYSVIEW.c:3226:6:SEGGER_SYSVIEW_VErrorfHost	16	static
../Thirdparty/SEGGER/SEGGER/SEGGER_SYSVIEW.c:3255:6:SEGGER_SYSVIEW_PrintfTargetEx	28	static
../Thirdparty/SEGGER/SEGGER/SEGGER_SYSVIEW.c:3276:6:SEGGER_SYSVIEW_VPrintfTargetEx	24	static
../Thirdparty/SEGGER/SEGGER/SEGGER_SYSVIEW.c:3291:6:SEGGER_SYSVIEW_PrintfTarget	16	static
../Thirdparty/SEGGER/SEGGER/SEGGER_SYSVIEW.c:3311:6:SEGGER_SYSVIEW_VPrintfTarget	16	static
../Thirdparty/SEGGER/SEGGER/SEGGER_SYSVIEW.c:3326:6:SEGGER_SYSVIEW_WarnfTarget	16	static
../Thirdparty/SEGGER/SEGGER/SEGGER_SYSVIEW.c:3346:6:SEGGER_SYSVIEW_VWarnfTarget	16	static
../Thirdparty/SEGGER/SEGGER/SEGGER_SYSVIEW.c:3361:6:SEGGER_SYSVIEW_ErrorfTarget	16	static
../Thirdparty/SEGGER/SEGGER/SEGGER_SYSVIEW.c:3381:6:SEGGER_SYSVIEW_VErrorfTarget	16	static
../Thirdparty/SEGGER/SEGGER/SEGGER_SYSVIEW.c:3396:6:SEGGER_SYSVIEW_Print	48	static,ignoring_inline_asm
../Thirdparty/SEGGER/SEGGER/SEGGER_SYSVIEW.c:3418:6:SEGGER_SYSVIEW_Warn	48	static,ignoring_inline_asm
../Thirdparty/SEGGER/SEGGER/SEGGER_SYSVIEW.c:3440:6:SEGGER_SYSVIEW_Error	48	static,ignoring_inline_asm
../Thirdparty/SEGGER/SEGGER/SEGGER_SYSVIEW.c:3462:6:SEGGER_SYSVIEW_EnableEvents	16	static
../Thirdparty/SEGGER/SEGGER/SEGGER_SYSVIEW.c:3476:6:SEGGER_SYSVIEW_DisableEvents	16	static
../Thirdparty/SEGGER/SEGGER/SEGGER_SYSVIEW.c:3491:5:SEGGER_SYSVIEW_IsStarted	8	static
