../Drivers/STM32F4xx_HAL_Driver/Src/stm32f4xx_hal.c:157:19:HAL_Init	8	static
../Drivers/STM32F4xx_HAL_Driver/Src/stm32f4xx_hal.c:190:19:HAL_DeInit	8	static
../Drivers/STM32F4xx_HAL_Driver/Src/stm32f4xx_hal.c:219:13:HAL_MspInit	4	static
../Drivers/STM32F4xx_HAL_Driver/Src/stm32f4xx_hal.c:230:13:HAL_MspDeInit	4	static
../Drivers/STM32F4xx_HAL_Driver/Src/stm32f4xx_hal.c:253:26:HAL_InitTick	16	static
../Drivers/STM32F4xx_HAL_Driver/Src/stm32f4xx_hal.c:312:13:HAL_IncTick	4	static
../Drivers/STM32F4xx_HAL_Driver/Src/stm32f4xx_hal.c:323:17:HAL_GetTick	4	static
../Drivers/STM32F4xx_HAL_Driver/Src/stm32f4xx_hal.c:332:10:HAL_GetTickPrio	4	static
../Drivers/STM32F4xx_HAL_Driver/Src/stm32f4xx_hal.c:341:19:HAL_SetTickFreq	24	static
../Drivers/STM32F4xx_HAL_Driver/Src/stm32f4xx_hal.c:374:21:HAL_GetTickFreq	4	static
../Drivers/STM32F4xx_HAL_Driver/Src/stm32f4xx_hal.c:390:13:HAL_Delay	24	static
../Drivers/STM32F4xx_HAL_Driver/Src/stm32f4xx_hal.c:416:13:HAL_SuspendTick	4	static
../Drivers/STM32F4xx_HAL_Driver/Src/stm32f4xx_hal.c:432:13:HAL_ResumeTick	4	static
../Drivers/STM32F4xx_HAL_Driver/Src/stm32f4xx_hal.c:442:10:HAL_GetHalVersion	4	static
../Drivers/STM32F4xx_HAL_Driver/Src/stm32f4xx_hal.c:451:10:HAL_GetREVID	4	static
../Drivers/STM32F4xx_HAL_Driver/Src/stm32f4xx_hal.c:460:10:HAL_GetDEVID	4	static
../Drivers/STM32F4xx_HAL_Driver/Src/stm32f4xx_hal.c:469:6:HAL_DBGMCU_EnableDBGSleepMode	4	static
../Drivers/STM32F4xx_HAL_Driver/Src/stm32f4xx_hal.c:478:6:HAL_DBGMCU_DisableDBGSleepMode	4	static
../Drivers/STM32F4xx_HAL_Driver/Src/stm32f4xx_hal.c:487:6:HAL_DBGMCU_EnableDBGStopMode	4	static
../Drivers/STM32F4xx_HAL_Driver/Src/stm32f4xx_hal.c:496:6:HAL_DBGMCU_DisableDBGStopMode	4	static
../Drivers/STM32F4xx_HAL_Driver/Src/stm32f4xx_hal.c:505:6:HAL_DBGMCU_EnableDBGStandbyMode	4	static
../Drivers/STM32F4xx_HAL_Driver/Src/stm32f4xx_hal.c:514:6:HAL_DBGMCU_DisableDBGStandbyMode	4	static
../Drivers/STM32F4xx_HAL_Driver/Src/stm32f4xx_hal.c:525:6:HAL_EnableCompensationCell	4	static
../Drivers/STM32F4xx_HAL_Driver/Src/stm32f4xx_hal.c:536:6:HAL_DisableCompensationCell	4	static
../Drivers/STM32F4xx_HAL_Driver/Src/stm32f4xx_hal.c:545:10:HAL_GetUIDw0	4	static
../Drivers/STM32F4xx_HAL_Driver/Src/stm32f4xx_hal.c:554:10:HAL_GetUIDw1	4	static
../Drivers/STM32F4xx_HAL_Driver/Src/stm32f4xx_hal.c:563:10:HAL_GetUIDw2	4	static
