../Drivers/CMSIS/Include/core_cm4.h:1653:22:__NVIC_SetPriorityGrouping	24	static
../Drivers/CMSIS/Include/core_cm4.h:1672:26:__NVIC_GetPriorityGrouping	4	static
../Drivers/CMSIS/Include/core_cm4.h:1684:22:__NVIC_EnableIRQ	16	static,ignoring_inline_asm
../Drivers/CMSIS/Include/core_cm4.h:1722:22:__NVIC_DisableIRQ	16	static,ignoring_inline_asm
../Drivers/CMSIS/Include/core_cm4.h:1741:26:__NVIC_GetPendingIRQ	16	static
../Drivers/CMSIS/Include/core_cm4.h:1760:22:__NVIC_SetPendingIRQ	16	static
../Drivers/CMSIS/Include/core_cm4.h:1775:22:__NVIC_ClearPendingIRQ	16	static
../Drivers/CMSIS/Include/core_cm4.h:1792:26:__NVIC_GetActive	16	static
../Drivers/CMSIS/Include/core_cm4.h:1814:22:__NVIC_SetPriority	16	static
../Drivers/CMSIS/Include/core_cm4.h:1836:26:__NVIC_GetPriority	16	static
../Drivers/CMSIS/Include/core_cm4.h:1861:26:NVIC_EncodePriority	40	static
../Drivers/CMSIS/Include/core_cm4.h:1888:22:NVIC_DecodePriority	40	static
../Drivers/CMSIS/Include/core_cm4.h:1938:34:__NVIC_SystemReset	4	static,ignoring_inline_asm
../Drivers/CMSIS/Include/core_cm4.h:2022:26:SysTick_Config	16	static
../Drivers/STM32F4xx_HAL_Driver/Src/stm32f4xx_hal_cortex.c:141:6:HAL_NVIC_SetPriorityGrouping	16	static
../Drivers/STM32F4xx_HAL_Driver/Src/stm32f4xx_hal_cortex.c:163:6:HAL_NVIC_SetPriority	32	static
../Drivers/STM32F4xx_HAL_Driver/Src/stm32f4xx_hal_cortex.c:185:6:HAL_NVIC_EnableIRQ	16	static
../Drivers/STM32F4xx_HAL_Driver/Src/stm32f4xx_hal_cortex.c:201:6:HAL_NVIC_DisableIRQ	16	static
../Drivers/STM32F4xx_HAL_Driver/Src/stm32f4xx_hal_cortex.c:214:6:HAL_NVIC_SystemReset	8	static
../Drivers/STM32F4xx_HAL_Driver/Src/stm32f4xx_hal_cortex.c:227:10:HAL_SYSTICK_Config	16	static
../Drivers/STM32F4xx_HAL_Driver/Src/stm32f4xx_hal_cortex.c:256:6:HAL_MPU_Disable	4	static,ignoring_inline_asm
../Drivers/STM32F4xx_HAL_Driver/Src/stm32f4xx_hal_cortex.c:279:6:HAL_MPU_Enable	16	static,ignoring_inline_asm
../Drivers/STM32F4xx_HAL_Driver/Src/stm32f4xx_hal_cortex.c:298:6:HAL_MPU_ConfigRegion	16	static
../Drivers/STM32F4xx_HAL_Driver/Src/stm32f4xx_hal_cortex.c:342:6:HAL_CORTEX_ClearEvent	4	static,ignoring_inline_asm
../Drivers/STM32F4xx_HAL_Driver/Src/stm32f4xx_hal_cortex.c:352:10:HAL_NVIC_GetPriorityGrouping	8	static
../Drivers/STM32F4xx_HAL_Driver/Src/stm32f4xx_hal_cortex.c:379:6:HAL_NVIC_GetPriority	24	static
../Drivers/STM32F4xx_HAL_Driver/Src/stm32f4xx_hal_cortex.c:394:6:HAL_NVIC_SetPendingIRQ	16	static
../Drivers/STM32F4xx_HAL_Driver/Src/stm32f4xx_hal_cortex.c:412:10:HAL_NVIC_GetPendingIRQ	16	static
../Drivers/STM32F4xx_HAL_Driver/Src/stm32f4xx_hal_cortex.c:428:6:HAL_NVIC_ClearPendingIRQ	16	static
../Drivers/STM32F4xx_HAL_Driver/Src/stm32f4xx_hal_cortex.c:445:10:HAL_NVIC_GetActive	16	static
../Drivers/STM32F4xx_HAL_Driver/Src/stm32f4xx_hal_cortex.c:462:6:HAL_SYSTICK_CLKSourceConfig	16	static
../Drivers/STM32F4xx_HAL_Driver/Src/stm32f4xx_hal_cortex.c:480:6:HAL_SYSTICK_IRQHandler	8	static
../Drivers/STM32F4xx_HAL_Driver/Src/stm32f4xx_hal_cortex.c:489:13:HAL_SYSTICK_Callback	4	static
