13:02:58 **** Build of configuration Debug for project Freertos-1 ****
make all 
Building file: ../system/src/newlib/_cxx.cpp
Invoking: GNU ARM Cross C++ Compiler
arm-none-eabi-g++ -mcpu=cortex-m4 -mthumb -mfloat-abi=hard -mfpu=fpv4-sp-d16 -Og -fmessage-length=0 -fsigned-char -ffunction-sections -fdata-sections -ffreestanding -fno-move-loop-invariants -Wall -Wextra  -g3 -DDEBUG -DTRACE -DOS_USE_TRACE_SEMIHOSTING_DEBUG -I"../include" -I"../system/include" -I"../system/include/cmsis" -I"../system/include/stm32f4xx" -std=gnu++11 -fabi-version=0 -MMD -MP -MF"system/src/newlib/_cxx.d" -MT"system/src/newlib/_cxx.o" -c -o "system/src/newlib/_cxx.o" "../system/src/newlib/_cxx.cpp"
Finished building: ../system/src/newlib/_cxx.cpp
 
Building file: ../system/src/newlib/_exit.c
Invoking: GNU ARM Cross C Compiler
arm-none-eabi-gcc -mcpu=cortex-m4 -mthumb -mfloat-abi=hard -mfpu=fpv4-sp-d16 -Og -fmessage-length=0 -fsigned-char -ffunction-sections -fdata-sections -ffreestanding -fno-move-loop-invariants -Wall -Wextra  -g3 -DDEBUG -DSTM32F446xx -DTRACE -DOS_USE_TRACE_SEMIHOSTING_DEBUG -I"../include" -I"E:\Workspace\EclipseWorkspace\demo\Freertos-1\FreeRTOSv9.0\Source\include" -I"../system/include" -I"../system/include/cmsis" -I"../system/include/stm32f4xx" -I"E:\Workspace\EclipseWorkspace\demo\Freertos-1\FreeRTOSv9.0\Source\portable\GCC\ARM_CM4F" -I"E:\Workspace\EclipseWorkspace\demo\FreeRTOS-HelloWorld\config" -std=gnu11 -MMD -MP -MF"system/src/newlib/_exit.d" -MT"system/src/newlib/_exit.o" -c -o "system/src/newlib/_exit.o" "../system/src/newlib/_exit.c"
Finished building: ../system/src/newlib/_exit.c
 
Building file: ../system/src/newlib/_sbrk.c
Invoking: GNU ARM Cross C Compiler
arm-none-eabi-gcc -mcpu=cortex-m4 -mthumb -mfloat-abi=hard -mfpu=fpv4-sp-d16 -Og -fmessage-length=0 -fsigned-char -ffunction-sections -fdata-sections -ffreestanding -fno-move-loop-invariants -Wall -Wextra  -g3 -DDEBUG -DSTM32F446xx -DTRACE -DOS_USE_TRACE_SEMIHOSTING_DEBUG -I"../include" -I"E:\Workspace\EclipseWorkspace\demo\Freertos-1\FreeRTOSv9.0\Source\include" -I"../system/include" -I"../system/include/cmsis" -I"../system/include/stm32f4xx" -I"E:\Workspace\EclipseWorkspace\demo\Freertos-1\FreeRTOSv9.0\Source\portable\GCC\ARM_CM4F" -I"E:\Workspace\EclipseWorkspace\demo\FreeRTOS-HelloWorld\config" -std=gnu11 -MMD -MP -MF"system/src/newlib/_sbrk.d" -MT"system/src/newlib/_sbrk.o" -c -o "system/src/newlib/_sbrk.o" "../system/src/newlib/_sbrk.c"
Finished building: ../system/src/newlib/_sbrk.c
 
Building file: ../system/src/newlib/_startup.c
Invoking: GNU ARM Cross C Compiler
arm-none-eabi-gcc -mcpu=cortex-m4 -mthumb -mfloat-abi=hard -mfpu=fpv4-sp-d16 -Og -fmessage-length=0 -fsigned-char -ffunction-sections -fdata-sections -ffreestanding -fno-move-loop-invariants -Wall -Wextra  -g3 -DDEBUG -DSTM32F446xx -DTRACE -DOS_USE_TRACE_SEMIHOSTING_DEBUG -I"../include" -I"E:\Workspace\EclipseWorkspace\demo\Freertos-1\FreeRTOSv9.0\Source\include" -I"../system/include" -I"../system/include/cmsis" -I"../system/include/stm32f4xx" -I"E:\Workspace\EclipseWorkspace\demo\Freertos-1\FreeRTOSv9.0\Source\portable\GCC\ARM_CM4F" -I"E:\Workspace\EclipseWorkspace\demo\FreeRTOS-HelloWorld\config" -std=gnu11 -MMD -MP -MF"system/src/newlib/_startup.d" -MT"system/src/newlib/_startup.o" -c -o "system/src/newlib/_startup.o" "../system/src/newlib/_startup.c"
Finished building: ../system/src/newlib/_startup.c
 
Building file: ../system/src/newlib/_syscalls.c
Invoking: GNU ARM Cross C Compiler
arm-none-eabi-gcc -mcpu=cortex-m4 -mthumb -mfloat-abi=hard -mfpu=fpv4-sp-d16 -Og -fmessage-length=0 -fsigned-char -ffunction-sections -fdata-sections -ffreestanding -fno-move-loop-invariants -Wall -Wextra  -g3 -DDEBUG -DSTM32F446xx -DTRACE -DOS_USE_TRACE_SEMIHOSTING_DEBUG -I"../include" -I"E:\Workspace\EclipseWorkspace\demo\Freertos-1\FreeRTOSv9.0\Source\include" -I"../system/include" -I"../system/include/cmsis" -I"../system/include/stm32f4xx" -I"E:\Workspace\EclipseWorkspace\demo\Freertos-1\FreeRTOSv9.0\Source\portable\GCC\ARM_CM4F" -I"E:\Workspace\EclipseWorkspace\demo\FreeRTOS-HelloWorld\config" -std=gnu11 -MMD -MP -MF"system/src/newlib/_syscalls.d" -MT"system/src/newlib/_syscalls.o" -c -o "system/src/newlib/_syscalls.o" "../system/src/newlib/_syscalls.c"
Finished building: ../system/src/newlib/_syscalls.c
 
Building file: ../system/src/newlib/assert.c
Invoking: GNU ARM Cross C Compiler
arm-none-eabi-gcc -mcpu=cortex-m4 -mthumb -mfloat-abi=hard -mfpu=fpv4-sp-d16 -Og -fmessage-length=0 -fsigned-char -ffunction-sections -fdata-sections -ffreestanding -fno-move-loop-invariants -Wall -Wextra  -g3 -DDEBUG -DSTM32F446xx -DTRACE -DOS_USE_TRACE_SEMIHOSTING_DEBUG -I"../include" -I"E:\Workspace\EclipseWorkspace\demo\Freertos-1\FreeRTOSv9.0\Source\include" -I"../system/include" -I"../system/include/cmsis" -I"../system/include/stm32f4xx" -I"E:\Workspace\EclipseWorkspace\demo\Freertos-1\FreeRTOSv9.0\Source\portable\GCC\ARM_CM4F" -I"E:\Workspace\EclipseWorkspace\demo\FreeRTOS-HelloWorld\config" -std=gnu11 -MMD -MP -MF"system/src/newlib/assert.d" -MT"system/src/newlib/assert.o" -c -o "system/src/newlib/assert.o" "../system/src/newlib/assert.c"
Finished building: ../system/src/newlib/assert.c
 
Building file: ../system/src/diag/Trace.c
Invoking: GNU ARM Cross C Compiler
arm-none-eabi-gcc -mcpu=cortex-m4 -mthumb -mfloat-abi=hard -mfpu=fpv4-sp-d16 -Og -fmessage-length=0 -fsigned-char -ffunction-sections -fdata-sections -ffreestanding -fno-move-loop-invariants -Wall -Wextra  -g3 -DDEBUG -DSTM32F446xx -DTRACE -DOS_USE_TRACE_SEMIHOSTING_DEBUG -I"../include" -I"E:\Workspace\EclipseWorkspace\demo\Freertos-1\FreeRTOSv9.0\Source\include" -I"../system/include" -I"../system/include/cmsis" -I"../system/include/stm32f4xx" -I"E:\Workspace\EclipseWorkspace\demo\Freertos-1\FreeRTOSv9.0\Source\portable\GCC\ARM_CM4F" -I"E:\Workspace\EclipseWorkspace\demo\FreeRTOS-HelloWorld\config" -std=gnu11 -MMD -MP -MF"system/src/diag/Trace.d" -MT"system/src/diag/Trace.o" -c -o "system/src/diag/Trace.o" "../system/src/diag/Trace.c"
Finished building: ../system/src/diag/Trace.c
 
Building file: ../system/src/diag/trace_impl.c
Invoking: GNU ARM Cross C Compiler
arm-none-eabi-gcc -mcpu=cortex-m4 -mthumb -mfloat-abi=hard -mfpu=fpv4-sp-d16 -Og -fmessage-length=0 -fsigned-char -ffunction-sections -fdata-sections -ffreestanding -fno-move-loop-invariants -Wall -Wextra  -g3 -DDEBUG -DSTM32F446xx -DTRACE -DOS_USE_TRACE_SEMIHOSTING_DEBUG -I"../include" -I"E:\Workspace\EclipseWorkspace\demo\Freertos-1\FreeRTOSv9.0\Source\include" -I"../system/include" -I"../system/include/cmsis" -I"../system/include/stm32f4xx" -I"E:\Workspace\EclipseWorkspace\demo\Freertos-1\FreeRTOSv9.0\Source\portable\GCC\ARM_CM4F" -I"E:\Workspace\EclipseWorkspace\demo\FreeRTOS-HelloWorld\config" -std=gnu11 -MMD -MP -MF"system/src/diag/trace_impl.d" -MT"system/src/diag/trace_impl.o" -c -o "system/src/diag/trace_impl.o" "../system/src/diag/trace_impl.c"
Finished building: ../system/src/diag/trace_impl.c
 
Building file: ../system/src/cortexm/_initialize_hardware.c
Invoking: GNU ARM Cross C Compiler
arm-none-eabi-gcc -mcpu=cortex-m4 -mthumb -mfloat-abi=hard -mfpu=fpv4-sp-d16 -Og -fmessage-length=0 -fsigned-char -ffunction-sections -fdata-sections -ffreestanding -fno-move-loop-invariants -Wall -Wextra  -g3 -DDEBUG -DSTM32F446xx -DTRACE -DOS_USE_TRACE_SEMIHOSTING_DEBUG -I"../include" -I"E:\Workspace\EclipseWorkspace\demo\Freertos-1\FreeRTOSv9.0\Source\include" -I"../system/include" -I"../system/include/cmsis" -I"../system/include/stm32f4xx" -I"E:\Workspace\EclipseWorkspace\demo\Freertos-1\FreeRTOSv9.0\Source\portable\GCC\ARM_CM4F" -I"E:\Workspace\EclipseWorkspace\demo\FreeRTOS-HelloWorld\config" -std=gnu11 -MMD -MP -MF"system/src/cortexm/_initialize_hardware.d" -MT"system/src/cortexm/_initialize_hardware.o" -c -o "system/src/cortexm/_initialize_hardware.o" "../system/src/cortexm/_initialize_hardware.c"
Finished building: ../system/src/cortexm/_initialize_hardware.c
 
Building file: ../system/src/cortexm/_reset_hardware.c
Invoking: GNU ARM Cross C Compiler
arm-none-eabi-gcc -mcpu=cortex-m4 -mthumb -mfloat-abi=hard -mfpu=fpv4-sp-d16 -Og -fmessage-length=0 -fsigned-char -ffunction-sections -fdata-sections -ffreestanding -fno-move-loop-invariants -Wall -Wextra  -g3 -DDEBUG -DSTM32F446xx -DTRACE -DOS_USE_TRACE_SEMIHOSTING_DEBUG -I"../include" -I"E:\Workspace\EclipseWorkspace\demo\Freertos-1\FreeRTOSv9.0\Source\include" -I"../system/include" -I"../system/include/cmsis" -I"../system/include/stm32f4xx" -I"E:\Workspace\EclipseWorkspace\demo\Freertos-1\FreeRTOSv9.0\Source\portable\GCC\ARM_CM4F" -I"E:\Workspace\EclipseWorkspace\demo\FreeRTOS-HelloWorld\config" -std=gnu11 -MMD -MP -MF"system/src/cortexm/_reset_hardware.d" -MT"system/src/cortexm/_reset_hardware.o" -c -o "system/src/cortexm/_reset_hardware.o" "../system/src/cortexm/_reset_hardware.c"
Finished building: ../system/src/cortexm/_reset_hardware.c
 
Building file: ../system/src/cortexm/exception_handlers.c
Invoking: GNU ARM Cross C Compiler
arm-none-eabi-gcc -mcpu=cortex-m4 -mthumb -mfloat-abi=hard -mfpu=fpv4-sp-d16 -Og -fmessage-length=0 -fsigned-char -ffunction-sections -fdata-sections -ffreestanding -fno-move-loop-invariants -Wall -Wextra  -g3 -DDEBUG -DSTM32F446xx -DTRACE -DOS_USE_TRACE_SEMIHOSTING_DEBUG -I"../include" -I"E:\Workspace\EclipseWorkspace\demo\Freertos-1\FreeRTOSv9.0\Source\include" -I"../system/include" -I"../system/include/cmsis" -I"../system/include/stm32f4xx" -I"E:\Workspace\EclipseWorkspace\demo\Freertos-1\FreeRTOSv9.0\Source\portable\GCC\ARM_CM4F" -I"E:\Workspace\EclipseWorkspace\demo\FreeRTOS-HelloWorld\config" -std=gnu11 -MMD -MP -MF"system/src/cortexm/exception_handlers.d" -MT"system/src/cortexm/exception_handlers.o" -c -o "system/src/cortexm/exception_handlers.o" "../system/src/cortexm/exception_handlers.c"
Finished building: ../system/src/cortexm/exception_handlers.c
 
Building file: ../system/src/cmsis/system_stm32f4xx.c
Invoking: GNU ARM Cross C Compiler
arm-none-eabi-gcc -mcpu=cortex-m4 -mthumb -mfloat-abi=hard -mfpu=fpv4-sp-d16 -Og -fmessage-length=0 -fsigned-char -ffunction-sections -fdata-sections -ffreestanding -fno-move-loop-invariants -Wall -Wextra  -g3 -DDEBUG -DSTM32F446xx -DTRACE -DOS_USE_TRACE_SEMIHOSTING_DEBUG -I"../include" -I"E:\Workspace\EclipseWorkspace\demo\Freertos-1\FreeRTOSv9.0\Source\include" -I"../system/include" -I"../system/include/cmsis" -I"../system/include/stm32f4xx" -I"E:\Workspace\EclipseWorkspace\demo\Freertos-1\FreeRTOSv9.0\Source\portable\GCC\ARM_CM4F" -I"E:\Workspace\EclipseWorkspace\demo\FreeRTOS-HelloWorld\config" -std=gnu11 -MMD -MP -MF"system/src/cmsis/system_stm32f4xx.d" -MT"system/src/cmsis/system_stm32f4xx.o" -c -o "system/src/cmsis/system_stm32f4xx.o" "../system/src/cmsis/system_stm32f4xx.c"
Finished building: ../system/src/cmsis/system_stm32f4xx.c
 
Building file: ../system/src/cmsis/vectors_stm32f4xx.c
Invoking: GNU ARM Cross C Compiler
arm-none-eabi-gcc -mcpu=cortex-m4 -mthumb -mfloat-abi=hard -mfpu=fpv4-sp-d16 -Og -fmessage-length=0 -fsigned-char -ffunction-sections -fdata-sections -ffreestanding -fno-move-loop-invariants -Wall -Wextra  -g3 -DDEBUG -DSTM32F446xx -DTRACE -DOS_USE_TRACE_SEMIHOSTING_DEBUG -I"../include" -I"E:\Workspace\EclipseWorkspace\demo\Freertos-1\FreeRTOSv9.0\Source\include" -I"../system/include" -I"../system/include/cmsis" -I"../system/include/stm32f4xx" -I"E:\Workspace\EclipseWorkspace\demo\Freertos-1\FreeRTOSv9.0\Source\portable\GCC\ARM_CM4F" -I"E:\Workspace\EclipseWorkspace\demo\FreeRTOS-HelloWorld\config" -std=gnu11 -MMD -MP -MF"system/src/cmsis/vectors_stm32f4xx.d" -MT"system/src/cmsis/vectors_stm32f4xx.o" -c -o "system/src/cmsis/vectors_stm32f4xx.o" "../system/src/cmsis/vectors_stm32f4xx.c"
Finished building: ../system/src/cmsis/vectors_stm32f4xx.c
 
Building file: ../src/Timer.c
Invoking: GNU ARM Cross C Compiler
arm-none-eabi-gcc -mcpu=cortex-m4 -mthumb -mfloat-abi=hard -mfpu=fpv4-sp-d16 -Og -fmessage-length=0 -fsigned-char -ffunction-sections -fdata-sections -ffreestanding -fno-move-loop-invariants -Wall -Wextra  -g3 -DDEBUG -DSTM32F446xx -DTRACE -DOS_USE_TRACE_SEMIHOSTING_DEBUG -I"../include" -I"E:\Workspace\EclipseWorkspace\demo\Freertos-1\FreeRTOSv9.0\Source\include" -I"../system/include" -I"../system/include/cmsis" -I"../system/include/stm32f4xx" -I"E:\Workspace\EclipseWorkspace\demo\Freertos-1\FreeRTOSv9.0\Source\portable\GCC\ARM_CM4F" -I"E:\Workspace\EclipseWorkspace\demo\FreeRTOS-HelloWorld\config" -std=gnu11 -MMD -MP -MF"src/Timer.d" -MT"src/Timer.o" -c -o "src/Timer.o" "../src/Timer.c"
Finished building: ../src/Timer.c
 
Building file: ../src/_write.c
Invoking: GNU ARM Cross C Compiler
arm-none-eabi-gcc -mcpu=cortex-m4 -mthumb -mfloat-abi=hard -mfpu=fpv4-sp-d16 -Og -fmessage-length=0 -fsigned-char -ffunction-sections -fdata-sections -ffreestanding -fno-move-loop-invariants -Wall -Wextra  -g3 -DDEBUG -DSTM32F446xx -DTRACE -DOS_USE_TRACE_SEMIHOSTING_DEBUG -I"../include" -I"E:\Workspace\EclipseWorkspace\demo\Freertos-1\FreeRTOSv9.0\Source\include" -I"../system/include" -I"../system/include/cmsis" -I"../system/include/stm32f4xx" -I"E:\Workspace\EclipseWorkspace\demo\Freertos-1\FreeRTOSv9.0\Source\portable\GCC\ARM_CM4F" -I"E:\Workspace\EclipseWorkspace\demo\FreeRTOS-HelloWorld\config" -std=gnu11 -MMD -MP -MF"src/_write.d" -MT"src/_write.o" -c -o "src/_write.o" "../src/_write.c"
Finished building: ../src/_write.c
 
Building file: ../src/main.c
Invoking: GNU ARM Cross C Compiler
arm-none-eabi-gcc -mcpu=cortex-m4 -mthumb -mfloat-abi=hard -mfpu=fpv4-sp-d16 -Og -fmessage-length=0 -fsigned-char -ffunction-sections -fdata-sections -ffreestanding -fno-move-loop-invariants -Wall -Wextra  -g3 -DDEBUG -DSTM32F446xx -DTRACE -DOS_USE_TRACE_SEMIHOSTING_DEBUG -I"../include" -I"E:\Workspace\EclipseWorkspace\demo\Freertos-1\FreeRTOSv9.0\Source\include" -I"../system/include" -I"../system/include/cmsis" -I"../system/include/stm32f4xx" -I"E:\Workspace\EclipseWorkspace\demo\Freertos-1\FreeRTOSv9.0\Source\portable\GCC\ARM_CM4F" -I"E:\Workspace\EclipseWorkspace\demo\FreeRTOS-HelloWorld\config" -std=gnu11 -MMD -MP -MF"src/main.d" -MT"src/main.o" -c -o "src/main.o" "../src/main.c"
Finished building: ../src/main.c
 
Building file: ../FreeRTOSv9.0/Source/portable/MemMang/heap_4.c
Invoking: GNU ARM Cross C Compiler
arm-none-eabi-gcc -mcpu=cortex-m4 -mthumb -mfloat-abi=hard -mfpu=fpv4-sp-d16 -Og -fmessage-length=0 -fsigned-char -ffunction-sections -fdata-sections -ffreestanding -fno-move-loop-invariants -Wall -Wextra  -g3 -DDEBUG -DSTM32F446xx -DTRACE -DOS_USE_TRACE_SEMIHOSTING_DEBUG -I"../include" -I"E:\Workspace\EclipseWorkspace\demo\Freertos-1\FreeRTOSv9.0\Source\include" -I"../system/include" -I"../system/include/cmsis" -I"../system/include/stm32f4xx" -I"E:\Workspace\EclipseWorkspace\demo\Freertos-1\FreeRTOSv9.0\Source\portable\GCC\ARM_CM4F" -I"E:\Workspace\EclipseWorkspace\demo\FreeRTOS-HelloWorld\config" -std=gnu11 -MMD -MP -MF"FreeRTOSv9.0/Source/portable/MemMang/heap_4.d" -MT"FreeRTOSv9.0/Source/portable/MemMang/heap_4.o" -c -o "FreeRTOSv9.0/Source/portable/MemMang/heap_4.o" "../FreeRTOSv9.0/Source/portable/MemMang/heap_4.c"
Finished building: ../FreeRTOSv9.0/Source/portable/MemMang/heap_4.c
 
Building file: ../FreeRTOSv9.0/Source/portable/GCC/ARM_CM4F/port.c
Invoking: GNU ARM Cross C Compiler
arm-none-eabi-gcc -mcpu=cortex-m4 -mthumb -mfloat-abi=hard -mfpu=fpv4-sp-d16 -Og -fmessage-length=0 -fsigned-char -ffunction-sections -fdata-sections -ffreestanding -fno-move-loop-invariants -Wall -Wextra  -g3 -DDEBUG -DSTM32F446xx -DTRACE -DOS_USE_TRACE_SEMIHOSTING_DEBUG -I"../include" -I"E:\Workspace\EclipseWorkspace\demo\Freertos-1\FreeRTOSv9.0\Source\include" -I"../system/include" -I"../system/include/cmsis" -I"../system/include/stm32f4xx" -I"E:\Workspace\EclipseWorkspace\demo\Freertos-1\FreeRTOSv9.0\Source\portable\GCC\ARM_CM4F" -I"E:\Workspace\EclipseWorkspace\demo\FreeRTOS-HelloWorld\config" -std=gnu11 -MMD -MP -MF"FreeRTOSv9.0/Source/portable/GCC/ARM_CM4F/port.d" -MT"FreeRTOSv9.0/Source/portable/GCC/ARM_CM4F/port.o" -c -o "FreeRTOSv9.0/Source/portable/GCC/ARM_CM4F/port.o" "../FreeRTOSv9.0/Source/portable/GCC/ARM_CM4F/port.c"
Finished building: ../FreeRTOSv9.0/Source/portable/GCC/ARM_CM4F/port.c
 
Building file: ../FreeRTOSv9.0/Source/croutine.c
Invoking: GNU ARM Cross C Compiler
arm-none-eabi-gcc -mcpu=cortex-m4 -mthumb -mfloat-abi=hard -mfpu=fpv4-sp-d16 -Og -fmessage-length=0 -fsigned-char -ffunction-sections -fdata-sections -ffreestanding -fno-move-loop-invariants -Wall -Wextra  -g3 -DDEBUG -DSTM32F446xx -DTRACE -DOS_USE_TRACE_SEMIHOSTING_DEBUG -I"../include" -I"E:\Workspace\EclipseWorkspace\demo\Freertos-1\FreeRTOSv9.0\Source\include" -I"../system/include" -I"../system/include/cmsis" -I"../system/include/stm32f4xx" -I"E:\Workspace\EclipseWorkspace\demo\Freertos-1\FreeRTOSv9.0\Source\portable\GCC\ARM_CM4F" -I"E:\Workspace\EclipseWorkspace\demo\FreeRTOS-HelloWorld\config" -std=gnu11 -MMD -MP -MF"FreeRTOSv9.0/Source/croutine.d" -MT"FreeRTOSv9.0/Source/croutine.o" -c -o "FreeRTOSv9.0/Source/croutine.o" "../FreeRTOSv9.0/Source/croutine.c"
Finished building: ../FreeRTOSv9.0/Source/croutine.c
 
Building file: ../FreeRTOSv9.0/Source/event_groups.c
Invoking: GNU ARM Cross C Compiler
arm-none-eabi-gcc -mcpu=cortex-m4 -mthumb -mfloat-abi=hard -mfpu=fpv4-sp-d16 -Og -fmessage-length=0 -fsigned-char -ffunction-sections -fdata-sections -ffreestanding -fno-move-loop-invariants -Wall -Wextra  -g3 -DDEBUG -DSTM32F446xx -DTRACE -DOS_USE_TRACE_SEMIHOSTING_DEBUG -I"../include" -I"E:\Workspace\EclipseWorkspace\demo\Freertos-1\FreeRTOSv9.0\Source\include" -I"../system/include" -I"../system/include/cmsis" -I"../system/include/stm32f4xx" -I"E:\Workspace\EclipseWorkspace\demo\Freertos-1\FreeRTOSv9.0\Source\portable\GCC\ARM_CM4F" -I"E:\Workspace\EclipseWorkspace\demo\FreeRTOS-HelloWorld\config" -std=gnu11 -MMD -MP -MF"FreeRTOSv9.0/Source/event_groups.d" -MT"FreeRTOSv9.0/Source/event_groups.o" -c -o "FreeRTOSv9.0/Source/event_groups.o" "../FreeRTOSv9.0/Source/event_groups.c"
Finished building: ../FreeRTOSv9.0/Source/event_groups.c
 
Building file: ../FreeRTOSv9.0/Source/list.c
Invoking: GNU ARM Cross C Compiler
arm-none-eabi-gcc -mcpu=cortex-m4 -mthumb -mfloat-abi=hard -mfpu=fpv4-sp-d16 -Og -fmessage-length=0 -fsigned-char -ffunction-sections -fdata-sections -ffreestanding -fno-move-loop-invariants -Wall -Wextra  -g3 -DDEBUG -DSTM32F446xx -DTRACE -DOS_USE_TRACE_SEMIHOSTING_DEBUG -I"../include" -I"E:\Workspace\EclipseWorkspace\demo\Freertos-1\FreeRTOSv9.0\Source\include" -I"../system/include" -I"../system/include/cmsis" -I"../system/include/stm32f4xx" -I"E:\Workspace\EclipseWorkspace\demo\Freertos-1\FreeRTOSv9.0\Source\portable\GCC\ARM_CM4F" -I"E:\Workspace\EclipseWorkspace\demo\FreeRTOS-HelloWorld\config" -std=gnu11 -MMD -MP -MF"FreeRTOSv9.0/Source/list.d" -MT"FreeRTOSv9.0/Source/list.o" -c -o "FreeRTOSv9.0/Source/list.o" "../FreeRTOSv9.0/Source/list.c"
Finished building: ../FreeRTOSv9.0/Source/list.c
 
Building file: ../FreeRTOSv9.0/Source/queue.c
Invoking: GNU ARM Cross C Compiler
arm-none-eabi-gcc -mcpu=cortex-m4 -mthumb -mfloat-abi=hard -mfpu=fpv4-sp-d16 -Og -fmessage-length=0 -fsigned-char -ffunction-sections -fdata-sections -ffreestanding -fno-move-loop-invariants -Wall -Wextra  -g3 -DDEBUG -DSTM32F446xx -DTRACE -DOS_USE_TRACE_SEMIHOSTING_DEBUG -I"../include" -I"E:\Workspace\EclipseWorkspace\demo\Freertos-1\FreeRTOSv9.0\Source\include" -I"../system/include" -I"../system/include/cmsis" -I"../system/include/stm32f4xx" -I"E:\Workspace\EclipseWorkspace\demo\Freertos-1\FreeRTOSv9.0\Source\portable\GCC\ARM_CM4F" -I"E:\Workspace\EclipseWorkspace\demo\FreeRTOS-HelloWorld\config" -std=gnu11 -MMD -MP -MF"FreeRTOSv9.0/Source/queue.d" -MT"FreeRTOSv9.0/Source/queue.o" -c -o "FreeRTOSv9.0/Source/queue.o" "../FreeRTOSv9.0/Source/queue.c"
Finished building: ../FreeRTOSv9.0/Source/queue.c
 
Building file: ../FreeRTOSv9.0/Source/tasks.c
Invoking: GNU ARM Cross C Compiler
arm-none-eabi-gcc -mcpu=cortex-m4 -mthumb -mfloat-abi=hard -mfpu=fpv4-sp-d16 -Og -fmessage-length=0 -fsigned-char -ffunction-sections -fdata-sections -ffreestanding -fno-move-loop-invariants -Wall -Wextra  -g3 -DDEBUG -DSTM32F446xx -DTRACE -DOS_USE_TRACE_SEMIHOSTING_DEBUG -I"../include" -I"E:\Workspace\EclipseWorkspace\demo\Freertos-1\FreeRTOSv9.0\Source\include" -I"../system/include" -I"../system/include/cmsis" -I"../system/include/stm32f4xx" -I"E:\Workspace\EclipseWorkspace\demo\Freertos-1\FreeRTOSv9.0\Source\portable\GCC\ARM_CM4F" -I"E:\Workspace\EclipseWorkspace\demo\FreeRTOS-HelloWorld\config" -std=gnu11 -MMD -MP -MF"FreeRTOSv9.0/Source/tasks.d" -MT"FreeRTOSv9.0/Source/tasks.o" -c -o "FreeRTOSv9.0/Source/tasks.o" "../FreeRTOSv9.0/Source/tasks.c"
Finished building: ../FreeRTOSv9.0/Source/tasks.c
 
Building file: ../FreeRTOSv9.0/Source/timers.c
Invoking: GNU ARM Cross C Compiler
arm-none-eabi-gcc -mcpu=cortex-m4 -mthumb -mfloat-abi=hard -mfpu=fpv4-sp-d16 -Og -fmessage-length=0 -fsigned-char -ffunction-sections -fdata-sections -ffreestanding -fno-move-loop-invariants -Wall -Wextra  -g3 -DDEBUG -DSTM32F446xx -DTRACE -DOS_USE_TRACE_SEMIHOSTING_DEBUG -I"../include" -I"E:\Workspace\EclipseWorkspace\demo\Freertos-1\FreeRTOSv9.0\Source\include" -I"../system/include" -I"../system/include/cmsis" -I"../system/include/stm32f4xx" -I"E:\Workspace\EclipseWorkspace\demo\Freertos-1\FreeRTOSv9.0\Source\portable\GCC\ARM_CM4F" -I"E:\Workspace\EclipseWorkspace\demo\FreeRTOS-HelloWorld\config" -std=gnu11 -MMD -MP -MF"FreeRTOSv9.0/Source/timers.d" -MT"FreeRTOSv9.0/Source/timers.o" -c -o "FreeRTOSv9.0/Source/timers.o" "../FreeRTOSv9.0/Source/timers.c"
Finished building: ../FreeRTOSv9.0/Source/timers.c
 
Building target: Freertos-1.elf
Invoking: GNU ARM Cross C++ Linker
arm-none-eabi-g++ -mcpu=cortex-m4 -mthumb -mfloat-abi=hard -mfpu=fpv4-sp-d16 -Og -fmessage-length=0 -fsigned-char -ffunction-sections -fdata-sections -ffreestanding -fno-move-loop-invariants -Wall -Wextra  -g3 -T mem.ld -T libs.ld -T sections.ld -nostartfiles -Xlinker --gc-sections -L"../ldscripts" -Wl,-Map,"Freertos-1.map" --specs=nano.specs -o "Freertos-1.elf"  ./system/src/newlib/_cxx.o ./system/src/newlib/_exit.o ./system/src/newlib/_sbrk.o ./system/src/newlib/_startup.o ./system/src/newlib/_syscalls.o ./system/src/newlib/assert.o  ./system/src/diag/Trace.o ./system/src/diag/trace_impl.o  ./system/src/cortexm/_initialize_hardware.o ./system/src/cortexm/_reset_hardware.o ./system/src/cortexm/exception_handlers.o  ./system/src/cmsis/system_stm32f4xx.o ./system/src/cmsis/vectors_stm32f4xx.o  ./src/Timer.o ./src/_write.o ./src/main.o  ./FreeRTOSv9.0/Source/portable/MemMang/heap_4.o  ./FreeRTOSv9.0/Source/portable/GCC/ARM_CM4F/port.o  ./FreeRTOSv9.0/Source/croutine.o ./FreeRTOSv9.0/Source/event_groups.o ./FreeRTOSv9.0/Source/list.o ./FreeRTOSv9.0/Source/queue.o ./FreeRTOSv9.0/Source/tasks.o ./FreeRTOSv9.0/Source/timers.o   
Finished building target: Freertos-1.elf
 
Invoking: GNU ARM Cross Create Flash Image
arm-none-eabi-objcopy -O ihex "Freertos-1.elf"  "Freertos-1.hex"
Finished building: Freertos-1.hex
 
Invoking: GNU ARM Cross Print Size
arm-none-eabi-size --format=berkeley "Freertos-1.elf"
   text	   data	    bss	    dec	    hex	filename
   4271	    160	    416	   4847	   12ef	Freertos-1.elf
Finished building: Freertos-1.siz
 

13:03:08 Build Finished (took 10s.856ms)

